Kaggle preflight (physical GPU 1 exposed as cuda:0)...
/usr/local/lib/python3.12/dist-packages/torch/autograd/__init__.py:16: FutureWarning: `isinstance(treespec, LeafSpec)` is deprecated, use `isinstance(treespec, TreeSpec) and treespec.is_leaf()` instead.
  from torch import _vmap_internals
{
  "recipe": "/kaggle/working/benchmark-experiments/recipes/recursive_muon_structural_vq_int3_4096_s0.json",
  "fingerprint": "e8d7be69184fface68ea87dafdafb4663a4fc62ab66aec7c15aae81c94377bc2",
  "total_updates": 4096,
  "schedule_total_updates": 4096,
  "tokens_per_update": 8192,
  "data_root": "/kaggle/working/benchmark-data",
  "manifest": "/kaggle/input/datasets/siennadai/lowp-benchmark-slimpajama-4x-v1/manifest.json",
  "manifest_exists": true,
  "optimizer": "recursive_muon",
  "compute": "fp32",
  "to_device": "cuda:0",
  "resolved_device": "cuda:0",
  "recursive_codebook": "/kaggle/working/benchmark-experiments/reports/muon_vector_int3_robustness/calibration_codebooks.pt",
  "recursive_codebook_exists": true
}
/usr/local/lib/python3.12/dist-packages/torch/autograd/__init__.py:16: FutureWarning: `isinstance(treespec, LeafSpec)` is deprecated, use `isinstance(treespec, TreeSpec) and treespec.is_leaf()` instead.
  from torch import _vmap_internals
[run] recursive_vq_int3_4096_s0 | recursive_muon | cuda:0 | fp32 | 4096 updates | schedule horizon 4096 | 33554432 tokens
[train] 129/4096 | 1056768 tok | loss 6.6827 | lr 9.984e-04 | 1827.4 ms/update | 4483 tok/s
[train] 130/4096 | 1064960 tok | loss 6.4182 | lr 9.984e-04 | 1249.1 ms/update | 6558 tok/s
[train] 131/4096 | 1073152 tok | loss 6.5466 | lr 9.984e-04 | 1238.5 ms/update | 6614 tok/s
[train] 132/4096 | 1081344 tok | loss 6.7232 | lr 9.983e-04 | 1232.2 ms/update | 6648 tok/s
[train] 133/4096 | 1089536 tok | loss 6.5712 | lr 9.983e-04 | 1238.3 ms/update | 6615 tok/s
[train] 134/4096 | 1097728 tok | loss 6.3958 | lr 9.983e-04 | 1239.2 ms/update | 6611 tok/s
[train] 135/4096 | 1105920 tok | loss 6.3133 | lr 9.982e-04 | 1242.0 ms/update | 6596 tok/s
[train] 136/4096 | 1114112 tok | loss 6.4227 | lr 9.982e-04 | 1241.2 ms/update | 6600 tok/s
[train] 137/4096 | 1122304 tok | loss 6.5838 | lr 9.982e-04 | 1241.5 ms/update | 6598 tok/s
[train] 138/4096 | 1130496 tok | loss 6.3035 | lr 9.981e-04 | 1258.8 ms/update | 6508 tok/s
[train] 139/4096 | 1138688 tok | loss 6.8615 | lr 9.981e-04 | 1244.7 ms/update | 6582 tok/s
[train] 140/4096 | 1146880 tok | loss 6.5990 | lr 9.981e-04 | 1252.0 ms/update | 6543 tok/s
[train] 141/4096 | 1155072 tok | loss 6.1309 | lr 9.980e-04 | 1251.9 ms/update | 6544 tok/s
[train] 142/4096 | 1163264 tok | loss 6.3240 | lr 9.980e-04 | 1249.5 ms/update | 6556 tok/s
[train] 143/4096 | 1171456 tok | loss 6.5871 | lr 9.980e-04 | 1254.4 ms/update | 6530 tok/s
[train] 144/4096 | 1179648 tok | loss 6.4984 | lr 9.979e-04 | 1255.5 ms/update | 6525 tok/s
[train] 145/4096 | 1187840 tok | loss 6.6886 | lr 9.979e-04 | 1252.7 ms/update | 6540 tok/s
[train] 146/4096 | 1196032 tok | loss 6.7685 | lr 9.979e-04 | 1265.6 ms/update | 6473 tok/s
[train] 147/4096 | 1204224 tok | loss 6.7944 | lr 9.978e-04 | 1252.1 ms/update | 6543 tok/s
[train] 148/4096 | 1212416 tok | loss 6.7739 | lr 9.978e-04 | 1255.0 ms/update | 6527 tok/s
[train] 149/4096 | 1220608 tok | loss 6.7135 | lr 9.978e-04 | 1256.0 ms/update | 6522 tok/s
[train] 150/4096 | 1228800 tok | loss 6.2400 | lr 9.977e-04 | 1257.8 ms/update | 6513 tok/s
[train] 151/4096 | 1236992 tok | loss 6.5563 | lr 9.977e-04 | 1259.6 ms/update | 6504 tok/s
[train] 152/4096 | 1245184 tok | loss 6.6281 | lr 9.977e-04 | 1262.9 ms/update | 6487 tok/s
[train] 153/4096 | 1253376 tok | loss 6.6837 | lr 9.976e-04 | 1262.4 ms/update | 6489 tok/s
[train] 154/4096 | 1261568 tok | loss 6.6241 | lr 9.976e-04 | 1257.9 ms/update | 6512 tok/s
[train] 155/4096 | 1269760 tok | loss 6.7609 | lr 9.976e-04 | 1262.4 ms/update | 6489 tok/s
[train] 156/4096 | 1277952 tok | loss 6.9969 | lr 9.975e-04 | 1267.8 ms/update | 6462 tok/s
[train] 157/4096 | 1286144 tok | loss 6.4134 | lr 9.975e-04 | 1274.1 ms/update | 6430 tok/s
[train] 158/4096 | 1294336 tok | loss 6.5740 | lr 9.975e-04 | 1272.7 ms/update | 6437 tok/s
[train] 159/4096 | 1302528 tok | loss 6.4635 | lr 9.974e-04 | 1270.9 ms/update | 6446 tok/s
[train] 160/4096 | 1310720 tok | loss 6.2023 | lr 9.974e-04 | 1273.5 ms/update | 6433 tok/s
[train] 161/4096 | 1318912 tok | loss 6.2887 | lr 9.973e-04 | 1274.5 ms/update | 6427 tok/s
[train] 162/4096 | 1327104 tok | loss 6.4016 | lr 9.973e-04 | 1277.1 ms/update | 6415 tok/s
[train] 163/4096 | 1335296 tok | loss 6.4219 | lr 9.973e-04 | 1277.5 ms/update | 6413 tok/s
[train] 164/4096 | 1343488 tok | loss 6.5991 | lr 9.972e-04 | 1279.3 ms/update | 6403 tok/s
[train] 165/4096 | 1351680 tok | loss 6.5620 | lr 9.972e-04 | 1274.7 ms/update | 6427 tok/s
[train] 166/4096 | 1359872 tok | loss 6.2740 | lr 9.972e-04 | 1281.0 ms/update | 6395 tok/s
[train] 167/4096 | 1368064 tok | loss 6.4496 | lr 9.971e-04 | 1288.0 ms/update | 6360 tok/s
[train] 168/4096 | 1376256 tok | loss 6.6193 | lr 9.971e-04 | 1291.5 ms/update | 6343 tok/s
[train] 169/4096 | 1384448 tok | loss 6.5266 | lr 9.970e-04 | 1303.4 ms/update | 6285 tok/s
[train] 170/4096 | 1392640 tok | loss 6.2113 | lr 9.970e-04 | 1288.8 ms/update | 6356 tok/s
[train] 171/4096 | 1400832 tok | loss 6.5111 | lr 9.970e-04 | 1293.3 ms/update | 6334 tok/s
[train] 172/4096 | 1409024 tok | loss 6.4999 | lr 9.969e-04 | 1290.6 ms/update | 6348 tok/s
[train] 173/4096 | 1417216 tok | loss 6.4055 | lr 9.969e-04 | 1300.6 ms/update | 6299 tok/s
[train] 174/4096 | 1425408 tok | loss 6.6438 | lr 9.968e-04 | 1291.8 ms/update | 6341 tok/s
[train] 175/4096 | 1433600 tok | loss 6.5914 | lr 9.968e-04 | 1300.7 ms/update | 6298 tok/s
[train] 176/4096 | 1441792 tok | loss 6.5284 | lr 9.968e-04 | 1304.9 ms/update | 6278 tok/s
[train] 177/4096 | 1449984 tok | loss 6.5490 | lr 9.967e-04 | 1313.7 ms/update | 6236 tok/s
[train] 178/4096 | 1458176 tok | loss 6.4145 | lr 9.967e-04 | 1305.9 ms/update | 6273 tok/s
[train] 179/4096 | 1466368 tok | loss 6.0412 | lr 9.966e-04 | 1306.7 ms/update | 6269 tok/s
[train] 180/4096 | 1474560 tok | loss 6.3929 | lr 9.966e-04 | 1303.2 ms/update | 6286 tok/s
[train] 181/4096 | 1482752 tok | loss 6.3340 | lr 9.965e-04 | 1319.4 ms/update | 6209 tok/s
[train] 182/4096 | 1490944 tok | loss 6.5074 | lr 9.965e-04 | 1308.0 ms/update | 6263 tok/s
[train] 183/4096 | 1499136 tok | loss 6.2789 | lr 9.965e-04 | 1305.3 ms/update | 6276 tok/s
[train] 184/4096 | 1507328 tok | loss 6.2720 | lr 9.964e-04 | 1320.0 ms/update | 6206 tok/s
[train] 185/4096 | 1515520 tok | loss 6.8273 | lr 9.964e-04 | 1324.5 ms/update | 6185 tok/s
[train] 186/4096 | 1523712 tok | loss 6.4825 | lr 9.963e-04 | 1315.8 ms/update | 6226 tok/s
[train] 187/4096 | 1531904 tok | loss 6.1924 | lr 9.963e-04 | 1319.9 ms/update | 6206 tok/s
[train] 188/4096 | 1540096 tok | loss 6.1781 | lr 9.962e-04 | 1327.6 ms/update | 6170 tok/s
[train] 189/4096 | 1548288 tok | loss 6.4419 | lr 9.962e-04 | 1321.3 ms/update | 6200 tok/s
[train] 190/4096 | 1556480 tok | loss 6.2563 | lr 9.961e-04 | 1323.5 ms/update | 6190 tok/s
[train] 191/4096 | 1564672 tok | loss 6.5141 | lr 9.961e-04 | 1329.4 ms/update | 6162 tok/s
[train] 192/4096 | 1572864 tok | loss 6.4762 | lr 9.961e-04 | 1322.8 ms/update | 6193 tok/s
[train] 193/4096 | 1581056 tok | loss 6.2750 | lr 9.960e-04 | 1322.9 ms/update | 6192 tok/s
[train] 194/4096 | 1589248 tok | loss 6.1894 | lr 9.960e-04 | 1313.4 ms/update | 6237 tok/s
[train] 195/4096 | 1597440 tok | loss 6.4420 | lr 9.959e-04 | 1311.9 ms/update | 6244 tok/s
[train] 196/4096 | 1605632 tok | loss 6.3423 | lr 9.959e-04 | 1313.3 ms/update | 6238 tok/s
[train] 197/4096 | 1613824 tok | loss 6.5214 | lr 9.958e-04 | 1312.4 ms/update | 6242 tok/s
[train] 198/4096 | 1622016 tok | loss 6.4623 | lr 9.958e-04 | 1308.6 ms/update | 6260 tok/s
[train] 199/4096 | 1630208 tok | loss 6.1069 | lr 9.957e-04 | 1303.0 ms/update | 6287 tok/s
[train] 200/4096 | 1638400 tok | loss 6.3729 | lr 9.957e-04 | 1318.8 ms/update | 6212 tok/s
[train] 201/4096 | 1646592 tok | loss 6.6353 | lr 9.956e-04 | 1310.4 ms/update | 6251 tok/s
[train] 202/4096 | 1654784 tok | loss 6.5330 | lr 9.956e-04 | 1310.6 ms/update | 6251 tok/s
[train] 203/4096 | 1662976 tok | loss 6.5826 | lr 9.955e-04 | 1303.9 ms/update | 6283 tok/s
[train] 204/4096 | 1671168 tok | loss 6.4047 | lr 9.955e-04 | 1301.5 ms/update | 6294 tok/s
[train] 205/4096 | 1679360 tok | loss 5.9427 | lr 9.954e-04 | 1303.2 ms/update | 6286 tok/s
[train] 206/4096 | 1687552 tok | loss 6.2210 | lr 9.954e-04 | 1303.3 ms/update | 6286 tok/s
[train] 207/4096 | 1695744 tok | loss 6.4286 | lr 9.953e-04 | 1295.9 ms/update | 6322 tok/s
[train] 208/4096 | 1703936 tok | loss 6.2996 | lr 9.953e-04 | 1299.2 ms/update | 6306 tok/s
[train] 209/4096 | 1712128 tok | loss 6.6063 | lr 9.952e-04 | 1297.7 ms/update | 6313 tok/s
[train] 210/4096 | 1720320 tok | loss 6.5528 | lr 9.952e-04 | 1296.9 ms/update | 6316 tok/s
[train] 211/4096 | 1728512 tok | loss 6.3538 | lr 9.951e-04 | 1289.3 ms/update | 6354 tok/s
[train] 212/4096 | 1736704 tok | loss 6.2567 | lr 9.951e-04 | 1295.4 ms/update | 6324 tok/s
[train] 213/4096 | 1744896 tok | loss 6.5216 | lr 9.950e-04 | 1288.4 ms/update | 6358 tok/s
[train] 214/4096 | 1753088 tok | loss 6.1886 | lr 9.950e-04 | 1296.4 ms/update | 6319 tok/s
[train] 215/4096 | 1761280 tok | loss 6.4308 | lr 9.949e-04 | 1303.0 ms/update | 6287 tok/s
[train] 216/4096 | 1769472 tok | loss 6.4705 | lr 9.949e-04 | 1301.3 ms/update | 6295 tok/s
[train] 217/4096 | 1777664 tok | loss 6.2037 | lr 9.948e-04 | 1292.8 ms/update | 6337 tok/s
[train] 218/4096 | 1785856 tok | loss 6.6030 | lr 9.948e-04 | 1292.6 ms/update | 6338 tok/s
[train] 219/4096 | 1794048 tok | loss 6.3110 | lr 9.947e-04 | 1293.9 ms/update | 6331 tok/s
[train] 220/4096 | 1802240 tok | loss 6.3298 | lr 9.947e-04 | 1292.3 ms/update | 6339 tok/s
[train] 221/4096 | 1810432 tok | loss 6.2174 | lr 9.946e-04 | 1292.9 ms/update | 6336 tok/s
[train] 222/4096 | 1818624 tok | loss 6.2209 | lr 9.946e-04 | 1294.7 ms/update | 6327 tok/s
[train] 223/4096 | 1826816 tok | loss 6.4418 | lr 9.945e-04 | 1297.9 ms/update | 6312 tok/s
[train] 224/4096 | 1835008 tok | loss 6.1185 | lr 9.944e-04 | 1289.8 ms/update | 6351 tok/s
[train] 225/4096 | 1843200 tok | loss 6.4857 | lr 9.944e-04 | 1289.4 ms/update | 6353 tok/s
[train] 226/4096 | 1851392 tok | loss 6.4445 | lr 9.943e-04 | 1289.4 ms/update | 6353 tok/s
[train] 227/4096 | 1859584 tok | loss 6.3479 | lr 9.943e-04 | 1291.0 ms/update | 6346 tok/s
[train] 228/4096 | 1867776 tok | loss 6.2131 | lr 9.942e-04 | 1298.2 ms/update | 6310 tok/s
[train] 229/4096 | 1875968 tok | loss 6.4605 | lr 9.942e-04 | 1290.8 ms/update | 6347 tok/s
[train] 230/4096 | 1884160 tok | loss 6.4418 | lr 9.941e-04 | 1296.7 ms/update | 6318 tok/s
[train] 231/4096 | 1892352 tok | loss 6.5535 | lr 9.941e-04 | 1301.3 ms/update | 6295 tok/s
[train] 232/4096 | 1900544 tok | loss 6.1904 | lr 9.940e-04 | 1296.0 ms/update | 6321 tok/s
[train] 233/4096 | 1908736 tok | loss 6.2307 | lr 9.939e-04 | 1301.0 ms/update | 6297 tok/s
[train] 234/4096 | 1916928 tok | loss 6.4114 | lr 9.939e-04 | 1306.3 ms/update | 6271 tok/s
[train] 235/4096 | 1925120 tok | loss 6.2302 | lr 9.938e-04 | 1302.9 ms/update | 6288 tok/s
[train] 236/4096 | 1933312 tok | loss 5.9897 | lr 9.938e-04 | 1300.5 ms/update | 6299 tok/s
[train] 237/4096 | 1941504 tok | loss 6.1394 | lr 9.937e-04 | 1300.3 ms/update | 6300 tok/s
[train] 238/4096 | 1949696 tok | loss 6.1691 | lr 9.937e-04 | 1304.1 ms/update | 6282 tok/s
[train] 239/4096 | 1957888 tok | loss 6.2353 | lr 9.936e-04 | 1309.2 ms/update | 6257 tok/s
[train] 240/4096 | 1966080 tok | loss 5.8906 | lr 9.935e-04 | 1307.6 ms/update | 6265 tok/s
[train] 241/4096 | 1974272 tok | loss 6.2211 | lr 9.935e-04 | 1308.2 ms/update | 6262 tok/s
[train] 242/4096 | 1982464 tok | loss 6.3582 | lr 9.934e-04 | 1301.5 ms/update | 6294 tok/s
[train] 243/4096 | 1990656 tok | loss 6.2854 | lr 9.934e-04 | 1305.4 ms/update | 6275 tok/s
[train] 244/4096 | 1998848 tok | loss 6.1979 | lr 9.933e-04 | 1306.8 ms/update | 6269 tok/s
[train] 245/4096 | 2007040 tok | loss 6.3467 | lr 9.933e-04 | 1309.8 ms/update | 6255 tok/s
[train] 246/4096 | 2015232 tok | loss 6.3239 | lr 9.932e-04 | 1327.1 ms/update | 6173 tok/s
[train] 247/4096 | 2023424 tok | loss 6.1255 | lr 9.931e-04 | 1312.4 ms/update | 6242 tok/s
[train] 248/4096 | 2031616 tok | loss 6.1876 | lr 9.931e-04 | 1310.8 ms/update | 6250 tok/s
[train] 249/4096 | 2039808 tok | loss 6.0616 | lr 9.930e-04 | 1303.1 ms/update | 6286 tok/s
[train] 250/4096 | 2048000 tok | loss 6.1128 | lr 9.929e-04 | 1313.0 ms/update | 6239 tok/s
[train] 251/4096 | 2056192 tok | loss 6.0341 | lr 9.929e-04 | 1315.9 ms/update | 6225 tok/s
[train] 252/4096 | 2064384 tok | loss 6.3836 | lr 9.928e-04 | 1311.8 ms/update | 6245 tok/s
[train] 253/4096 | 2072576 tok | loss 6.2416 | lr 9.928e-04 | 1315.4 ms/update | 6228 tok/s
[train] 254/4096 | 2080768 tok | loss 6.2524 | lr 9.927e-04 | 1319.2 ms/update | 6210 tok/s
[train] 255/4096 | 2088960 tok | loss 6.4746 | lr 9.926e-04 | 1310.1 ms/update | 6253 tok/s
[train] 256/4096 | 2097152 tok | loss 5.8883 | lr 9.926e-04 | 1313.0 ms/update | 6239 tok/s
[eval] step 256 | val NLL 5.8306 | ppl 340.55 | 65536 tokens
[ckpt] latest.pt @ step 256
[train] 257/4096 | 2105344 tok | loss 6.0719 | lr 9.925e-04 | 1313.4 ms/update | 6237 tok/s
[train] 258/4096 | 2113536 tok | loss 6.3414 | lr 9.924e-04 | 1316.9 ms/update | 6221 tok/s
[train] 259/4096 | 2121728 tok | loss 6.1768 | lr 9.924e-04 | 1321.9 ms/update | 6197 tok/s
[train] 260/4096 | 2129920 tok | loss 6.4412 | lr 9.923e-04 | 1302.9 ms/update | 6287 tok/s
[train] 261/4096 | 2138112 tok | loss 6.2382 | lr 9.923e-04 | 1327.1 ms/update | 6173 tok/s
[train] 262/4096 | 2146304 tok | loss 6.3181 | lr 9.922e-04 | 1312.4 ms/update | 6242 tok/s
[train] 263/4096 | 2154496 tok | loss 6.3947 | lr 9.921e-04 | 1310.7 ms/update | 6250 tok/s
[train] 264/4096 | 2162688 tok | loss 5.9268 | lr 9.921e-04 | 1298.0 ms/update | 6311 tok/s
[train] 265/4096 | 2170880 tok | loss 6.3884 | lr 9.920e-04 | 1304.3 ms/update | 6281 tok/s
[train] 266/4096 | 2179072 tok | loss 6.0674 | lr 9.919e-04 | 1309.2 ms/update | 6257 tok/s
[train] 267/4096 | 2187264 tok | loss 6.3070 | lr 9.919e-04 | 1310.5 ms/update | 6251 tok/s
[train] 268/4096 | 2195456 tok | loss 5.8381 | lr 9.918e-04 | 1309.0 ms/update | 6258 tok/s
[train] 269/4096 | 2203648 tok | loss 6.0322 | lr 9.917e-04 | 1308.1 ms/update | 6262 tok/s
[train] 270/4096 | 2211840 tok | loss 6.2752 | lr 9.917e-04 | 1308.5 ms/update | 6261 tok/s
[train] 271/4096 | 2220032 tok | loss 6.2670 | lr 9.916e-04 | 1304.0 ms/update | 6282 tok/s
[train] 272/4096 | 2228224 tok | loss 6.0733 | lr 9.915e-04 | 1305.6 ms/update | 6274 tok/s
[train] 273/4096 | 2236416 tok | loss 6.2044 | lr 9.915e-04 | 1303.3 ms/update | 6285 tok/s
[train] 274/4096 | 2244608 tok | loss 6.4371 | lr 9.914e-04 | 1312.3 ms/update | 6242 tok/s
[train] 275/4096 | 2252800 tok | loss 6.2697 | lr 9.913e-04 | 1308.6 ms/update | 6260 tok/s
[train] 276/4096 | 2260992 tok | loss 6.1696 | lr 9.913e-04 | 1305.2 ms/update | 6276 tok/s
[train] 277/4096 | 2269184 tok | loss 6.2182 | lr 9.912e-04 | 1301.4 ms/update | 6295 tok/s
[train] 278/4096 | 2277376 tok | loss 5.8767 | lr 9.911e-04 | 1309.9 ms/update | 6254 tok/s
[train] 279/4096 | 2285568 tok | loss 6.0170 | lr 9.911e-04 | 1303.7 ms/update | 6284 tok/s
[train] 280/4096 | 2293760 tok | loss 6.3153 | lr 9.910e-04 | 1303.5 ms/update | 6285 tok/s
[train] 281/4096 | 2301952 tok | loss 6.1827 | lr 9.909e-04 | 1302.5 ms/update | 6290 tok/s
[train] 282/4096 | 2310144 tok | loss 6.2823 | lr 9.909e-04 | 1311.5 ms/update | 6246 tok/s
[train] 283/4096 | 2318336 tok | loss 6.3323 | lr 9.908e-04 | 1311.2 ms/update | 6248 tok/s
[train] 284/4096 | 2326528 tok | loss 6.0591 | lr 9.907e-04 | 1307.1 ms/update | 6268 tok/s
[train] 285/4096 | 2334720 tok | loss 6.3024 | lr 9.906e-04 | 1306.4 ms/update | 6271 tok/s
[train] 286/4096 | 2342912 tok | loss 6.3966 | lr 9.906e-04 | 1304.0 ms/update | 6282 tok/s
[train] 287/4096 | 2351104 tok | loss 5.9889 | lr 9.905e-04 | 1303.4 ms/update | 6285 tok/s
[train] 288/4096 | 2359296 tok | loss 6.0788 | lr 9.904e-04 | 1312.7 ms/update | 6240 tok/s
[train] 289/4096 | 2367488 tok | loss 6.1463 | lr 9.904e-04 | 1317.3 ms/update | 6219 tok/s
[train] 290/4096 | 2375680 tok | loss 6.0861 | lr 9.903e-04 | 1313.3 ms/update | 6238 tok/s
[train] 291/4096 | 2383872 tok | loss 6.3389 | lr 9.902e-04 | 1317.3 ms/update | 6219 tok/s
[train] 292/4096 | 2392064 tok | loss 6.4622 | lr 9.901e-04 | 1307.4 ms/update | 6266 tok/s
[train] 293/4096 | 2400256 tok | loss 6.0633 | lr 9.901e-04 | 1304.5 ms/update | 6280 tok/s
[train] 294/4096 | 2408448 tok | loss 6.3277 | lr 9.900e-04 | 1305.8 ms/update | 6273 tok/s
[train] 295/4096 | 2416640 tok | loss 6.2748 | lr 9.899e-04 | 1312.9 ms/update | 6239 tok/s
[train] 296/4096 | 2424832 tok | loss 6.0656 | lr 9.899e-04 | 1310.1 ms/update | 6253 tok/s
[train] 297/4096 | 2433024 tok | loss 6.1369 | lr 9.898e-04 | 1310.7 ms/update | 6250 tok/s
[train] 298/4096 | 2441216 tok | loss 5.9488 | lr 9.897e-04 | 1306.6 ms/update | 6270 tok/s
[train] 299/4096 | 2449408 tok | loss 5.9021 | lr 9.896e-04 | 1306.6 ms/update | 6270 tok/s
[train] 300/4096 | 2457600 tok | loss 6.3880 | lr 9.896e-04 | 1310.7 ms/update | 6250 tok/s
[train] 301/4096 | 2465792 tok | loss 6.1162 | lr 9.895e-04 | 1309.9 ms/update | 6254 tok/s
[train] 302/4096 | 2473984 tok | loss 6.4054 | lr 9.894e-04 | 1309.2 ms/update | 6257 tok/s
[train] 303/4096 | 2482176 tok | loss 6.1992 | lr 9.893e-04 | 1307.4 ms/update | 6266 tok/s
[train] 304/4096 | 2490368 tok | loss 6.2389 | lr 9.893e-04 | 1321.3 ms/update | 6200 tok/s
[train] 305/4096 | 2498560 tok | loss 6.5403 | lr 9.892e-04 | 1331.8 ms/update | 6151 tok/s
[train] 306/4096 | 2506752 tok | loss 6.3934 | lr 9.891e-04 | 1308.5 ms/update | 6261 tok/s
[train] 307/4096 | 2514944 tok | loss 6.1219 | lr 9.890e-04 | 1302.4 ms/update | 6290 tok/s
[train] 308/4096 | 2523136 tok | loss 6.2923 | lr 9.890e-04 | 1315.2 ms/update | 6229 tok/s
[train] 309/4096 | 2531328 tok | loss 6.2664 | lr 9.889e-04 | 1313.5 ms/update | 6237 tok/s
[train] 310/4096 | 2539520 tok | loss 6.3029 | lr 9.888e-04 | 1313.6 ms/update | 6236 tok/s
[train] 311/4096 | 2547712 tok | loss 6.0855 | lr 9.887e-04 | 1315.2 ms/update | 6229 tok/s
[train] 312/4096 | 2555904 tok | loss 6.1816 | lr 9.887e-04 | 1320.3 ms/update | 6205 tok/s
[train] 313/4096 | 2564096 tok | loss 6.0958 | lr 9.886e-04 | 1304.2 ms/update | 6281 tok/s
[train] 314/4096 | 2572288 tok | loss 6.0110 | lr 9.885e-04 | 1317.4 ms/update | 6218 tok/s
[train] 315/4096 | 2580480 tok | loss 6.0434 | lr 9.884e-04 | 1311.3 ms/update | 6247 tok/s
[train] 316/4096 | 2588672 tok | loss 6.3675 | lr 9.883e-04 | 1316.8 ms/update | 6221 tok/s
[train] 317/4096 | 2596864 tok | loss 6.0738 | lr 9.883e-04 | 1308.6 ms/update | 6260 tok/s
[train] 318/4096 | 2605056 tok | loss 6.3135 | lr 9.882e-04 | 1313.4 ms/update | 6237 tok/s
[train] 319/4096 | 2613248 tok | loss 6.0745 | lr 9.881e-04 | 1313.4 ms/update | 6237 tok/s
[train] 320/4096 | 2621440 tok | loss 5.8388 | lr 9.880e-04 | 1317.1 ms/update | 6219 tok/s
[train] 321/4096 | 2629632 tok | loss 6.1169 | lr 9.879e-04 | 1313.3 ms/update | 6238 tok/s
[train] 322/4096 | 2637824 tok | loss 6.0970 | lr 9.879e-04 | 1318.3 ms/update | 6214 tok/s
[train] 323/4096 | 2646016 tok | loss 6.1642 | lr 9.878e-04 | 1305.2 ms/update | 6276 tok/s
[train] 324/4096 | 2654208 tok | loss 5.7506 | lr 9.877e-04 | 1312.2 ms/update | 6243 tok/s
[train] 325/4096 | 2662400 tok | loss 6.0002 | lr 9.876e-04 | 1315.7 ms/update | 6226 tok/s
[train] 326/4096 | 2670592 tok | loss 6.0608 | lr 9.875e-04 | 1312.1 ms/update | 6244 tok/s
[train] 327/4096 | 2678784 tok | loss 6.2851 | lr 9.875e-04 | 1325.9 ms/update | 6178 tok/s
[train] 328/4096 | 2686976 tok | loss 6.0966 | lr 9.874e-04 | 1312.6 ms/update | 6241 tok/s
[train] 329/4096 | 2695168 tok | loss 6.2897 | lr 9.873e-04 | 1303.1 ms/update | 6286 tok/s
[train] 330/4096 | 2703360 tok | loss 6.2145 | lr 9.872e-04 | 1311.6 ms/update | 6246 tok/s
[train] 331/4096 | 2711552 tok | loss 6.2358 | lr 9.871e-04 | 1308.5 ms/update | 6260 tok/s
[train] 332/4096 | 2719744 tok | loss 6.1044 | lr 9.871e-04 | 1300.7 ms/update | 6298 tok/s
[train] 333/4096 | 2727936 tok | loss 6.1503 | lr 9.870e-04 | 1303.4 ms/update | 6285 tok/s
[train] 334/4096 | 2736128 tok | loss 5.5703 | lr 9.869e-04 | 1309.5 ms/update | 6256 tok/s
[train] 335/4096 | 2744320 tok | loss 6.3514 | lr 9.868e-04 | 1315.9 ms/update | 6226 tok/s
[train] 336/4096 | 2752512 tok | loss 6.0975 | lr 9.867e-04 | 1306.4 ms/update | 6270 tok/s
[train] 337/4096 | 2760704 tok | loss 6.1509 | lr 9.866e-04 | 1296.1 ms/update | 6321 tok/s
[train] 338/4096 | 2768896 tok | loss 6.0568 | lr 9.866e-04 | 1308.3 ms/update | 6262 tok/s
[train] 339/4096 | 2777088 tok | loss 6.2692 | lr 9.865e-04 | 1305.0 ms/update | 6278 tok/s
[train] 340/4096 | 2785280 tok | loss 6.2949 | lr 9.864e-04 | 1312.3 ms/update | 6243 tok/s
[train] 341/4096 | 2793472 tok | loss 6.0506 | lr 9.863e-04 | 1310.9 ms/update | 6249 tok/s
[train] 342/4096 | 2801664 tok | loss 6.0475 | lr 9.862e-04 | 1307.6 ms/update | 6265 tok/s
[train] 343/4096 | 2809856 tok | loss 6.3256 | lr 9.861e-04 | 1309.4 ms/update | 6256 tok/s
[train] 344/4096 | 2818048 tok | loss 5.9304 | lr 9.860e-04 | 1312.5 ms/update | 6242 tok/s
[train] 345/4096 | 2826240 tok | loss 6.0908 | lr 9.860e-04 | 1313.2 ms/update | 6238 tok/s
[train] 346/4096 | 2834432 tok | loss 6.2088 | lr 9.859e-04 | 1322.1 ms/update | 6196 tok/s
[train] 347/4096 | 2842624 tok | loss 5.9124 | lr 9.858e-04 | 1316.8 ms/update | 6221 tok/s
[train] 348/4096 | 2850816 tok | loss 6.2402 | lr 9.857e-04 | 1313.7 ms/update | 6236 tok/s
[train] 349/4096 | 2859008 tok | loss 6.2236 | lr 9.856e-04 | 1314.9 ms/update | 6230 tok/s
[train] 350/4096 | 2867200 tok | loss 6.0046 | lr 9.855e-04 | 1320.6 ms/update | 6203 tok/s
[train] 351/4096 | 2875392 tok | loss 5.7626 | lr 9.854e-04 | 1309.4 ms/update | 6256 tok/s
[train] 352/4096 | 2883584 tok | loss 6.0621 | lr 9.853e-04 | 1308.3 ms/update | 6262 tok/s
[train] 353/4096 | 2891776 tok | loss 6.2082 | lr 9.853e-04 | 1304.3 ms/update | 6281 tok/s
[train] 354/4096 | 2899968 tok | loss 6.0800 | lr 9.852e-04 | 1308.8 ms/update | 6259 tok/s
[train] 355/4096 | 2908160 tok | loss 5.8740 | lr 9.851e-04 | 1311.8 ms/update | 6245 tok/s
[train] 356/4096 | 2916352 tok | loss 6.0067 | lr 9.850e-04 | 1312.3 ms/update | 6243 tok/s
[train] 357/4096 | 2924544 tok | loss 5.7809 | lr 9.849e-04 | 1310.9 ms/update | 6249 tok/s
[train] 358/4096 | 2932736 tok | loss 6.1346 | lr 9.848e-04 | 1313.5 ms/update | 6237 tok/s
[train] 359/4096 | 2940928 tok | loss 5.9067 | lr 9.847e-04 | 1305.1 ms/update | 6277 tok/s
[train] 360/4096 | 2949120 tok | loss 6.2182 | lr 9.846e-04 | 1307.2 ms/update | 6267 tok/s
[train] 361/4096 | 2957312 tok | loss 5.8378 | lr 9.845e-04 | 1315.1 ms/update | 6229 tok/s
[train] 362/4096 | 2965504 tok | loss 5.9051 | lr 9.845e-04 | 1310.6 ms/update | 6250 tok/s
[train] 363/4096 | 2973696 tok | loss 6.3727 | lr 9.844e-04 | 1313.2 ms/update | 6238 tok/s
[train] 364/4096 | 2981888 tok | loss 6.1056 | lr 9.843e-04 | 1315.6 ms/update | 6227 tok/s
[train] 365/4096 | 2990080 tok | loss 6.1933 | lr 9.842e-04 | 1316.2 ms/update | 6224 tok/s
[train] 366/4096 | 2998272 tok | loss 5.9363 | lr 9.841e-04 | 1310.1 ms/update | 6253 tok/s
[train] 367/4096 | 3006464 tok | loss 5.6466 | lr 9.840e-04 | 1313.4 ms/update | 6237 tok/s
[train] 368/4096 | 3014656 tok | loss 5.8312 | lr 9.839e-04 | 1312.0 ms/update | 6244 tok/s
[train] 369/4096 | 3022848 tok | loss 5.8852 | lr 9.838e-04 | 1311.4 ms/update | 6247 tok/s
[train] 370/4096 | 3031040 tok | loss 5.9127 | lr 9.837e-04 | 1310.8 ms/update | 6250 tok/s
[train] 371/4096 | 3039232 tok | loss 5.9844 | lr 9.836e-04 | 1305.9 ms/update | 6273 tok/s
[train] 372/4096 | 3047424 tok | loss 6.2504 | lr 9.835e-04 | 1307.9 ms/update | 6263 tok/s
[train] 373/4096 | 3055616 tok | loss 6.1858 | lr 9.834e-04 | 1328.6 ms/update | 6166 tok/s
[train] 374/4096 | 3063808 tok | loss 6.1725 | lr 9.834e-04 | 1319.0 ms/update | 6211 tok/s
[train] 375/4096 | 3072000 tok | loss 6.1699 | lr 9.833e-04 | 1310.6 ms/update | 6251 tok/s
[train] 376/4096 | 3080192 tok | loss 6.0919 | lr 9.832e-04 | 1317.8 ms/update | 6216 tok/s
[train] 377/4096 | 3088384 tok | loss 5.9989 | lr 9.831e-04 | 1310.4 ms/update | 6251 tok/s
[train] 378/4096 | 3096576 tok | loss 6.2178 | lr 9.830e-04 | 1315.0 ms/update | 6229 tok/s
[train] 379/4096 | 3104768 tok | loss 5.7608 | lr 9.829e-04 | 1316.8 ms/update | 6221 tok/s
[train] 380/4096 | 3112960 tok | loss 6.0765 | lr 9.828e-04 | 1312.1 ms/update | 6244 tok/s
[train] 381/4096 | 3121152 tok | loss 6.0163 | lr 9.827e-04 | 1313.5 ms/update | 6237 tok/s
[train] 382/4096 | 3129344 tok | loss 6.0522 | lr 9.826e-04 | 1313.4 ms/update | 6237 tok/s
[train] 383/4096 | 3137536 tok | loss 6.2083 | lr 9.825e-04 | 1316.0 ms/update | 6225 tok/s
[train] 384/4096 | 3145728 tok | loss 5.9604 | lr 9.824e-04 | 1317.9 ms/update | 6216 tok/s
[eval] step 384 | val NLL 5.6863 | ppl 294.81 | 65536 tokens
[ckpt] latest.pt @ step 384
[train] 385/4096 | 3153920 tok | loss 5.8107 | lr 9.823e-04 | 1305.7 ms/update | 6274 tok/s
[train] 386/4096 | 3162112 tok | loss 6.0434 | lr 9.822e-04 | 1306.5 ms/update | 6270 tok/s
[train] 387/4096 | 3170304 tok | loss 5.9302 | lr 9.821e-04 | 1317.5 ms/update | 6218 tok/s
[train] 388/4096 | 3178496 tok | loss 5.9213 | lr 9.820e-04 | 1324.5 ms/update | 6185 tok/s
[train] 389/4096 | 3186688 tok | loss 6.1225 | lr 9.819e-04 | 1311.6 ms/update | 6246 tok/s
[train] 390/4096 | 3194880 tok | loss 5.7719 | lr 9.818e-04 | 1307.5 ms/update | 6265 tok/s
[train] 391/4096 | 3203072 tok | loss 5.9712 | lr 9.817e-04 | 1318.9 ms/update | 6211 tok/s
[train] 392/4096 | 3211264 tok | loss 6.1685 | lr 9.816e-04 | 1311.3 ms/update | 6247 tok/s
[train] 393/4096 | 3219456 tok | loss 6.0508 | lr 9.815e-04 | 1324.9 ms/update | 6183 tok/s
[train] 394/4096 | 3227648 tok | loss 6.1001 | lr 9.814e-04 | 1306.2 ms/update | 6272 tok/s
[train] 395/4096 | 3235840 tok | loss 6.2073 | lr 9.813e-04 | 1314.4 ms/update | 6233 tok/s
[train] 396/4096 | 3244032 tok | loss 6.2588 | lr 9.812e-04 | 1315.9 ms/update | 6225 tok/s
[train] 397/4096 | 3252224 tok | loss 5.7732 | lr 9.811e-04 | 1316.2 ms/update | 6224 tok/s
[train] 398/4096 | 3260416 tok | loss 5.9014 | lr 9.810e-04 | 1318.7 ms/update | 6212 tok/s
[train] 399/4096 | 3268608 tok | loss 6.2939 | lr 9.809e-04 | 1312.4 ms/update | 6242 tok/s
[train] 400/4096 | 3276800 tok | loss 5.9011 | lr 9.808e-04 | 1312.6 ms/update | 6241 tok/s
[train] 401/4096 | 3284992 tok | loss 5.7316 | lr 9.807e-04 | 1322.9 ms/update | 6192 tok/s
[train] 402/4096 | 3293184 tok | loss 6.1703 | lr 9.806e-04 | 1306.1 ms/update | 6272 tok/s
[train] 403/4096 | 3301376 tok | loss 6.2119 | lr 9.805e-04 | 1312.7 ms/update | 6240 tok/s
[train] 404/4096 | 3309568 tok | loss 5.8736 | lr 9.804e-04 | 1313.6 ms/update | 6236 tok/s
[train] 405/4096 | 3317760 tok | loss 6.2958 | lr 9.803e-04 | 1314.1 ms/update | 6234 tok/s
[train] 406/4096 | 3325952 tok | loss 5.6671 | lr 9.802e-04 | 1312.5 ms/update | 6241 tok/s
[train] 407/4096 | 3334144 tok | loss 5.9250 | lr 9.801e-04 | 1313.7 ms/update | 6236 tok/s
[train] 408/4096 | 3342336 tok | loss 5.7776 | lr 9.800e-04 | 1312.6 ms/update | 6241 tok/s
[train] 409/4096 | 3350528 tok | loss 5.8525 | lr 9.799e-04 | 1311.7 ms/update | 6245 tok/s
[train] 410/4096 | 3358720 tok | loss 5.8992 | lr 9.798e-04 | 1311.2 ms/update | 6248 tok/s
[train] 411/4096 | 3366912 tok | loss 5.7960 | lr 9.797e-04 | 1316.4 ms/update | 6223 tok/s
[train] 412/4096 | 3375104 tok | loss 5.8255 | lr 9.796e-04 | 1314.4 ms/update | 6233 tok/s
[train] 413/4096 | 3383296 tok | loss 6.0985 | lr 9.795e-04 | 1318.7 ms/update | 6212 tok/s
[train] 414/4096 | 3391488 tok | loss 5.9585 | lr 9.794e-04 | 1312.9 ms/update | 6240 tok/s
[train] 415/4096 | 3399680 tok | loss 5.9934 | lr 9.793e-04 | 1312.9 ms/update | 6240 tok/s
[train] 416/4096 | 3407872 tok | loss 6.0649 | lr 9.792e-04 | 1319.1 ms/update | 6210 tok/s
[train] 417/4096 | 3416064 tok | loss 6.1594 | lr 9.791e-04 | 1309.3 ms/update | 6257 tok/s
[train] 418/4096 | 3424256 tok | loss 5.8963 | lr 9.790e-04 | 1311.1 ms/update | 6248 tok/s
[train] 419/4096 | 3432448 tok | loss 5.8806 | lr 9.789e-04 | 1319.7 ms/update | 6208 tok/s
[train] 420/4096 | 3440640 tok | loss 6.0386 | lr 9.788e-04 | 1305.2 ms/update | 6277 tok/s
[train] 421/4096 | 3448832 tok | loss 5.9873 | lr 9.787e-04 | 1315.9 ms/update | 6225 tok/s
[train] 422/4096 | 3457024 tok | loss 5.9353 | lr 9.786e-04 | 1314.2 ms/update | 6233 tok/s
[train] 423/4096 | 3465216 tok | loss 6.1247 | lr 9.785e-04 | 1315.8 ms/update | 6226 tok/s
[train] 424/4096 | 3473408 tok | loss 6.0905 | lr 9.784e-04 | 1315.0 ms/update | 6230 tok/s
[train] 425/4096 | 3481600 tok | loss 6.2233 | lr 9.783e-04 | 1312.9 ms/update | 6240 tok/s
[train] 426/4096 | 3489792 tok | loss 6.1898 | lr 9.781e-04 | 1312.5 ms/update | 6241 tok/s
[train] 427/4096 | 3497984 tok | loss 6.2383 | lr 9.780e-04 | 1312.9 ms/update | 6240 tok/s
[train] 428/4096 | 3506176 tok | loss 5.8946 | lr 9.779e-04 | 1312.3 ms/update | 6243 tok/s
[train] 429/4096 | 3514368 tok | loss 6.1599 | lr 9.778e-04 | 1316.5 ms/update | 6223 tok/s
[train] 430/4096 | 3522560 tok | loss 6.0803 | lr 9.777e-04 | 1315.3 ms/update | 6228 tok/s
[train] 431/4096 | 3530752 tok | loss 5.9552 | lr 9.776e-04 | 1321.7 ms/update | 6198 tok/s
[train] 432/4096 | 3538944 tok | loss 6.3027 | lr 9.775e-04 | 1309.9 ms/update | 6254 tok/s
[train] 433/4096 | 3547136 tok | loss 6.1623 | lr 9.774e-04 | 1312.2 ms/update | 6243 tok/s
[train] 434/4096 | 3555328 tok | loss 6.1779 | lr 9.773e-04 | 1318.8 ms/update | 6212 tok/s
[train] 435/4096 | 3563520 tok | loss 6.1481 | lr 9.772e-04 | 1314.9 ms/update | 6230 tok/s
[train] 436/4096 | 3571712 tok | loss 5.7725 | lr 9.771e-04 | 1314.5 ms/update | 6232 tok/s
[train] 437/4096 | 3579904 tok | loss 5.7411 | lr 9.770e-04 | 1311.7 ms/update | 6245 tok/s
[train] 438/4096 | 3588096 tok | loss 5.9813 | lr 9.768e-04 | 1314.2 ms/update | 6234 tok/s
[train] 439/4096 | 3596288 tok | loss 5.9247 | lr 9.767e-04 | 1315.0 ms/update | 6230 tok/s
[train] 440/4096 | 3604480 tok | loss 5.8711 | lr 9.766e-04 | 1308.5 ms/update | 6260 tok/s
[train] 441/4096 | 3612672 tok | loss 5.7093 | lr 9.765e-04 | 1306.8 ms/update | 6269 tok/s
[train] 442/4096 | 3620864 tok | loss 6.0842 | lr 9.764e-04 | 1313.5 ms/update | 6237 tok/s
[train] 443/4096 | 3629056 tok | loss 6.1033 | lr 9.763e-04 | 1312.3 ms/update | 6243 tok/s
[train] 444/4096 | 3637248 tok | loss 5.8550 | lr 9.762e-04 | 1313.4 ms/update | 6237 tok/s
[train] 445/4096 | 3645440 tok | loss 6.0856 | lr 9.761e-04 | 1315.6 ms/update | 6227 tok/s
[train] 446/4096 | 3653632 tok | loss 5.9489 | lr 9.760e-04 | 1313.6 ms/update | 6236 tok/s
[train] 447/4096 | 3661824 tok | loss 5.8784 | lr 9.758e-04 | 1314.0 ms/update | 6235 tok/s
[train] 448/4096 | 3670016 tok | loss 6.3590 | lr 9.757e-04 | 1313.9 ms/update | 6235 tok/s
[train] 449/4096 | 3678208 tok | loss 6.0098 | lr 9.756e-04 | 1314.9 ms/update | 6230 tok/s
[train] 450/4096 | 3686400 tok | loss 5.9430 | lr 9.755e-04 | 1314.7 ms/update | 6231 tok/s
[train] 451/4096 | 3694592 tok | loss 5.9993 | lr 9.754e-04 | 1314.2 ms/update | 6233 tok/s
[train] 452/4096 | 3702784 tok | loss 6.0453 | lr 9.753e-04 | 1313.1 ms/update | 6239 tok/s
[train] 453/4096 | 3710976 tok | loss 6.1909 | lr 9.752e-04 | 1312.0 ms/update | 6244 tok/s
[train] 454/4096 | 3719168 tok | loss 6.0503 | lr 9.751e-04 | 1322.0 ms/update | 6197 tok/s
[train] 455/4096 | 3727360 tok | loss 5.8327 | lr 9.749e-04 | 1311.3 ms/update | 6247 tok/s
[train] 456/4096 | 3735552 tok | loss 5.8575 | lr 9.748e-04 | 1303.3 ms/update | 6286 tok/s
[train] 457/4096 | 3743744 tok | loss 6.1694 | lr 9.747e-04 | 1314.0 ms/update | 6235 tok/s
[train] 458/4096 | 3751936 tok | loss 6.0983 | lr 9.746e-04 | 1313.7 ms/update | 6236 tok/s
[train] 459/4096 | 3760128 tok | loss 6.0188 | lr 9.745e-04 | 1310.9 ms/update | 6249 tok/s
[train] 460/4096 | 3768320 tok | loss 6.0687 | lr 9.744e-04 | 1312.3 ms/update | 6242 tok/s
[train] 461/4096 | 3776512 tok | loss 5.8089 | lr 9.743e-04 | 1314.3 ms/update | 6233 tok/s
[train] 462/4096 | 3784704 tok | loss 6.2644 | lr 9.741e-04 | 1317.5 ms/update | 6218 tok/s
[train] 463/4096 | 3792896 tok | loss 5.9064 | lr 9.740e-04 | 1311.1 ms/update | 6248 tok/s
[train] 464/4096 | 3801088 tok | loss 6.0679 | lr 9.739e-04 | 1313.1 ms/update | 6239 tok/s
[train] 465/4096 | 3809280 tok | loss 5.5025 | lr 9.738e-04 | 1313.9 ms/update | 6235 tok/s
[train] 466/4096 | 3817472 tok | loss 5.6476 | lr 9.737e-04 | 1312.3 ms/update | 6243 tok/s
[train] 467/4096 | 3825664 tok | loss 5.9341 | lr 9.736e-04 | 1318.6 ms/update | 6213 tok/s
[train] 468/4096 | 3833856 tok | loss 5.7814 | lr 9.734e-04 | 1308.8 ms/update | 6259 tok/s
[train] 469/4096 | 3842048 tok | loss 6.0139 | lr 9.733e-04 | 1322.9 ms/update | 6192 tok/s
[train] 470/4096 | 3850240 tok | loss 6.1592 | lr 9.732e-04 | 1301.6 ms/update | 6294 tok/s
[train] 471/4096 | 3858432 tok | loss 5.8761 | lr 9.731e-04 | 1313.2 ms/update | 6238 tok/s
[train] 472/4096 | 3866624 tok | loss 6.1212 | lr 9.730e-04 | 1316.0 ms/update | 6225 tok/s
[train] 473/4096 | 3874816 tok | loss 6.0735 | lr 9.728e-04 | 1310.7 ms/update | 6250 tok/s
[train] 474/4096 | 3883008 tok | loss 6.2228 | lr 9.727e-04 | 1315.8 ms/update | 6226 tok/s
[train] 475/4096 | 3891200 tok | loss 5.8615 | lr 9.726e-04 | 1314.4 ms/update | 6233 tok/s
[train] 476/4096 | 3899392 tok | loss 5.9257 | lr 9.725e-04 | 1310.5 ms/update | 6251 tok/s
[train] 477/4096 | 3907584 tok | loss 5.6862 | lr 9.724e-04 | 1322.8 ms/update | 6193 tok/s
[train] 478/4096 | 3915776 tok | loss 5.7994 | lr 9.723e-04 | 1308.4 ms/update | 6261 tok/s
[train] 479/4096 | 3923968 tok | loss 5.8908 | lr 9.721e-04 | 1311.9 ms/update | 6244 tok/s
[train] 480/4096 | 3932160 tok | loss 6.0889 | lr 9.720e-04 | 1313.7 ms/update | 6236 tok/s
[train] 481/4096 | 3940352 tok | loss 5.9379 | lr 9.719e-04 | 1312.0 ms/update | 6244 tok/s
[train] 482/4096 | 3948544 tok | loss 5.9243 | lr 9.718e-04 | 1320.6 ms/update | 6203 tok/s
[train] 483/4096 | 3956736 tok | loss 5.8955 | lr 9.716e-04 | 1313.3 ms/update | 6238 tok/s
[train] 484/4096 | 3964928 tok | loss 6.0590 | lr 9.715e-04 | 1321.3 ms/update | 6200 tok/s
[train] 485/4096 | 3973120 tok | loss 6.0909 | lr 9.714e-04 | 1313.4 ms/update | 6237 tok/s
[train] 486/4096 | 3981312 tok | loss 5.7605 | lr 9.713e-04 | 1311.2 ms/update | 6248 tok/s
[train] 487/4096 | 3989504 tok | loss 5.9045 | lr 9.712e-04 | 1307.3 ms/update | 6266 tok/s
[train] 488/4096 | 3997696 tok | loss 6.0076 | lr 9.710e-04 | 1304.6 ms/update | 6279 tok/s
[train] 489/4096 | 4005888 tok | loss 6.1709 | lr 9.709e-04 | 1315.9 ms/update | 6225 tok/s
[train] 490/4096 | 4014080 tok | loss 6.1764 | lr 9.708e-04 | 1314.5 ms/update | 6232 tok/s
[train] 491/4096 | 4022272 tok | loss 6.0000 | lr 9.707e-04 | 1309.1 ms/update | 6258 tok/s
[train] 492/4096 | 4030464 tok | loss 5.8726 | lr 9.705e-04 | 1318.2 ms/update | 6215 tok/s
[train] 493/4096 | 4038656 tok | loss 5.7320 | lr 9.704e-04 | 1311.3 ms/update | 6247 tok/s
[train] 494/4096 | 4046848 tok | loss 5.8400 | lr 9.703e-04 | 1312.4 ms/update | 6242 tok/s
[train] 495/4096 | 4055040 tok | loss 5.7970 | lr 9.702e-04 | 1312.5 ms/update | 6242 tok/s
[train] 496/4096 | 4063232 tok | loss 5.6349 | lr 9.701e-04 | 1309.6 ms/update | 6255 tok/s
[train] 497/4096 | 4071424 tok | loss 5.9010 | lr 9.699e-04 | 1307.5 ms/update | 6265 tok/s
[train] 498/4096 | 4079616 tok | loss 5.9205 | lr 9.698e-04 | 1301.5 ms/update | 6294 tok/s
[train] 499/4096 | 4087808 tok | loss 5.9522 | lr 9.697e-04 | 1315.3 ms/update | 6228 tok/s
[train] 500/4096 | 4096000 tok | loss 5.9397 | lr 9.696e-04 | 1319.4 ms/update | 6209 tok/s
[train] 501/4096 | 4104192 tok | loss 5.6328 | lr 9.694e-04 | 1308.7 ms/update | 6260 tok/s
[train] 502/4096 | 4112384 tok | loss 5.9692 | lr 9.693e-04 | 1313.3 ms/update | 6238 tok/s
[train] 503/4096 | 4120576 tok | loss 6.0647 | lr 9.692e-04 | 1312.7 ms/update | 6240 tok/s
[train] 504/4096 | 4128768 tok | loss 6.0194 | lr 9.690e-04 | 1311.0 ms/update | 6249 tok/s
[train] 505/4096 | 4136960 tok | loss 6.2153 | lr 9.689e-04 | 1313.4 ms/update | 6237 tok/s
[train] 506/4096 | 4145152 tok | loss 5.4733 | lr 9.688e-04 | 1313.1 ms/update | 6238 tok/s
[train] 507/4096 | 4153344 tok | loss 5.5035 | lr 9.687e-04 | 1318.8 ms/update | 6212 tok/s
[train] 508/4096 | 4161536 tok | loss 5.7666 | lr 9.685e-04 | 1316.8 ms/update | 6221 tok/s
[train] 509/4096 | 4169728 tok | loss 5.8167 | lr 9.684e-04 | 1303.8 ms/update | 6283 tok/s
[train] 510/4096 | 4177920 tok | loss 6.0482 | lr 9.683e-04 | 1315.9 ms/update | 6226 tok/s
[train] 511/4096 | 4186112 tok | loss 5.4326 | lr 9.682e-04 | 1313.2 ms/update | 6238 tok/s
[train] 512/4096 | 4194304 tok | loss 5.8469 | lr 9.680e-04 | 1314.5 ms/update | 6232 tok/s
[eval] step 512 | val NLL 5.5871 | ppl 266.95 | 65536 tokens
[ckpt] latest.pt @ step 512
[pause] staged gate reached at update 512; resume explicitly from checkpoints/latest.pt
[done] paused_staged | 512/4096 updates | 4194304 tokens | 682.9s
