Kaggle preflight (physical GPU 0 exposed as cuda:0)...
/usr/local/lib/python3.12/dist-packages/torch/autograd/__init__.py:16: FutureWarning: `isinstance(treespec, LeafSpec)` is deprecated, use `isinstance(treespec, TreeSpec) and treespec.is_leaf()` instead.
  from torch import _vmap_internals
{
  "recipe": "/kaggle/working/benchmark-experiments/recipes/recursive_muon_structural_int4_4096_s0.json",
  "fingerprint": "d9781e9a40120a433fa25f926216d6f8845066a0e65c515d8b2223cb3f04651e",
  "total_updates": 4096,
  "schedule_total_updates": 4096,
  "tokens_per_update": 8192,
  "data_root": "/kaggle/working/benchmark-data",
  "manifest": "/kaggle/input/datasets/siennadai/lowp-benchmark-slimpajama-4x-v1/manifest.json",
  "manifest_exists": true,
  "optimizer": "recursive_muon",
  "compute": "fp32",
  "to_device": "cuda:0",
  "resolved_device": "cuda:0"
}
/usr/local/lib/python3.12/dist-packages/torch/autograd/__init__.py:16: FutureWarning: `isinstance(treespec, LeafSpec)` is deprecated, use `isinstance(treespec, TreeSpec) and treespec.is_leaf()` instead.
  from torch import _vmap_internals
[run] recursive_int4_4096_s0 | recursive_muon | cuda:0 | fp32 | 4096 updates | schedule horizon 4096 | 33554432 tokens
[train] 1025/4096 | 8396800 tok | loss 5.8408 | lr 8.716e-04 | 1633.1 ms/update | 5016 tok/s
[train] 1026/4096 | 8404992 tok | loss 5.5930 | lr 8.714e-04 | 1201.6 ms/update | 6817 tok/s
[train] 1027/4096 | 8413184 tok | loss 5.6808 | lr 8.711e-04 | 1203.8 ms/update | 6805 tok/s
[train] 1028/4096 | 8421376 tok | loss 5.7794 | lr 8.709e-04 | 1204.5 ms/update | 6801 tok/s
[train] 1029/4096 | 8429568 tok | loss 5.6125 | lr 8.706e-04 | 1221.6 ms/update | 6706 tok/s
[train] 1030/4096 | 8437760 tok | loss 5.8087 | lr 8.704e-04 | 1203.8 ms/update | 6805 tok/s
[train] 1031/4096 | 8445952 tok | loss 5.7369 | lr 8.702e-04 | 1205.8 ms/update | 6794 tok/s
[train] 1032/4096 | 8454144 tok | loss 5.4861 | lr 8.699e-04 | 1206.2 ms/update | 6791 tok/s
[train] 1033/4096 | 8462336 tok | loss 5.9654 | lr 8.697e-04 | 1212.3 ms/update | 6757 tok/s
[train] 1034/4096 | 8470528 tok | loss 5.7961 | lr 8.694e-04 | 1211.9 ms/update | 6760 tok/s
[train] 1035/4096 | 8478720 tok | loss 5.4935 | lr 8.692e-04 | 1216.6 ms/update | 6733 tok/s
[train] 1036/4096 | 8486912 tok | loss 5.8101 | lr 8.689e-04 | 1219.0 ms/update | 6720 tok/s
[train] 1037/4096 | 8495104 tok | loss 5.4540 | lr 8.687e-04 | 1220.7 ms/update | 6711 tok/s
[train] 1038/4096 | 8503296 tok | loss 5.3812 | lr 8.684e-04 | 1220.9 ms/update | 6710 tok/s
[train] 1039/4096 | 8511488 tok | loss 5.5689 | lr 8.682e-04 | 1228.4 ms/update | 6669 tok/s
[train] 1040/4096 | 8519680 tok | loss 5.6489 | lr 8.680e-04 | 1228.1 ms/update | 6670 tok/s
[train] 1041/4096 | 8527872 tok | loss 5.5500 | lr 8.677e-04 | 1232.5 ms/update | 6647 tok/s
[train] 1042/4096 | 8536064 tok | loss 5.4932 | lr 8.675e-04 | 1228.2 ms/update | 6670 tok/s
[train] 1043/4096 | 8544256 tok | loss 5.8045 | lr 8.672e-04 | 1236.7 ms/update | 6624 tok/s
[train] 1044/4096 | 8552448 tok | loss 5.4178 | lr 8.670e-04 | 1236.9 ms/update | 6623 tok/s
[train] 1045/4096 | 8560640 tok | loss 5.7310 | lr 8.667e-04 | 1229.9 ms/update | 6661 tok/s
[train] 1046/4096 | 8568832 tok | loss 5.5450 | lr 8.665e-04 | 1244.2 ms/update | 6584 tok/s
[train] 1047/4096 | 8577024 tok | loss 5.5230 | lr 8.662e-04 | 1241.9 ms/update | 6596 tok/s
[train] 1048/4096 | 8585216 tok | loss 5.4034 | lr 8.660e-04 | 1214.8 ms/update | 6743 tok/s
[train] 1049/4096 | 8593408 tok | loss 5.9993 | lr 8.657e-04 | 1233.8 ms/update | 6640 tok/s
[train] 1050/4096 | 8601600 tok | loss 5.8499 | lr 8.655e-04 | 1243.8 ms/update | 6586 tok/s
[train] 1051/4096 | 8609792 tok | loss 5.8255 | lr 8.652e-04 | 1247.0 ms/update | 6569 tok/s
[train] 1052/4096 | 8617984 tok | loss 5.6503 | lr 8.650e-04 | 1249.8 ms/update | 6555 tok/s
[train] 1053/4096 | 8626176 tok | loss 5.5597 | lr 8.647e-04 | 1254.8 ms/update | 6528 tok/s
[train] 1054/4096 | 8634368 tok | loss 5.8841 | lr 8.645e-04 | 1250.3 ms/update | 6552 tok/s
[train] 1055/4096 | 8642560 tok | loss 5.9579 | lr 8.642e-04 | 1271.2 ms/update | 6444 tok/s
[train] 1056/4096 | 8650752 tok | loss 5.6594 | lr 8.640e-04 | 1255.5 ms/update | 6525 tok/s
[train] 1057/4096 | 8658944 tok | loss 5.6657 | lr 8.638e-04 | 1261.1 ms/update | 6496 tok/s
[train] 1058/4096 | 8667136 tok | loss 5.4032 | lr 8.635e-04 | 1260.0 ms/update | 6501 tok/s
[train] 1059/4096 | 8675328 tok | loss 5.6484 | lr 8.633e-04 | 1263.2 ms/update | 6485 tok/s
[train] 1060/4096 | 8683520 tok | loss 5.7184 | lr 8.630e-04 | 1264.9 ms/update | 6476 tok/s
[train] 1061/4096 | 8691712 tok | loss 5.7974 | lr 8.628e-04 | 1278.2 ms/update | 6409 tok/s
[train] 1062/4096 | 8699904 tok | loss 5.8440 | lr 8.625e-04 | 1250.9 ms/update | 6549 tok/s
[train] 1063/4096 | 8708096 tok | loss 5.4486 | lr 8.623e-04 | 1271.3 ms/update | 6444 tok/s
[train] 1064/4096 | 8716288 tok | loss 5.4701 | lr 8.620e-04 | 1272.6 ms/update | 6437 tok/s
[train] 1065/4096 | 8724480 tok | loss 5.5776 | lr 8.618e-04 | 1275.5 ms/update | 6422 tok/s
[train] 1066/4096 | 8732672 tok | loss 5.6367 | lr 8.615e-04 | 1273.9 ms/update | 6431 tok/s
[train] 1067/4096 | 8740864 tok | loss 5.7876 | lr 8.613e-04 | 1278.3 ms/update | 6408 tok/s
[train] 1068/4096 | 8749056 tok | loss 5.6535 | lr 8.610e-04 | 1284.5 ms/update | 6378 tok/s
[train] 1069/4096 | 8757248 tok | loss 5.4443 | lr 8.608e-04 | 1285.7 ms/update | 6371 tok/s
[train] 1070/4096 | 8765440 tok | loss 5.6697 | lr 8.605e-04 | 1296.8 ms/update | 6317 tok/s
[train] 1071/4096 | 8773632 tok | loss 5.5313 | lr 8.603e-04 | 1297.2 ms/update | 6315 tok/s
[train] 1072/4096 | 8781824 tok | loss 5.8176 | lr 8.600e-04 | 1295.5 ms/update | 6323 tok/s
[train] 1073/4096 | 8790016 tok | loss 5.3906 | lr 8.598e-04 | 1299.7 ms/update | 6303 tok/s
[train] 1074/4096 | 8798208 tok | loss 5.4550 | lr 8.595e-04 | 1312.2 ms/update | 6243 tok/s
[train] 1075/4096 | 8806400 tok | loss 5.5989 | lr 8.592e-04 | 1314.1 ms/update | 6234 tok/s
[train] 1076/4096 | 8814592 tok | loss 4.9974 | lr 8.590e-04 | 1322.0 ms/update | 6197 tok/s
[train] 1077/4096 | 8822784 tok | loss 5.1182 | lr 8.587e-04 | 1338.8 ms/update | 6119 tok/s
[train] 1078/4096 | 8830976 tok | loss 5.4414 | lr 8.585e-04 | 1324.2 ms/update | 6186 tok/s
[train] 1079/4096 | 8839168 tok | loss 5.2737 | lr 8.582e-04 | 1331.1 ms/update | 6154 tok/s
[train] 1080/4096 | 8847360 tok | loss 5.7027 | lr 8.580e-04 | 1342.1 ms/update | 6104 tok/s
[train] 1081/4096 | 8855552 tok | loss 5.8073 | lr 8.577e-04 | 1342.3 ms/update | 6103 tok/s
[train] 1082/4096 | 8863744 tok | loss 5.6997 | lr 8.575e-04 | 1348.9 ms/update | 6073 tok/s
[train] 1083/4096 | 8871936 tok | loss 5.7278 | lr 8.572e-04 | 1361.6 ms/update | 6017 tok/s
[train] 1084/4096 | 8880128 tok | loss 5.6352 | lr 8.570e-04 | 1357.4 ms/update | 6035 tok/s
[train] 1085/4096 | 8888320 tok | loss 5.5785 | lr 8.567e-04 | 1378.1 ms/update | 5944 tok/s
[train] 1086/4096 | 8896512 tok | loss 5.6730 | lr 8.565e-04 | 1373.6 ms/update | 5964 tok/s
[train] 1087/4096 | 8904704 tok | loss 5.6158 | lr 8.562e-04 | 1374.0 ms/update | 5962 tok/s
[train] 1088/4096 | 8912896 tok | loss 5.5823 | lr 8.560e-04 | 1383.5 ms/update | 5921 tok/s
[train] 1089/4096 | 8921088 tok | loss 5.3450 | lr 8.557e-04 | 1380.3 ms/update | 5935 tok/s
[train] 1090/4096 | 8929280 tok | loss 5.9070 | lr 8.554e-04 | 1394.2 ms/update | 5876 tok/s
[train] 1091/4096 | 8937472 tok | loss 5.7644 | lr 8.552e-04 | 1403.2 ms/update | 5838 tok/s
[train] 1092/4096 | 8945664 tok | loss 5.6556 | lr 8.549e-04 | 1406.4 ms/update | 5825 tok/s
[train] 1093/4096 | 8953856 tok | loss 5.7575 | lr 8.547e-04 | 1414.5 ms/update | 5791 tok/s
[train] 1094/4096 | 8962048 tok | loss 5.2809 | lr 8.544e-04 | 1420.1 ms/update | 5769 tok/s
[train] 1095/4096 | 8970240 tok | loss 5.6346 | lr 8.542e-04 | 1420.6 ms/update | 5767 tok/s
[train] 1096/4096 | 8978432 tok | loss 5.6895 | lr 8.539e-04 | 1428.5 ms/update | 5735 tok/s
[train] 1097/4096 | 8986624 tok | loss 5.4636 | lr 8.537e-04 | 1439.0 ms/update | 5693 tok/s
[train] 1098/4096 | 8994816 tok | loss 5.5527 | lr 8.534e-04 | 1443.4 ms/update | 5676 tok/s
[train] 1099/4096 | 9003008 tok | loss 5.5204 | lr 8.531e-04 | 1440.7 ms/update | 5686 tok/s
[train] 1100/4096 | 9011200 tok | loss 5.5722 | lr 8.529e-04 | 1433.3 ms/update | 5715 tok/s
[train] 1101/4096 | 9019392 tok | loss 5.4609 | lr 8.526e-04 | 1439.0 ms/update | 5693 tok/s
[train] 1102/4096 | 9027584 tok | loss 5.7280 | lr 8.524e-04 | 1435.5 ms/update | 5707 tok/s
[train] 1103/4096 | 9035776 tok | loss 5.8381 | lr 8.521e-04 | 1434.2 ms/update | 5712 tok/s
[train] 1104/4096 | 9043968 tok | loss 5.7045 | lr 8.519e-04 | 1427.0 ms/update | 5741 tok/s
[train] 1105/4096 | 9052160 tok | loss 5.7465 | lr 8.516e-04 | 1422.9 ms/update | 5757 tok/s
[train] 1106/4096 | 9060352 tok | loss 5.4060 | lr 8.513e-04 | 1409.6 ms/update | 5811 tok/s
[train] 1107/4096 | 9068544 tok | loss 5.5666 | lr 8.511e-04 | 1408.5 ms/update | 5816 tok/s
[train] 1108/4096 | 9076736 tok | loss 5.2620 | lr 8.508e-04 | 1397.2 ms/update | 5863 tok/s
[train] 1109/4096 | 9084928 tok | loss 5.5551 | lr 8.506e-04 | 1394.3 ms/update | 5875 tok/s
[train] 1110/4096 | 9093120 tok | loss 5.4879 | lr 8.503e-04 | 1391.6 ms/update | 5887 tok/s
[train] 1111/4096 | 9101312 tok | loss 5.9201 | lr 8.501e-04 | 1389.4 ms/update | 5896 tok/s
[train] 1112/4096 | 9109504 tok | loss 5.7489 | lr 8.498e-04 | 1378.3 ms/update | 5944 tok/s
[train] 1113/4096 | 9117696 tok | loss 5.6789 | lr 8.495e-04 | 1387.1 ms/update | 5906 tok/s
[train] 1114/4096 | 9125888 tok | loss 5.4830 | lr 8.493e-04 | 1366.3 ms/update | 5996 tok/s
[train] 1115/4096 | 9134080 tok | loss 5.3099 | lr 8.490e-04 | 1372.6 ms/update | 5968 tok/s
[train] 1116/4096 | 9142272 tok | loss 5.6991 | lr 8.488e-04 | 1375.1 ms/update | 5957 tok/s
[train] 1117/4096 | 9150464 tok | loss 5.7189 | lr 8.485e-04 | 1371.2 ms/update | 5974 tok/s
[train] 1118/4096 | 9158656 tok | loss 6.0259 | lr 8.482e-04 | 1370.6 ms/update | 5977 tok/s
[train] 1119/4096 | 9166848 tok | loss 6.0132 | lr 8.480e-04 | 1384.5 ms/update | 5917 tok/s
[train] 1120/4096 | 9175040 tok | loss 5.5022 | lr 8.477e-04 | 1371.2 ms/update | 5974 tok/s
[train] 1121/4096 | 9183232 tok | loss 5.3657 | lr 8.475e-04 | 1348.5 ms/update | 6075 tok/s
[train] 1122/4096 | 9191424 tok | loss 5.2969 | lr 8.472e-04 | 1348.2 ms/update | 6076 tok/s
[train] 1123/4096 | 9199616 tok | loss 5.2418 | lr 8.469e-04 | 1348.8 ms/update | 6074 tok/s
[train] 1124/4096 | 9207808 tok | loss 5.6873 | lr 8.467e-04 | 1346.1 ms/update | 6086 tok/s
[train] 1125/4096 | 9216000 tok | loss 5.6151 | lr 8.464e-04 | 1349.4 ms/update | 6071 tok/s
[train] 1126/4096 | 9224192 tok | loss 5.7800 | lr 8.462e-04 | 1342.6 ms/update | 6101 tok/s
[train] 1127/4096 | 9232384 tok | loss 5.8901 | lr 8.459e-04 | 1345.3 ms/update | 6089 tok/s
[train] 1128/4096 | 9240576 tok | loss 5.6030 | lr 8.456e-04 | 1344.6 ms/update | 6093 tok/s
[train] 1129/4096 | 9248768 tok | loss 5.7677 | lr 8.454e-04 | 1353.0 ms/update | 6055 tok/s
[train] 1130/4096 | 9256960 tok | loss 5.3101 | lr 8.451e-04 | 1343.9 ms/update | 6096 tok/s
[train] 1131/4096 | 9265152 tok | loss 5.6143 | lr 8.449e-04 | 1343.1 ms/update | 6099 tok/s
[train] 1132/4096 | 9273344 tok | loss 5.5973 | lr 8.446e-04 | 1346.1 ms/update | 6086 tok/s
[train] 1133/4096 | 9281536 tok | loss 5.4614 | lr 8.443e-04 | 1342.6 ms/update | 6102 tok/s
[train] 1134/4096 | 9289728 tok | loss 5.8027 | lr 8.441e-04 | 1354.7 ms/update | 6047 tok/s
[train] 1135/4096 | 9297920 tok | loss 5.7659 | lr 8.438e-04 | 1362.2 ms/update | 6014 tok/s
[train] 1136/4096 | 9306112 tok | loss 5.4612 | lr 8.435e-04 | 1350.0 ms/update | 6068 tok/s
[train] 1137/4096 | 9314304 tok | loss 5.7630 | lr 8.433e-04 | 1348.3 ms/update | 6076 tok/s
[train] 1138/4096 | 9322496 tok | loss 5.6756 | lr 8.430e-04 | 1358.1 ms/update | 6032 tok/s
[train] 1139/4096 | 9330688 tok | loss 5.3573 | lr 8.428e-04 | 1357.4 ms/update | 6035 tok/s
[train] 1140/4096 | 9338880 tok | loss 5.3656 | lr 8.425e-04 | 1372.0 ms/update | 5971 tok/s
[train] 1141/4096 | 9347072 tok | loss 5.8151 | lr 8.422e-04 | 1369.3 ms/update | 5982 tok/s
[train] 1142/4096 | 9355264 tok | loss 5.6152 | lr 8.420e-04 | 1376.7 ms/update | 5950 tok/s
[train] 1143/4096 | 9363456 tok | loss 5.6191 | lr 8.417e-04 | 1374.5 ms/update | 5960 tok/s
[train] 1144/4096 | 9371648 tok | loss 5.3830 | lr 8.414e-04 | 1371.2 ms/update | 5974 tok/s
[train] 1145/4096 | 9379840 tok | loss 5.4016 | lr 8.412e-04 | 1367.9 ms/update | 5989 tok/s
[train] 1146/4096 | 9388032 tok | loss 5.4389 | lr 8.409e-04 | 1376.2 ms/update | 5953 tok/s
[train] 1147/4096 | 9396224 tok | loss 5.6098 | lr 8.406e-04 | 1381.7 ms/update | 5929 tok/s
[train] 1148/4096 | 9404416 tok | loss 5.3942 | lr 8.404e-04 | 1378.3 ms/update | 5943 tok/s
[train] 1149/4096 | 9412608 tok | loss 5.4062 | lr 8.401e-04 | 1369.6 ms/update | 5981 tok/s
[train] 1150/4096 | 9420800 tok | loss 5.7054 | lr 8.398e-04 | 1389.1 ms/update | 5897 tok/s
[train] 1151/4096 | 9428992 tok | loss 5.6724 | lr 8.396e-04 | 1382.0 ms/update | 5927 tok/s
[train] 1152/4096 | 9437184 tok | loss 5.3758 | lr 8.393e-04 | 1378.3 ms/update | 5944 tok/s
[eval] step 1152 | val NLL 5.2725 | ppl 194.90 | 65536 tokens
[ckpt] latest.pt @ step 1152
[train] 1153/4096 | 9445376 tok | loss 5.5103 | lr 8.390e-04 | 1386.2 ms/update | 5910 tok/s
[train] 1154/4096 | 9453568 tok | loss 5.3746 | lr 8.388e-04 | 1399.2 ms/update | 5855 tok/s
[train] 1155/4096 | 9461760 tok | loss 5.7278 | lr 8.385e-04 | 1379.3 ms/update | 5939 tok/s
[train] 1156/4096 | 9469952 tok | loss 5.7317 | lr 8.382e-04 | 1375.7 ms/update | 5955 tok/s
[train] 1157/4096 | 9478144 tok | loss 5.3540 | lr 8.380e-04 | 1369.6 ms/update | 5981 tok/s
[train] 1158/4096 | 9486336 tok | loss 5.1646 | lr 8.377e-04 | 1372.0 ms/update | 5971 tok/s
[train] 1159/4096 | 9494528 tok | loss 5.4513 | lr 8.374e-04 | 1376.1 ms/update | 5953 tok/s
[train] 1160/4096 | 9502720 tok | loss 5.3499 | lr 8.372e-04 | 1372.3 ms/update | 5970 tok/s
[train] 1161/4096 | 9510912 tok | loss 5.5118 | lr 8.369e-04 | 1375.9 ms/update | 5954 tok/s
[train] 1162/4096 | 9519104 tok | loss 5.6998 | lr 8.366e-04 | 1378.0 ms/update | 5945 tok/s
[train] 1163/4096 | 9527296 tok | loss 5.4697 | lr 8.364e-04 | 1384.4 ms/update | 5917 tok/s
[train] 1164/4096 | 9535488 tok | loss 5.4397 | lr 8.361e-04 | 1378.9 ms/update | 5941 tok/s
[train] 1165/4096 | 9543680 tok | loss 5.6418 | lr 8.358e-04 | 1401.6 ms/update | 5845 tok/s
[train] 1166/4096 | 9551872 tok | loss 5.4147 | lr 8.356e-04 | 1385.2 ms/update | 5914 tok/s
[train] 1167/4096 | 9560064 tok | loss 5.5155 | lr 8.353e-04 | 1379.7 ms/update | 5937 tok/s
[train] 1168/4096 | 9568256 tok | loss 5.7105 | lr 8.350e-04 | 1374.7 ms/update | 5959 tok/s
[train] 1169/4096 | 9576448 tok | loss 5.8396 | lr 8.348e-04 | 1372.7 ms/update | 5968 tok/s
[train] 1170/4096 | 9584640 tok | loss 5.7817 | lr 8.345e-04 | 1375.2 ms/update | 5957 tok/s
[train] 1171/4096 | 9592832 tok | loss 5.5017 | lr 8.342e-04 | 1374.4 ms/update | 5961 tok/s
[train] 1172/4096 | 9601024 tok | loss 5.9451 | lr 8.340e-04 | 1373.6 ms/update | 5964 tok/s
[train] 1173/4096 | 9609216 tok | loss 5.3320 | lr 8.337e-04 | 1377.3 ms/update | 5948 tok/s
[train] 1174/4096 | 9617408 tok | loss 5.6904 | lr 8.334e-04 | 1373.9 ms/update | 5963 tok/s
[train] 1175/4096 | 9625600 tok | loss 5.4548 | lr 8.332e-04 | 1376.1 ms/update | 5953 tok/s
[train] 1176/4096 | 9633792 tok | loss 5.4875 | lr 8.329e-04 | 1380.2 ms/update | 5935 tok/s
[train] 1177/4096 | 9641984 tok | loss 5.5763 | lr 8.326e-04 | 1365.4 ms/update | 6000 tok/s
[train] 1178/4096 | 9650176 tok | loss 5.5476 | lr 8.323e-04 | 1371.9 ms/update | 5971 tok/s
[train] 1179/4096 | 9658368 tok | loss 5.5099 | lr 8.321e-04 | 1357.6 ms/update | 6034 tok/s
[train] 1180/4096 | 9666560 tok | loss 5.6769 | lr 8.318e-04 | 1367.5 ms/update | 5990 tok/s
[train] 1181/4096 | 9674752 tok | loss 5.3822 | lr 8.315e-04 | 1363.0 ms/update | 6010 tok/s
[train] 1182/4096 | 9682944 tok | loss 5.4702 | lr 8.313e-04 | 1368.3 ms/update | 5987 tok/s
[train] 1183/4096 | 9691136 tok | loss 5.2159 | lr 8.310e-04 | 1369.5 ms/update | 5982 tok/s
[train] 1184/4096 | 9699328 tok | loss 5.6515 | lr 8.307e-04 | 1364.5 ms/update | 6004 tok/s
[train] 1185/4096 | 9707520 tok | loss 5.0887 | lr 8.305e-04 | 1368.4 ms/update | 5987 tok/s
[train] 1186/4096 | 9715712 tok | loss 5.5109 | lr 8.302e-04 | 1359.1 ms/update | 6027 tok/s
[train] 1187/4096 | 9723904 tok | loss 5.6507 | lr 8.299e-04 | 1356.8 ms/update | 6038 tok/s
[train] 1188/4096 | 9732096 tok | loss 5.7438 | lr 8.296e-04 | 1370.9 ms/update | 5975 tok/s
[train] 1189/4096 | 9740288 tok | loss 5.4433 | lr 8.294e-04 | 1359.2 ms/update | 6027 tok/s
[train] 1190/4096 | 9748480 tok | loss 5.5918 | lr 8.291e-04 | 1370.0 ms/update | 5980 tok/s
[train] 1191/4096 | 9756672 tok | loss 5.3629 | lr 8.288e-04 | 1356.2 ms/update | 6040 tok/s
[train] 1192/4096 | 9764864 tok | loss 5.6034 | lr 8.286e-04 | 1355.6 ms/update | 6043 tok/s
[train] 1193/4096 | 9773056 tok | loss 5.6257 | lr 8.283e-04 | 1360.9 ms/update | 6019 tok/s
[train] 1194/4096 | 9781248 tok | loss 5.7024 | lr 8.280e-04 | 1373.8 ms/update | 5963 tok/s
[train] 1195/4096 | 9789440 tok | loss 5.2747 | lr 8.277e-04 | 1368.1 ms/update | 5988 tok/s
[train] 1196/4096 | 9797632 tok | loss 5.2968 | lr 8.275e-04 | 1367.0 ms/update | 5992 tok/s
[train] 1197/4096 | 9805824 tok | loss 5.6554 | lr 8.272e-04 | 1377.1 ms/update | 5949 tok/s
[train] 1198/4096 | 9814016 tok | loss 5.5510 | lr 8.269e-04 | 1380.0 ms/update | 5936 tok/s
[train] 1199/4096 | 9822208 tok | loss 5.5532 | lr 8.266e-04 | 1373.7 ms/update | 5964 tok/s
[train] 1200/4096 | 9830400 tok | loss 5.1042 | lr 8.264e-04 | 1372.6 ms/update | 5968 tok/s
[train] 1201/4096 | 9838592 tok | loss 5.5016 | lr 8.261e-04 | 1358.9 ms/update | 6029 tok/s
[train] 1202/4096 | 9846784 tok | loss 5.4669 | lr 8.258e-04 | 1373.1 ms/update | 5966 tok/s
[train] 1203/4096 | 9854976 tok | loss 5.7914 | lr 8.255e-04 | 1362.5 ms/update | 6012 tok/s
[train] 1204/4096 | 9863168 tok | loss 5.6802 | lr 8.253e-04 | 1372.1 ms/update | 5971 tok/s
[train] 1205/4096 | 9871360 tok | loss 5.6945 | lr 8.250e-04 | 1386.2 ms/update | 5910 tok/s
[train] 1206/4096 | 9879552 tok | loss 5.1847 | lr 8.247e-04 | 1364.0 ms/update | 6006 tok/s
[train] 1207/4096 | 9887744 tok | loss 5.6231 | lr 8.244e-04 | 1375.1 ms/update | 5957 tok/s
[train] 1208/4096 | 9895936 tok | loss 5.3722 | lr 8.242e-04 | 1373.8 ms/update | 5963 tok/s
[train] 1209/4096 | 9904128 tok | loss 5.6863 | lr 8.239e-04 | 1371.5 ms/update | 5973 tok/s
[train] 1210/4096 | 9912320 tok | loss 5.7005 | lr 8.236e-04 | 1380.4 ms/update | 5935 tok/s
[train] 1211/4096 | 9920512 tok | loss 5.2982 | lr 8.233e-04 | 1373.1 ms/update | 5966 tok/s
[train] 1212/4096 | 9928704 tok | loss 5.3990 | lr 8.231e-04 | 1374.6 ms/update | 5959 tok/s
[train] 1213/4096 | 9936896 tok | loss 5.6913 | lr 8.228e-04 | 1373.5 ms/update | 5964 tok/s
[train] 1214/4096 | 9945088 tok | loss 5.8079 | lr 8.225e-04 | 1372.7 ms/update | 5968 tok/s
[train] 1215/4096 | 9953280 tok | loss 5.6742 | lr 8.222e-04 | 1375.7 ms/update | 5955 tok/s
[train] 1216/4096 | 9961472 tok | loss 5.6197 | lr 8.220e-04 | 1377.9 ms/update | 5945 tok/s
[train] 1217/4096 | 9969664 tok | loss 5.4922 | lr 8.217e-04 | 1372.5 ms/update | 5969 tok/s
[train] 1218/4096 | 9977856 tok | loss 5.4146 | lr 8.214e-04 | 1373.0 ms/update | 5967 tok/s
[train] 1219/4096 | 9986048 tok | loss 5.5777 | lr 8.211e-04 | 1372.7 ms/update | 5968 tok/s
[train] 1220/4096 | 9994240 tok | loss 5.7502 | lr 8.209e-04 | 1377.9 ms/update | 5945 tok/s
[train] 1221/4096 | 10002432 tok | loss 5.6418 | lr 8.206e-04 | 1373.2 ms/update | 5966 tok/s
[train] 1222/4096 | 10010624 tok | loss 5.6159 | lr 8.203e-04 | 1371.7 ms/update | 5972 tok/s
[train] 1223/4096 | 10018816 tok | loss 5.7549 | lr 8.200e-04 | 1371.2 ms/update | 5974 tok/s
[train] 1224/4096 | 10027008 tok | loss 5.5486 | lr 8.198e-04 | 1378.5 ms/update | 5943 tok/s
[train] 1225/4096 | 10035200 tok | loss 5.2179 | lr 8.195e-04 | 1369.9 ms/update | 5980 tok/s
[train] 1226/4096 | 10043392 tok | loss 5.5353 | lr 8.192e-04 | 1375.1 ms/update | 5958 tok/s
[train] 1227/4096 | 10051584 tok | loss 5.6825 | lr 8.189e-04 | 1375.0 ms/update | 5958 tok/s
[train] 1228/4096 | 10059776 tok | loss 5.2776 | lr 8.186e-04 | 1367.8 ms/update | 5989 tok/s
[train] 1229/4096 | 10067968 tok | loss 5.5663 | lr 8.184e-04 | 1374.8 ms/update | 5959 tok/s
[train] 1230/4096 | 10076160 tok | loss 5.5587 | lr 8.181e-04 | 1374.7 ms/update | 5959 tok/s
[train] 1231/4096 | 10084352 tok | loss 5.3612 | lr 8.178e-04 | 1368.2 ms/update | 5987 tok/s
[train] 1232/4096 | 10092544 tok | loss 5.3931 | lr 8.175e-04 | 1377.6 ms/update | 5947 tok/s
[train] 1233/4096 | 10100736 tok | loss 5.7337 | lr 8.172e-04 | 1371.7 ms/update | 5972 tok/s
[train] 1234/4096 | 10108928 tok | loss 5.5544 | lr 8.170e-04 | 1378.6 ms/update | 5942 tok/s
[train] 1235/4096 | 10117120 tok | loss 5.5310 | lr 8.167e-04 | 1366.9 ms/update | 5993 tok/s
[train] 1236/4096 | 10125312 tok | loss 5.5811 | lr 8.164e-04 | 1370.2 ms/update | 5979 tok/s
[train] 1237/4096 | 10133504 tok | loss 5.4122 | lr 8.161e-04 | 1377.7 ms/update | 5946 tok/s
[train] 1238/4096 | 10141696 tok | loss 5.8536 | lr 8.158e-04 | 1374.5 ms/update | 5960 tok/s
[train] 1239/4096 | 10149888 tok | loss 5.7071 | lr 8.156e-04 | 1376.3 ms/update | 5952 tok/s
[train] 1240/4096 | 10158080 tok | loss 5.5369 | lr 8.153e-04 | 1375.6 ms/update | 5955 tok/s
[train] 1241/4096 | 10166272 tok | loss 5.7910 | lr 8.150e-04 | 1382.5 ms/update | 5925 tok/s
[train] 1242/4096 | 10174464 tok | loss 5.3619 | lr 8.147e-04 | 1374.8 ms/update | 5959 tok/s
[train] 1243/4096 | 10182656 tok | loss 5.6189 | lr 8.144e-04 | 1374.2 ms/update | 5961 tok/s
[train] 1244/4096 | 10190848 tok | loss 5.5446 | lr 8.142e-04 | 1376.7 ms/update | 5951 tok/s
[train] 1245/4096 | 10199040 tok | loss 5.6068 | lr 8.139e-04 | 1377.1 ms/update | 5949 tok/s
[train] 1246/4096 | 10207232 tok | loss 5.7322 | lr 8.136e-04 | 1377.6 ms/update | 5946 tok/s
[train] 1247/4096 | 10215424 tok | loss 5.4488 | lr 8.133e-04 | 1370.7 ms/update | 5977 tok/s
[train] 1248/4096 | 10223616 tok | loss 5.5789 | lr 8.130e-04 | 1377.3 ms/update | 5948 tok/s
[train] 1249/4096 | 10231808 tok | loss 5.5149 | lr 8.128e-04 | 1379.3 ms/update | 5939 tok/s
[train] 1250/4096 | 10240000 tok | loss 5.6347 | lr 8.125e-04 | 1371.9 ms/update | 5971 tok/s
[train] 1251/4096 | 10248192 tok | loss 5.8030 | lr 8.122e-04 | 1378.3 ms/update | 5944 tok/s
[train] 1252/4096 | 10256384 tok | loss 5.3529 | lr 8.119e-04 | 1374.6 ms/update | 5960 tok/s
[train] 1253/4096 | 10264576 tok | loss 5.6737 | lr 8.116e-04 | 1370.6 ms/update | 5977 tok/s
[train] 1254/4096 | 10272768 tok | loss 5.7717 | lr 8.114e-04 | 1378.1 ms/update | 5944 tok/s
[train] 1255/4096 | 10280960 tok | loss 5.5737 | lr 8.111e-04 | 1372.7 ms/update | 5968 tok/s
[train] 1256/4096 | 10289152 tok | loss 5.5855 | lr 8.108e-04 | 1384.8 ms/update | 5916 tok/s
[train] 1257/4096 | 10297344 tok | loss 5.5581 | lr 8.105e-04 | 1360.3 ms/update | 6022 tok/s
[train] 1258/4096 | 10305536 tok | loss 5.3371 | lr 8.102e-04 | 1373.8 ms/update | 5963 tok/s
[train] 1259/4096 | 10313728 tok | loss 5.4222 | lr 8.099e-04 | 1376.2 ms/update | 5952 tok/s
[train] 1260/4096 | 10321920 tok | loss 5.3014 | lr 8.097e-04 | 1367.0 ms/update | 5993 tok/s
[train] 1261/4096 | 10330112 tok | loss 5.5202 | lr 8.094e-04 | 1384.0 ms/update | 5919 tok/s
[train] 1262/4096 | 10338304 tok | loss 5.5344 | lr 8.091e-04 | 1369.6 ms/update | 5981 tok/s
[train] 1263/4096 | 10346496 tok | loss 5.3657 | lr 8.088e-04 | 1381.5 ms/update | 5930 tok/s
[train] 1264/4096 | 10354688 tok | loss 5.7865 | lr 8.085e-04 | 1375.0 ms/update | 5958 tok/s
[train] 1265/4096 | 10362880 tok | loss 5.4752 | lr 8.082e-04 | 1364.7 ms/update | 6003 tok/s
[train] 1266/4096 | 10371072 tok | loss 5.2883 | lr 8.080e-04 | 1375.8 ms/update | 5954 tok/s
[train] 1267/4096 | 10379264 tok | loss 5.6136 | lr 8.077e-04 | 1373.5 ms/update | 5964 tok/s
[train] 1268/4096 | 10387456 tok | loss 5.7208 | lr 8.074e-04 | 1373.9 ms/update | 5963 tok/s
[train] 1269/4096 | 10395648 tok | loss 5.6615 | lr 8.071e-04 | 1372.6 ms/update | 5968 tok/s
[train] 1270/4096 | 10403840 tok | loss 5.8256 | lr 8.068e-04 | 1375.0 ms/update | 5958 tok/s
[train] 1271/4096 | 10412032 tok | loss 5.3365 | lr 8.065e-04 | 1376.3 ms/update | 5952 tok/s
[train] 1272/4096 | 10420224 tok | loss 5.0053 | lr 8.062e-04 | 1391.9 ms/update | 5886 tok/s
[train] 1273/4096 | 10428416 tok | loss 5.4866 | lr 8.060e-04 | 1377.7 ms/update | 5946 tok/s
[train] 1274/4096 | 10436608 tok | loss 5.6341 | lr 8.057e-04 | 1383.3 ms/update | 5922 tok/s
[train] 1275/4096 | 10444800 tok | loss 5.3414 | lr 8.054e-04 | 1373.8 ms/update | 5963 tok/s
[train] 1276/4096 | 10452992 tok | loss 5.3133 | lr 8.051e-04 | 1364.8 ms/update | 6002 tok/s
[train] 1277/4096 | 10461184 tok | loss 5.5841 | lr 8.048e-04 | 1371.0 ms/update | 5975 tok/s
[train] 1278/4096 | 10469376 tok | loss 5.8171 | lr 8.045e-04 | 1383.3 ms/update | 5922 tok/s
[train] 1279/4096 | 10477568 tok | loss 5.3198 | lr 8.042e-04 | 1370.3 ms/update | 5978 tok/s
[train] 1280/4096 | 10485760 tok | loss 5.5156 | lr 8.040e-04 | 1374.5 ms/update | 5960 tok/s
[eval] step 1280 | val NLL 5.2376 | ppl 188.22 | 65536 tokens
[ckpt] latest.pt @ step 1280
[train] 1281/4096 | 10493952 tok | loss 5.5115 | lr 8.037e-04 | 1370.1 ms/update | 5979 tok/s
[train] 1282/4096 | 10502144 tok | loss 5.7904 | lr 8.034e-04 | 1361.7 ms/update | 6016 tok/s
[train] 1283/4096 | 10510336 tok | loss 5.5469 | lr 8.031e-04 | 1381.3 ms/update | 5930 tok/s
[train] 1284/4096 | 10518528 tok | loss 5.6099 | lr 8.028e-04 | 1386.1 ms/update | 5910 tok/s
[train] 1285/4096 | 10526720 tok | loss 5.3425 | lr 8.025e-04 | 1372.6 ms/update | 5968 tok/s
[train] 1286/4096 | 10534912 tok | loss 5.5742 | lr 8.022e-04 | 1363.2 ms/update | 6010 tok/s
[train] 1287/4096 | 10543104 tok | loss 5.5564 | lr 8.019e-04 | 1376.7 ms/update | 5951 tok/s
[train] 1288/4096 | 10551296 tok | loss 5.6967 | lr 8.017e-04 | 1371.9 ms/update | 5971 tok/s
[train] 1289/4096 | 10559488 tok | loss 5.7369 | lr 8.014e-04 | 1378.3 ms/update | 5943 tok/s
[train] 1290/4096 | 10567680 tok | loss 5.4981 | lr 8.011e-04 | 1383.4 ms/update | 5922 tok/s
[train] 1291/4096 | 10575872 tok | loss 5.3788 | lr 8.008e-04 | 1369.5 ms/update | 5982 tok/s
[train] 1292/4096 | 10584064 tok | loss 5.5839 | lr 8.005e-04 | 1378.0 ms/update | 5945 tok/s
[train] 1293/4096 | 10592256 tok | loss 5.4218 | lr 8.002e-04 | 1376.9 ms/update | 5950 tok/s
[train] 1294/4096 | 10600448 tok | loss 5.5214 | lr 7.999e-04 | 1374.0 ms/update | 5962 tok/s
[train] 1295/4096 | 10608640 tok | loss 5.4873 | lr 7.996e-04 | 1372.9 ms/update | 5967 tok/s
[train] 1296/4096 | 10616832 tok | loss 5.5221 | lr 7.994e-04 | 1375.7 ms/update | 5955 tok/s
[train] 1297/4096 | 10625024 tok | loss 5.5329 | lr 7.991e-04 | 1390.2 ms/update | 5893 tok/s
[train] 1298/4096 | 10633216 tok | loss 5.5706 | lr 7.988e-04 | 1367.3 ms/update | 5991 tok/s
[train] 1299/4096 | 10641408 tok | loss 5.3949 | lr 7.985e-04 | 1374.6 ms/update | 5960 tok/s
[train] 1300/4096 | 10649600 tok | loss 5.6839 | lr 7.982e-04 | 1374.0 ms/update | 5962 tok/s
[train] 1301/4096 | 10657792 tok | loss 5.3513 | lr 7.979e-04 | 1367.9 ms/update | 5989 tok/s
[train] 1302/4096 | 10665984 tok | loss 5.5140 | lr 7.976e-04 | 1378.9 ms/update | 5941 tok/s
[train] 1303/4096 | 10674176 tok | loss 5.7030 | lr 7.973e-04 | 1371.4 ms/update | 5974 tok/s
[train] 1304/4096 | 10682368 tok | loss 5.4215 | lr 7.970e-04 | 1374.9 ms/update | 5958 tok/s
[train] 1305/4096 | 10690560 tok | loss 5.3649 | lr 7.968e-04 | 1372.7 ms/update | 5968 tok/s
[train] 1306/4096 | 10698752 tok | loss 5.2948 | lr 7.965e-04 | 1380.5 ms/update | 5934 tok/s
[train] 1307/4096 | 10706944 tok | loss 5.3346 | lr 7.962e-04 | 1379.3 ms/update | 5939 tok/s
[train] 1308/4096 | 10715136 tok | loss 5.5017 | lr 7.959e-04 | 1397.2 ms/update | 5863 tok/s
[train] 1309/4096 | 10723328 tok | loss 5.3189 | lr 7.956e-04 | 1387.8 ms/update | 5903 tok/s
[train] 1310/4096 | 10731520 tok | loss 5.6210 | lr 7.953e-04 | 1361.9 ms/update | 6015 tok/s
[train] 1311/4096 | 10739712 tok | loss 5.3462 | lr 7.950e-04 | 1375.6 ms/update | 5955 tok/s
[train] 1312/4096 | 10747904 tok | loss 5.5474 | lr 7.947e-04 | 1372.9 ms/update | 5967 tok/s
[train] 1313/4096 | 10756096 tok | loss 5.5661 | lr 7.944e-04 | 1371.8 ms/update | 5972 tok/s
[train] 1314/4096 | 10764288 tok | loss 5.2492 | lr 7.941e-04 | 1373.3 ms/update | 5965 tok/s
[train] 1315/4096 | 10772480 tok | loss 5.4876 | lr 7.938e-04 | 1371.6 ms/update | 5973 tok/s
[train] 1316/4096 | 10780672 tok | loss 5.1514 | lr 7.936e-04 | 1372.4 ms/update | 5969 tok/s
[train] 1317/4096 | 10788864 tok | loss 5.3780 | lr 7.933e-04 | 1375.0 ms/update | 5958 tok/s
[train] 1318/4096 | 10797056 tok | loss 5.7901 | lr 7.930e-04 | 1373.7 ms/update | 5963 tok/s
[train] 1319/4096 | 10805248 tok | loss 5.3702 | lr 7.927e-04 | 1379.3 ms/update | 5939 tok/s
[train] 1320/4096 | 10813440 tok | loss 5.5426 | lr 7.924e-04 | 1371.1 ms/update | 5975 tok/s
[train] 1321/4096 | 10821632 tok | loss 5.3448 | lr 7.921e-04 | 1373.4 ms/update | 5965 tok/s
[train] 1322/4096 | 10829824 tok | loss 5.7696 | lr 7.918e-04 | 1375.8 ms/update | 5954 tok/s
[train] 1323/4096 | 10838016 tok | loss 5.2796 | lr 7.915e-04 | 1371.3 ms/update | 5974 tok/s
[train] 1324/4096 | 10846208 tok | loss 5.2529 | lr 7.912e-04 | 1376.5 ms/update | 5951 tok/s
[train] 1325/4096 | 10854400 tok | loss 5.7265 | lr 7.909e-04 | 1371.6 ms/update | 5972 tok/s
[train] 1326/4096 | 10862592 tok | loss 5.6725 | lr 7.906e-04 | 1383.2 ms/update | 5923 tok/s
[train] 1327/4096 | 10870784 tok | loss 5.4706 | lr 7.903e-04 | 1360.2 ms/update | 6023 tok/s
[train] 1328/4096 | 10878976 tok | loss 5.5861 | lr 7.900e-04 | 1379.6 ms/update | 5938 tok/s
[train] 1329/4096 | 10887168 tok | loss 5.5149 | lr 7.897e-04 | 1370.9 ms/update | 5975 tok/s
[train] 1330/4096 | 10895360 tok | loss 5.2318 | lr 7.895e-04 | 1372.9 ms/update | 5967 tok/s
[train] 1331/4096 | 10903552 tok | loss 5.4222 | lr 7.892e-04 | 1373.9 ms/update | 5962 tok/s
[train] 1332/4096 | 10911744 tok | loss 5.3969 | lr 7.889e-04 | 1373.2 ms/update | 5966 tok/s
[train] 1333/4096 | 10919936 tok | loss 5.7020 | lr 7.886e-04 | 1376.6 ms/update | 5951 tok/s
[train] 1334/4096 | 10928128 tok | loss 5.6684 | lr 7.883e-04 | 1378.1 ms/update | 5944 tok/s
[train] 1335/4096 | 10936320 tok | loss 5.2196 | lr 7.880e-04 | 1376.8 ms/update | 5950 tok/s
[train] 1336/4096 | 10944512 tok | loss 5.2478 | lr 7.877e-04 | 1377.2 ms/update | 5948 tok/s
[train] 1337/4096 | 10952704 tok | loss 5.7698 | lr 7.874e-04 | 1371.3 ms/update | 5974 tok/s
[train] 1338/4096 | 10960896 tok | loss 5.4774 | lr 7.871e-04 | 1377.6 ms/update | 5946 tok/s
[train] 1339/4096 | 10969088 tok | loss 5.6988 | lr 7.868e-04 | 1373.4 ms/update | 5965 tok/s
[train] 1340/4096 | 10977280 tok | loss 5.4890 | lr 7.865e-04 | 1369.2 ms/update | 5983 tok/s
[train] 1341/4096 | 10985472 tok | loss 5.2721 | lr 7.862e-04 | 1366.0 ms/update | 5997 tok/s
[train] 1342/4096 | 10993664 tok | loss 5.5952 | lr 7.859e-04 | 1372.9 ms/update | 5967 tok/s
[train] 1343/4096 | 11001856 tok | loss 5.4317 | lr 7.856e-04 | 1376.2 ms/update | 5953 tok/s
[train] 1344/4096 | 11010048 tok | loss 5.4099 | lr 7.853e-04 | 1374.5 ms/update | 5960 tok/s
[train] 1345/4096 | 11018240 tok | loss 5.5442 | lr 7.850e-04 | 1366.2 ms/update | 5996 tok/s
[train] 1346/4096 | 11026432 tok | loss 5.5487 | lr 7.847e-04 | 1370.7 ms/update | 5977 tok/s
[train] 1347/4096 | 11034624 tok | loss 5.4881 | lr 7.844e-04 | 1373.3 ms/update | 5965 tok/s
[train] 1348/4096 | 11042816 tok | loss 5.0233 | lr 7.841e-04 | 1385.9 ms/update | 5911 tok/s
[train] 1349/4096 | 11051008 tok | loss 5.1523 | lr 7.839e-04 | 1362.3 ms/update | 6013 tok/s
[train] 1350/4096 | 11059200 tok | loss 5.6420 | lr 7.836e-04 | 1376.0 ms/update | 5954 tok/s
[train] 1351/4096 | 11067392 tok | loss 5.6644 | lr 7.833e-04 | 1373.1 ms/update | 5966 tok/s
[train] 1352/4096 | 11075584 tok | loss 5.4169 | lr 7.830e-04 | 1376.2 ms/update | 5953 tok/s
[train] 1353/4096 | 11083776 tok | loss 5.5689 | lr 7.827e-04 | 1376.1 ms/update | 5953 tok/s
[train] 1354/4096 | 11091968 tok | loss 5.3416 | lr 7.824e-04 | 1369.8 ms/update | 5980 tok/s
[train] 1355/4096 | 11100160 tok | loss 5.6931 | lr 7.821e-04 | 1388.1 ms/update | 5901 tok/s
[train] 1356/4096 | 11108352 tok | loss 5.4155 | lr 7.818e-04 | 1379.6 ms/update | 5938 tok/s
[train] 1357/4096 | 11116544 tok | loss 5.3790 | lr 7.815e-04 | 1378.3 ms/update | 5944 tok/s
[train] 1358/4096 | 11124736 tok | loss 5.2258 | lr 7.812e-04 | 1374.4 ms/update | 5961 tok/s
[train] 1359/4096 | 11132928 tok | loss 5.2998 | lr 7.809e-04 | 1373.7 ms/update | 5963 tok/s
[train] 1360/4096 | 11141120 tok | loss 5.5849 | lr 7.806e-04 | 1374.4 ms/update | 5960 tok/s
[train] 1361/4096 | 11149312 tok | loss 5.1861 | lr 7.803e-04 | 1377.9 ms/update | 5945 tok/s
[train] 1362/4096 | 11157504 tok | loss 5.4851 | lr 7.800e-04 | 1375.7 ms/update | 5955 tok/s
[train] 1363/4096 | 11165696 tok | loss 5.4751 | lr 7.797e-04 | 1370.8 ms/update | 5976 tok/s
[train] 1364/4096 | 11173888 tok | loss 5.7234 | lr 7.794e-04 | 1377.4 ms/update | 5948 tok/s
[train] 1365/4096 | 11182080 tok | loss 5.3518 | lr 7.791e-04 | 1373.7 ms/update | 5964 tok/s
[train] 1366/4096 | 11190272 tok | loss 5.3432 | lr 7.788e-04 | 1373.8 ms/update | 5963 tok/s
[train] 1367/4096 | 11198464 tok | loss 5.6365 | lr 7.785e-04 | 1369.6 ms/update | 5981 tok/s
[train] 1368/4096 | 11206656 tok | loss 5.6308 | lr 7.782e-04 | 1375.3 ms/update | 5956 tok/s
[train] 1369/4096 | 11214848 tok | loss 5.2547 | lr 7.779e-04 | 1379.2 ms/update | 5940 tok/s
[train] 1370/4096 | 11223040 tok | loss 5.2963 | lr 7.776e-04 | 1384.0 ms/update | 5919 tok/s
[train] 1371/4096 | 11231232 tok | loss 5.5008 | lr 7.773e-04 | 1380.3 ms/update | 5935 tok/s
[train] 1372/4096 | 11239424 tok | loss 5.2769 | lr 7.770e-04 | 1379.7 ms/update | 5937 tok/s
[train] 1373/4096 | 11247616 tok | loss 5.6495 | lr 7.767e-04 | 1371.1 ms/update | 5975 tok/s
[train] 1374/4096 | 11255808 tok | loss 5.6243 | lr 7.764e-04 | 1373.4 ms/update | 5965 tok/s
[train] 1375/4096 | 11264000 tok | loss 5.3873 | lr 7.761e-04 | 1372.8 ms/update | 5967 tok/s
[train] 1376/4096 | 11272192 tok | loss 5.2120 | lr 7.758e-04 | 1370.5 ms/update | 5977 tok/s
[train] 1377/4096 | 11280384 tok | loss 5.5990 | lr 7.755e-04 | 1388.4 ms/update | 5900 tok/s
[train] 1378/4096 | 11288576 tok | loss 5.3918 | lr 7.752e-04 | 1382.6 ms/update | 5925 tok/s
[train] 1379/4096 | 11296768 tok | loss 5.4984 | lr 7.749e-04 | 1377.7 ms/update | 5946 tok/s
[train] 1380/4096 | 11304960 tok | loss 5.4032 | lr 7.746e-04 | 1370.5 ms/update | 5977 tok/s
[train] 1381/4096 | 11313152 tok | loss 5.6382 | lr 7.743e-04 | 1367.2 ms/update | 5992 tok/s
[train] 1382/4096 | 11321344 tok | loss 5.1187 | lr 7.740e-04 | 1379.3 ms/update | 5939 tok/s
[train] 1383/4096 | 11329536 tok | loss 5.7044 | lr 7.737e-04 | 1370.2 ms/update | 5978 tok/s
[train] 1384/4096 | 11337728 tok | loss 5.3494 | lr 7.734e-04 | 1377.0 ms/update | 5949 tok/s
[train] 1385/4096 | 11345920 tok | loss 5.5266 | lr 7.731e-04 | 1372.9 ms/update | 5967 tok/s
[train] 1386/4096 | 11354112 tok | loss 5.6660 | lr 7.728e-04 | 1373.2 ms/update | 5966 tok/s
[train] 1387/4096 | 11362304 tok | loss 5.4713 | lr 7.725e-04 | 1376.0 ms/update | 5953 tok/s
[train] 1388/4096 | 11370496 tok | loss 5.3738 | lr 7.722e-04 | 1378.6 ms/update | 5942 tok/s
[train] 1389/4096 | 11378688 tok | loss 5.2103 | lr 7.719e-04 | 1377.9 ms/update | 5945 tok/s
[train] 1390/4096 | 11386880 tok | loss 5.5622 | lr 7.716e-04 | 1367.9 ms/update | 5989 tok/s
[train] 1391/4096 | 11395072 tok | loss 5.4877 | lr 7.713e-04 | 1376.1 ms/update | 5953 tok/s
[train] 1392/4096 | 11403264 tok | loss 5.6344 | lr 7.710e-04 | 1373.1 ms/update | 5966 tok/s
[train] 1393/4096 | 11411456 tok | loss 4.9980 | lr 7.707e-04 | 1375.7 ms/update | 5955 tok/s
[train] 1394/4096 | 11419648 tok | loss 5.3559 | lr 7.704e-04 | 1378.5 ms/update | 5943 tok/s
[train] 1395/4096 | 11427840 tok | loss 5.3618 | lr 7.701e-04 | 1373.2 ms/update | 5966 tok/s
[train] 1396/4096 | 11436032 tok | loss 5.3382 | lr 7.698e-04 | 1373.1 ms/update | 5966 tok/s
[train] 1397/4096 | 11444224 tok | loss 5.5985 | lr 7.695e-04 | 1377.5 ms/update | 5947 tok/s
[train] 1398/4096 | 11452416 tok | loss 5.5252 | lr 7.692e-04 | 1386.2 ms/update | 5910 tok/s
[train] 1399/4096 | 11460608 tok | loss 5.2063 | lr 7.689e-04 | 1392.0 ms/update | 5885 tok/s
[train] 1400/4096 | 11468800 tok | loss 5.4367 | lr 7.686e-04 | 1364.4 ms/update | 6004 tok/s
[train] 1401/4096 | 11476992 tok | loss 5.5035 | lr 7.683e-04 | 1374.1 ms/update | 5962 tok/s
[train] 1402/4096 | 11485184 tok | loss 5.4634 | lr 7.680e-04 | 1373.5 ms/update | 5964 tok/s
[train] 1403/4096 | 11493376 tok | loss 5.2070 | lr 7.677e-04 | 1377.4 ms/update | 5947 tok/s
[train] 1404/4096 | 11501568 tok | loss 5.4606 | lr 7.673e-04 | 1372.1 ms/update | 5971 tok/s
[train] 1405/4096 | 11509760 tok | loss 5.7500 | lr 7.670e-04 | 1374.8 ms/update | 5959 tok/s
[train] 1406/4096 | 11517952 tok | loss 4.9681 | lr 7.667e-04 | 1384.6 ms/update | 5917 tok/s
[train] 1407/4096 | 11526144 tok | loss 5.6142 | lr 7.664e-04 | 1359.5 ms/update | 6026 tok/s
[train] 1408/4096 | 11534336 tok | loss 5.6270 | lr 7.661e-04 | 1371.9 ms/update | 5971 tok/s
[eval] step 1408 | val NLL 5.1750 | ppl 176.79 | 65536 tokens
[ckpt] latest.pt @ step 1408
[train] 1409/4096 | 11542528 tok | loss 5.7585 | lr 7.658e-04 | 1370.6 ms/update | 5977 tok/s
[train] 1410/4096 | 11550720 tok | loss 5.5138 | lr 7.655e-04 | 1374.2 ms/update | 5961 tok/s
[train] 1411/4096 | 11558912 tok | loss 5.3210 | lr 7.652e-04 | 1389.5 ms/update | 5896 tok/s
[train] 1412/4096 | 11567104 tok | loss 5.2954 | lr 7.649e-04 | 1363.7 ms/update | 6007 tok/s
[train] 1413/4096 | 11575296 tok | loss 5.2803 | lr 7.646e-04 | 1371.6 ms/update | 5973 tok/s
[train] 1414/4096 | 11583488 tok | loss 5.3412 | lr 7.643e-04 | 1377.7 ms/update | 5946 tok/s
[train] 1415/4096 | 11591680 tok | loss 5.3965 | lr 7.640e-04 | 1375.6 ms/update | 5955 tok/s
[train] 1416/4096 | 11599872 tok | loss 5.2615 | lr 7.637e-04 | 1376.1 ms/update | 5953 tok/s
[train] 1417/4096 | 11608064 tok | loss 5.8086 | lr 7.634e-04 | 1373.7 ms/update | 5963 tok/s
[train] 1418/4096 | 11616256 tok | loss 5.3797 | lr 7.631e-04 | 1386.1 ms/update | 5910 tok/s
[train] 1419/4096 | 11624448 tok | loss 5.5430 | lr 7.628e-04 | 1367.6 ms/update | 5990 tok/s
[train] 1420/4096 | 11632640 tok | loss 5.4990 | lr 7.625e-04 | 1367.8 ms/update | 5989 tok/s
[train] 1421/4096 | 11640832 tok | loss 5.5569 | lr 7.622e-04 | 1374.1 ms/update | 5962 tok/s
[train] 1422/4096 | 11649024 tok | loss 5.3840 | lr 7.619e-04 | 1373.5 ms/update | 5964 tok/s
[train] 1423/4096 | 11657216 tok | loss 5.8475 | lr 7.616e-04 | 1373.9 ms/update | 5963 tok/s
[train] 1424/4096 | 11665408 tok | loss 5.4157 | lr 7.612e-04 | 1375.3 ms/update | 5956 tok/s
[train] 1425/4096 | 11673600 tok | loss 5.5569 | lr 7.609e-04 | 1378.5 ms/update | 5943 tok/s
[train] 1426/4096 | 11681792 tok | loss 5.2024 | lr 7.606e-04 | 1373.0 ms/update | 5967 tok/s
[train] 1427/4096 | 11689984 tok | loss 5.7336 | lr 7.603e-04 | 1371.2 ms/update | 5975 tok/s
[train] 1428/4096 | 11698176 tok | loss 5.2399 | lr 7.600e-04 | 1373.7 ms/update | 5964 tok/s
[train] 1429/4096 | 11706368 tok | loss 5.3399 | lr 7.597e-04 | 1379.1 ms/update | 5940 tok/s
[train] 1430/4096 | 11714560 tok | loss 5.3912 | lr 7.594e-04 | 1373.0 ms/update | 5966 tok/s
[train] 1431/4096 | 11722752 tok | loss 5.6554 | lr 7.591e-04 | 1377.3 ms/update | 5948 tok/s
[train] 1432/4096 | 11730944 tok | loss 5.7504 | lr 7.588e-04 | 1377.5 ms/update | 5947 tok/s
[train] 1433/4096 | 11739136 tok | loss 5.2314 | lr 7.585e-04 | 1379.7 ms/update | 5938 tok/s
[train] 1434/4096 | 11747328 tok | loss 5.3419 | lr 7.582e-04 | 1375.1 ms/update | 5957 tok/s
[train] 1435/4096 | 11755520 tok | loss 5.0389 | lr 7.579e-04 | 1378.9 ms/update | 5941 tok/s
[train] 1436/4096 | 11763712 tok | loss 5.3728 | lr 7.576e-04 | 1376.9 ms/update | 5950 tok/s
[train] 1437/4096 | 11771904 tok | loss 5.6756 | lr 7.573e-04 | 1376.3 ms/update | 5952 tok/s
[train] 1438/4096 | 11780096 tok | loss 5.5230 | lr 7.569e-04 | 1373.3 ms/update | 5965 tok/s
[train] 1439/4096 | 11788288 tok | loss 5.5065 | lr 7.566e-04 | 1374.8 ms/update | 5959 tok/s
[train] 1440/4096 | 11796480 tok | loss 5.4244 | lr 7.563e-04 | 1388.1 ms/update | 5901 tok/s
[train] 1441/4096 | 11804672 tok | loss 5.2116 | lr 7.560e-04 | 1364.3 ms/update | 6004 tok/s
[train] 1442/4096 | 11812864 tok | loss 5.6605 | lr 7.557e-04 | 1374.2 ms/update | 5961 tok/s
[train] 1443/4096 | 11821056 tok | loss 5.4025 | lr 7.554e-04 | 1374.7 ms/update | 5959 tok/s
[train] 1444/4096 | 11829248 tok | loss 5.6062 | lr 7.551e-04 | 1373.0 ms/update | 5966 tok/s
[train] 1445/4096 | 11837440 tok | loss 5.4970 | lr 7.548e-04 | 1373.9 ms/update | 5962 tok/s
[train] 1446/4096 | 11845632 tok | loss 5.5957 | lr 7.545e-04 | 1374.3 ms/update | 5961 tok/s
[train] 1447/4096 | 11853824 tok | loss 5.7012 | lr 7.542e-04 | 1391.8 ms/update | 5886 tok/s
[train] 1448/4096 | 11862016 tok | loss 5.5675 | lr 7.539e-04 | 1385.9 ms/update | 5911 tok/s
[train] 1449/4096 | 11870208 tok | loss 5.3094 | lr 7.536e-04 | 1369.2 ms/update | 5983 tok/s
[train] 1450/4096 | 11878400 tok | loss 5.3739 | lr 7.532e-04 | 1373.3 ms/update | 5965 tok/s
[train] 1451/4096 | 11886592 tok | loss 5.5302 | lr 7.529e-04 | 1370.9 ms/update | 5976 tok/s
[train] 1452/4096 | 11894784 tok | loss 5.3421 | lr 7.526e-04 | 1371.7 ms/update | 5972 tok/s
[train] 1453/4096 | 11902976 tok | loss 5.6111 | lr 7.523e-04 | 1375.9 ms/update | 5954 tok/s
[train] 1454/4096 | 11911168 tok | loss 5.1530 | lr 7.520e-04 | 1373.1 ms/update | 5966 tok/s
[train] 1455/4096 | 11919360 tok | loss 5.7073 | lr 7.517e-04 | 1372.9 ms/update | 5967 tok/s
[train] 1456/4096 | 11927552 tok | loss 5.5333 | lr 7.514e-04 | 1372.5 ms/update | 5969 tok/s
[train] 1457/4096 | 11935744 tok | loss 5.5543 | lr 7.511e-04 | 1372.1 ms/update | 5971 tok/s
[train] 1458/4096 | 11943936 tok | loss 5.3338 | lr 7.508e-04 | 1373.9 ms/update | 5963 tok/s
[train] 1459/4096 | 11952128 tok | loss 5.1272 | lr 7.505e-04 | 1373.3 ms/update | 5965 tok/s
[train] 1460/4096 | 11960320 tok | loss 5.6596 | lr 7.501e-04 | 1376.5 ms/update | 5951 tok/s
[train] 1461/4096 | 11968512 tok | loss 5.6555 | lr 7.498e-04 | 1371.5 ms/update | 5973 tok/s
[train] 1462/4096 | 11976704 tok | loss 5.4696 | lr 7.495e-04 | 1375.5 ms/update | 5956 tok/s
[train] 1463/4096 | 11984896 tok | loss 5.5787 | lr 7.492e-04 | 1372.5 ms/update | 5969 tok/s
[train] 1464/4096 | 11993088 tok | loss 5.4353 | lr 7.489e-04 | 1375.3 ms/update | 5957 tok/s
[train] 1465/4096 | 12001280 tok | loss 5.2754 | lr 7.486e-04 | 1374.1 ms/update | 5962 tok/s
[train] 1466/4096 | 12009472 tok | loss 5.4477 | lr 7.483e-04 | 1375.4 ms/update | 5956 tok/s
[train] 1467/4096 | 12017664 tok | loss 5.7935 | lr 7.480e-04 | 1374.6 ms/update | 5959 tok/s
[train] 1468/4096 | 12025856 tok | loss 5.3837 | lr 7.477e-04 | 1372.6 ms/update | 5968 tok/s
[train] 1469/4096 | 12034048 tok | loss 5.4981 | lr 7.473e-04 | 1383.2 ms/update | 5923 tok/s
[train] 1470/4096 | 12042240 tok | loss 5.5066 | lr 7.470e-04 | 1365.0 ms/update | 6002 tok/s
[train] 1471/4096 | 12050432 tok | loss 5.1949 | lr 7.467e-04 | 1375.5 ms/update | 5956 tok/s
[train] 1472/4096 | 12058624 tok | loss 5.6737 | lr 7.464e-04 | 1371.9 ms/update | 5971 tok/s
[train] 1473/4096 | 12066816 tok | loss 5.3000 | lr 7.461e-04 | 1374.0 ms/update | 5962 tok/s
[train] 1474/4096 | 12075008 tok | loss 5.3465 | lr 7.458e-04 | 1374.9 ms/update | 5958 tok/s
[train] 1475/4096 | 12083200 tok | loss 5.5558 | lr 7.455e-04 | 1376.0 ms/update | 5954 tok/s
[train] 1476/4096 | 12091392 tok | loss 5.0220 | lr 7.452e-04 | 1388.3 ms/update | 5901 tok/s
[train] 1477/4096 | 12099584 tok | loss 5.1973 | lr 7.448e-04 | 1367.4 ms/update | 5991 tok/s
[train] 1478/4096 | 12107776 tok | loss 5.6220 | lr 7.445e-04 | 1363.5 ms/update | 6008 tok/s
[train] 1479/4096 | 12115968 tok | loss 5.5239 | lr 7.442e-04 | 1376.0 ms/update | 5953 tok/s
[train] 1480/4096 | 12124160 tok | loss 5.6757 | lr 7.439e-04 | 1372.6 ms/update | 5968 tok/s
[train] 1481/4096 | 12132352 tok | loss 5.3162 | lr 7.436e-04 | 1371.5 ms/update | 5973 tok/s
[train] 1482/4096 | 12140544 tok | loss 5.3744 | lr 7.433e-04 | 1368.0 ms/update | 5988 tok/s
[train] 1483/4096 | 12148736 tok | loss 5.3151 | lr 7.430e-04 | 1371.2 ms/update | 5974 tok/s
[train] 1484/4096 | 12156928 tok | loss 5.0712 | lr 7.427e-04 | 1373.1 ms/update | 5966 tok/s
[train] 1485/4096 | 12165120 tok | loss 5.8571 | lr 7.423e-04 | 1361.2 ms/update | 6018 tok/s
[train] 1486/4096 | 12173312 tok | loss 5.5334 | lr 7.420e-04 | 1380.2 ms/update | 5935 tok/s
[train] 1487/4096 | 12181504 tok | loss 5.5176 | lr 7.417e-04 | 1374.0 ms/update | 5962 tok/s
[train] 1488/4096 | 12189696 tok | loss 5.6082 | lr 7.414e-04 | 1366.5 ms/update | 5995 tok/s
[train] 1489/4096 | 12197888 tok | loss 5.3914 | lr 7.411e-04 | 1358.6 ms/update | 6030 tok/s
[train] 1490/4096 | 12206080 tok | loss 5.3778 | lr 7.408e-04 | 1363.3 ms/update | 6009 tok/s
[train] 1491/4096 | 12214272 tok | loss 5.5642 | lr 7.405e-04 | 1376.9 ms/update | 5949 tok/s
[train] 1492/4096 | 12222464 tok | loss 5.4641 | lr 7.401e-04 | 1366.3 ms/update | 5996 tok/s
[train] 1493/4096 | 12230656 tok | loss 5.2599 | lr 7.398e-04 | 1359.1 ms/update | 6027 tok/s
[train] 1494/4096 | 12238848 tok | loss 5.3865 | lr 7.395e-04 | 1371.3 ms/update | 5974 tok/s
[train] 1495/4096 | 12247040 tok | loss 5.4775 | lr 7.392e-04 | 1365.9 ms/update | 5998 tok/s
[train] 1496/4096 | 12255232 tok | loss 5.4946 | lr 7.389e-04 | 1361.2 ms/update | 6018 tok/s
[train] 1497/4096 | 12263424 tok | loss 5.3901 | lr 7.386e-04 | 1359.3 ms/update | 6027 tok/s
[train] 1498/4096 | 12271616 tok | loss 5.5038 | lr 7.383e-04 | 1381.3 ms/update | 5931 tok/s
[train] 1499/4096 | 12279808 tok | loss 5.6289 | lr 7.379e-04 | 1365.6 ms/update | 5999 tok/s
[train] 1500/4096 | 12288000 tok | loss 5.5896 | lr 7.376e-04 | 1368.2 ms/update | 5987 tok/s
[train] 1501/4096 | 12296192 tok | loss 5.5786 | lr 7.373e-04 | 1360.1 ms/update | 6023 tok/s
[train] 1502/4096 | 12304384 tok | loss 4.9962 | lr 7.370e-04 | 1373.6 ms/update | 5964 tok/s
[train] 1503/4096 | 12312576 tok | loss 5.6813 | lr 7.367e-04 | 1365.9 ms/update | 5997 tok/s
[train] 1504/4096 | 12320768 tok | loss 5.2120 | lr 7.364e-04 | 1360.8 ms/update | 6020 tok/s
[train] 1505/4096 | 12328960 tok | loss 5.4247 | lr 7.360e-04 | 1372.6 ms/update | 5968 tok/s
[train] 1506/4096 | 12337152 tok | loss 4.9475 | lr 7.357e-04 | 1370.5 ms/update | 5977 tok/s
[train] 1507/4096 | 12345344 tok | loss 5.6256 | lr 7.354e-04 | 1365.4 ms/update | 6000 tok/s
[train] 1508/4096 | 12353536 tok | loss 5.2030 | lr 7.351e-04 | 1374.8 ms/update | 5959 tok/s
[train] 1509/4096 | 12361728 tok | loss 5.3488 | lr 7.348e-04 | 1371.5 ms/update | 5973 tok/s
[train] 1510/4096 | 12369920 tok | loss 5.1923 | lr 7.345e-04 | 1371.1 ms/update | 5975 tok/s
[train] 1511/4096 | 12378112 tok | loss 5.3347 | lr 7.342e-04 | 1374.7 ms/update | 5959 tok/s
[train] 1512/4096 | 12386304 tok | loss 5.0666 | lr 7.338e-04 | 1375.6 ms/update | 5955 tok/s
[train] 1513/4096 | 12394496 tok | loss 5.4729 | lr 7.335e-04 | 1386.8 ms/update | 5907 tok/s
[train] 1514/4096 | 12402688 tok | loss 5.4343 | lr 7.332e-04 | 1362.9 ms/update | 6011 tok/s
[train] 1515/4096 | 12410880 tok | loss 5.4963 | lr 7.329e-04 | 1374.8 ms/update | 5959 tok/s
[train] 1516/4096 | 12419072 tok | loss 5.2445 | lr 7.326e-04 | 1385.3 ms/update | 5913 tok/s
[train] 1517/4096 | 12427264 tok | loss 5.3902 | lr 7.322e-04 | 1362.0 ms/update | 6015 tok/s
[train] 1518/4096 | 12435456 tok | loss 5.6656 | lr 7.319e-04 | 1390.9 ms/update | 5890 tok/s
[train] 1519/4096 | 12443648 tok | loss 5.3027 | lr 7.316e-04 | 1378.4 ms/update | 5943 tok/s
[train] 1520/4096 | 12451840 tok | loss 5.3206 | lr 7.313e-04 | 1382.4 ms/update | 5926 tok/s
[train] 1521/4096 | 12460032 tok | loss 5.4773 | lr 7.310e-04 | 1364.6 ms/update | 6003 tok/s
[train] 1522/4096 | 12468224 tok | loss 5.7157 | lr 7.307e-04 | 1375.5 ms/update | 5956 tok/s
[train] 1523/4096 | 12476416 tok | loss 5.3878 | lr 7.303e-04 | 1374.2 ms/update | 5961 tok/s
[train] 1524/4096 | 12484608 tok | loss 5.3476 | lr 7.300e-04 | 1372.5 ms/update | 5969 tok/s
[train] 1525/4096 | 12492800 tok | loss 5.5616 | lr 7.297e-04 | 1374.4 ms/update | 5960 tok/s
[train] 1526/4096 | 12500992 tok | loss 5.2120 | lr 7.294e-04 | 1375.0 ms/update | 5958 tok/s
[train] 1527/4096 | 12509184 tok | loss 5.5598 | lr 7.291e-04 | 1387.4 ms/update | 5905 tok/s
[train] 1528/4096 | 12517376 tok | loss 5.6747 | lr 7.288e-04 | 1375.5 ms/update | 5956 tok/s
[train] 1529/4096 | 12525568 tok | loss 5.3597 | lr 7.284e-04 | 1365.1 ms/update | 6001 tok/s
[train] 1530/4096 | 12533760 tok | loss 5.3462 | lr 7.281e-04 | 1376.6 ms/update | 5951 tok/s
[train] 1531/4096 | 12541952 tok | loss 5.8479 | lr 7.278e-04 | 1375.6 ms/update | 5955 tok/s
[train] 1532/4096 | 12550144 tok | loss 5.6566 | lr 7.275e-04 | 1380.6 ms/update | 5933 tok/s
[train] 1533/4096 | 12558336 tok | loss 5.5551 | lr 7.272e-04 | 1377.8 ms/update | 5946 tok/s
[train] 1534/4096 | 12566528 tok | loss 5.2522 | lr 7.268e-04 | 1376.5 ms/update | 5951 tok/s
[train] 1535/4096 | 12574720 tok | loss 5.0701 | lr 7.265e-04 | 1373.2 ms/update | 5966 tok/s
[train] 1536/4096 | 12582912 tok | loss 5.3052 | lr 7.262e-04 | 1378.1 ms/update | 5945 tok/s
[eval] step 1536 | val NLL 5.1087 | ppl 165.45 | 65536 tokens
[ckpt] latest.pt @ step 1536
[train] 1537/4096 | 12591104 tok | loss 5.0990 | lr 7.259e-04 | 1373.3 ms/update | 5965 tok/s
[train] 1538/4096 | 12599296 tok | loss 5.4270 | lr 7.256e-04 | 1385.3 ms/update | 5914 tok/s
[train] 1539/4096 | 12607488 tok | loss 5.2881 | lr 7.252e-04 | 1388.8 ms/update | 5899 tok/s
[train] 1540/4096 | 12615680 tok | loss 5.5004 | lr 7.249e-04 | 1373.4 ms/update | 5965 tok/s
[train] 1541/4096 | 12623872 tok | loss 5.5663 | lr 7.246e-04 | 1372.4 ms/update | 5969 tok/s
[train] 1542/4096 | 12632064 tok | loss 5.3239 | lr 7.243e-04 | 1370.3 ms/update | 5978 tok/s
[train] 1543/4096 | 12640256 tok | loss 5.0056 | lr 7.240e-04 | 1378.0 ms/update | 5945 tok/s
[train] 1544/4096 | 12648448 tok | loss 5.4106 | lr 7.236e-04 | 1375.5 ms/update | 5956 tok/s
[train] 1545/4096 | 12656640 tok | loss 5.2327 | lr 7.233e-04 | 1373.7 ms/update | 5964 tok/s
[train] 1546/4096 | 12664832 tok | loss 5.3831 | lr 7.230e-04 | 1381.9 ms/update | 5928 tok/s
[train] 1547/4096 | 12673024 tok | loss 5.1977 | lr 7.227e-04 | 1365.5 ms/update | 5999 tok/s
[train] 1548/4096 | 12681216 tok | loss 5.4818 | lr 7.224e-04 | 1374.4 ms/update | 5960 tok/s
[train] 1549/4096 | 12689408 tok | loss 5.6081 | lr 7.220e-04 | 1373.3 ms/update | 5965 tok/s
[train] 1550/4096 | 12697600 tok | loss 5.5076 | lr 7.217e-04 | 1375.9 ms/update | 5954 tok/s
[train] 1551/4096 | 12705792 tok | loss 5.7560 | lr 7.214e-04 | 1379.9 ms/update | 5937 tok/s
[train] 1552/4096 | 12713984 tok | loss 4.9915 | lr 7.211e-04 | 1366.7 ms/update | 5994 tok/s
[train] 1553/4096 | 12722176 tok | loss 5.3337 | lr 7.208e-04 | 1372.7 ms/update | 5968 tok/s
[train] 1554/4096 | 12730368 tok | loss 5.1864 | lr 7.204e-04 | 1381.9 ms/update | 5928 tok/s
[train] 1555/4096 | 12738560 tok | loss 5.3012 | lr 7.201e-04 | 1371.5 ms/update | 5973 tok/s
[train] 1556/4096 | 12746752 tok | loss 5.3496 | lr 7.198e-04 | 1369.8 ms/update | 5981 tok/s
[train] 1557/4096 | 12754944 tok | loss 5.2648 | lr 7.195e-04 | 1376.3 ms/update | 5952 tok/s
[train] 1558/4096 | 12763136 tok | loss 5.4635 | lr 7.192e-04 | 1377.8 ms/update | 5946 tok/s
[train] 1559/4096 | 12771328 tok | loss 5.1983 | lr 7.188e-04 | 1373.7 ms/update | 5964 tok/s
[train] 1560/4096 | 12779520 tok | loss 5.3305 | lr 7.185e-04 | 1374.8 ms/update | 5959 tok/s
[train] 1561/4096 | 12787712 tok | loss 5.3831 | lr 7.182e-04 | 1385.1 ms/update | 5914 tok/s
[train] 1562/4096 | 12795904 tok | loss 5.2304 | lr 7.179e-04 | 1363.7 ms/update | 6007 tok/s
[train] 1563/4096 | 12804096 tok | loss 5.4528 | lr 7.176e-04 | 1374.2 ms/update | 5961 tok/s
[train] 1564/4096 | 12812288 tok | loss 5.3267 | lr 7.172e-04 | 1373.4 ms/update | 5965 tok/s
[train] 1565/4096 | 12820480 tok | loss 5.6666 | lr 7.169e-04 | 1373.4 ms/update | 5965 tok/s
[train] 1566/4096 | 12828672 tok | loss 5.1888 | lr 7.166e-04 | 1375.1 ms/update | 5958 tok/s
[train] 1567/4096 | 12836864 tok | loss 5.3053 | lr 7.163e-04 | 1375.0 ms/update | 5958 tok/s
[train] 1568/4096 | 12845056 tok | loss 5.1863 | lr 7.159e-04 | 1375.9 ms/update | 5954 tok/s
[train] 1569/4096 | 12853248 tok | loss 5.4672 | lr 7.156e-04 | 1374.6 ms/update | 5960 tok/s
[train] 1570/4096 | 12861440 tok | loss 5.4107 | lr 7.153e-04 | 1371.4 ms/update | 5974 tok/s
[train] 1571/4096 | 12869632 tok | loss 5.4676 | lr 7.150e-04 | 1378.0 ms/update | 5945 tok/s
[train] 1572/4096 | 12877824 tok | loss 5.3593 | lr 7.146e-04 | 1373.5 ms/update | 5964 tok/s
[train] 1573/4096 | 12886016 tok | loss 5.0522 | lr 7.143e-04 | 1372.7 ms/update | 5968 tok/s
[train] 1574/4096 | 12894208 tok | loss 5.6212 | lr 7.140e-04 | 1377.8 ms/update | 5946 tok/s
[train] 1575/4096 | 12902400 tok | loss 5.5615 | lr 7.137e-04 | 1373.9 ms/update | 5963 tok/s
[train] 1576/4096 | 12910592 tok | loss 5.1973 | lr 7.134e-04 | 1378.7 ms/update | 5942 tok/s
[train] 1577/4096 | 12918784 tok | loss 5.3061 | lr 7.130e-04 | 1377.6 ms/update | 5946 tok/s
[train] 1578/4096 | 12926976 tok | loss 5.3986 | lr 7.127e-04 | 1371.8 ms/update | 5972 tok/s
[train] 1579/4096 | 12935168 tok | loss 5.3588 | lr 7.124e-04 | 1373.7 ms/update | 5963 tok/s
[train] 1580/4096 | 12943360 tok | loss 5.3412 | lr 7.121e-04 | 1362.0 ms/update | 6014 tok/s
[train] 1581/4096 | 12951552 tok | loss 5.5316 | lr 7.117e-04 | 1372.7 ms/update | 5968 tok/s
[train] 1582/4096 | 12959744 tok | loss 5.2499 | lr 7.114e-04 | 1372.8 ms/update | 5967 tok/s
[train] 1583/4096 | 12967936 tok | loss 5.5666 | lr 7.111e-04 | 1371.5 ms/update | 5973 tok/s
[train] 1584/4096 | 12976128 tok | loss 5.4523 | lr 7.108e-04 | 1365.5 ms/update | 5999 tok/s
[train] 1585/4096 | 12984320 tok | loss 5.1362 | lr 7.104e-04 | 1378.2 ms/update | 5944 tok/s
[train] 1586/4096 | 12992512 tok | loss 5.3594 | lr 7.101e-04 | 1371.1 ms/update | 5975 tok/s
[train] 1587/4096 | 13000704 tok | loss 5.1432 | lr 7.098e-04 | 1377.5 ms/update | 5947 tok/s
[train] 1588/4096 | 13008896 tok | loss 5.7370 | lr 7.095e-04 | 1373.5 ms/update | 5964 tok/s
[train] 1589/4096 | 13017088 tok | loss 5.3112 | lr 7.091e-04 | 1370.3 ms/update | 5978 tok/s
[train] 1590/4096 | 13025280 tok | loss 5.2202 | lr 7.088e-04 | 1374.2 ms/update | 5961 tok/s
[train] 1591/4096 | 13033472 tok | loss 5.5036 | lr 7.085e-04 | 1359.0 ms/update | 6028 tok/s
[train] 1592/4096 | 13041664 tok | loss 5.6146 | lr 7.082e-04 | 1376.8 ms/update | 5950 tok/s
[train] 1593/4096 | 13049856 tok | loss 5.4613 | lr 7.078e-04 | 1372.3 ms/update | 5969 tok/s
[train] 1594/4096 | 13058048 tok | loss 5.3238 | lr 7.075e-04 | 1373.1 ms/update | 5966 tok/s
[train] 1595/4096 | 13066240 tok | loss 5.4156 | lr 7.072e-04 | 1361.2 ms/update | 6018 tok/s
[train] 1596/4096 | 13074432 tok | loss 5.3176 | lr 7.069e-04 | 1379.6 ms/update | 5938 tok/s
[train] 1597/4096 | 13082624 tok | loss 5.6543 | lr 7.065e-04 | 1379.3 ms/update | 5939 tok/s
[train] 1598/4096 | 13090816 tok | loss 5.4130 | lr 7.062e-04 | 1373.1 ms/update | 5966 tok/s
[train] 1599/4096 | 13099008 tok | loss 5.5573 | lr 7.059e-04 | 1372.5 ms/update | 5969 tok/s
[train] 1600/4096 | 13107200 tok | loss 5.2238 | lr 7.056e-04 | 1363.4 ms/update | 6008 tok/s
[train] 1601/4096 | 13115392 tok | loss 5.5872 | lr 7.052e-04 | 1375.6 ms/update | 5955 tok/s
[train] 1602/4096 | 13123584 tok | loss 5.3546 | lr 7.049e-04 | 1371.1 ms/update | 5975 tok/s
[train] 1603/4096 | 13131776 tok | loss 5.5893 | lr 7.046e-04 | 1372.3 ms/update | 5970 tok/s
[train] 1604/4096 | 13139968 tok | loss 5.1839 | lr 7.043e-04 | 1362.2 ms/update | 6014 tok/s
[train] 1605/4096 | 13148160 tok | loss 5.2280 | lr 7.039e-04 | 1387.3 ms/update | 5905 tok/s
[train] 1606/4096 | 13156352 tok | loss 5.5913 | lr 7.036e-04 | 1380.2 ms/update | 5935 tok/s
[train] 1607/4096 | 13164544 tok | loss 5.4807 | lr 7.033e-04 | 1377.5 ms/update | 5947 tok/s
[train] 1608/4096 | 13172736 tok | loss 5.3364 | lr 7.030e-04 | 1371.2 ms/update | 5974 tok/s
[train] 1609/4096 | 13180928 tok | loss 5.3635 | lr 7.026e-04 | 1372.3 ms/update | 5970 tok/s
[train] 1610/4096 | 13189120 tok | loss 5.2755 | lr 7.023e-04 | 1376.6 ms/update | 5951 tok/s
[train] 1611/4096 | 13197312 tok | loss 5.3228 | lr 7.020e-04 | 1374.6 ms/update | 5959 tok/s
[train] 1612/4096 | 13205504 tok | loss 5.0229 | lr 7.017e-04 | 1379.8 ms/update | 5937 tok/s
[train] 1613/4096 | 13213696 tok | loss 5.5245 | lr 7.013e-04 | 1365.8 ms/update | 5998 tok/s
[train] 1614/4096 | 13221888 tok | loss 5.0584 | lr 7.010e-04 | 1375.5 ms/update | 5956 tok/s
[train] 1615/4096 | 13230080 tok | loss 5.2504 | lr 7.007e-04 | 1369.7 ms/update | 5981 tok/s
[train] 1616/4096 | 13238272 tok | loss 5.0001 | lr 7.004e-04 | 1367.4 ms/update | 5991 tok/s
[train] 1617/4096 | 13246464 tok | loss 5.1479 | lr 7.000e-04 | 1368.8 ms/update | 5985 tok/s
[train] 1618/4096 | 13254656 tok | loss 5.2645 | lr 6.997e-04 | 1376.3 ms/update | 5952 tok/s
[train] 1619/4096 | 13262848 tok | loss 5.3071 | lr 6.994e-04 | 1381.8 ms/update | 5928 tok/s
[train] 1620/4096 | 13271040 tok | loss 5.6173 | lr 6.990e-04 | 1382.9 ms/update | 5924 tok/s
[train] 1621/4096 | 13279232 tok | loss 5.2950 | lr 6.987e-04 | 1376.1 ms/update | 5953 tok/s
[train] 1622/4096 | 13287424 tok | loss 5.1560 | lr 6.984e-04 | 1375.8 ms/update | 5955 tok/s
[train] 1623/4096 | 13295616 tok | loss 5.4591 | lr 6.981e-04 | 1371.3 ms/update | 5974 tok/s
[train] 1624/4096 | 13303808 tok | loss 5.1218 | lr 6.977e-04 | 1382.7 ms/update | 5925 tok/s
[train] 1625/4096 | 13312000 tok | loss 5.2558 | lr 6.974e-04 | 1370.6 ms/update | 5977 tok/s
[train] 1626/4096 | 13320192 tok | loss 5.3768 | lr 6.971e-04 | 1375.1 ms/update | 5957 tok/s
[train] 1627/4096 | 13328384 tok | loss 5.4792 | lr 6.968e-04 | 1380.3 ms/update | 5935 tok/s
[train] 1628/4096 | 13336576 tok | loss 5.2000 | lr 6.964e-04 | 1374.2 ms/update | 5961 tok/s
[train] 1629/4096 | 13344768 tok | loss 5.2673 | lr 6.961e-04 | 1377.2 ms/update | 5948 tok/s
[train] 1630/4096 | 13352960 tok | loss 5.0247 | lr 6.958e-04 | 1374.3 ms/update | 5961 tok/s
[train] 1631/4096 | 13361152 tok | loss 5.4331 | lr 6.954e-04 | 1372.0 ms/update | 5971 tok/s
[train] 1632/4096 | 13369344 tok | loss 5.1314 | lr 6.951e-04 | 1374.2 ms/update | 5961 tok/s
[train] 1633/4096 | 13377536 tok | loss 5.2463 | lr 6.948e-04 | 1372.3 ms/update | 5970 tok/s
[train] 1634/4096 | 13385728 tok | loss 5.3407 | lr 6.945e-04 | 1381.1 ms/update | 5932 tok/s
[train] 1635/4096 | 13393920 tok | loss 5.3217 | lr 6.941e-04 | 1368.2 ms/update | 5987 tok/s
[train] 1636/4096 | 13402112 tok | loss 5.0005 | lr 6.938e-04 | 1375.1 ms/update | 5957 tok/s
[train] 1637/4096 | 13410304 tok | loss 4.7974 | lr 6.935e-04 | 1377.8 ms/update | 5946 tok/s
[train] 1638/4096 | 13418496 tok | loss 5.0302 | lr 6.931e-04 | 1372.5 ms/update | 5969 tok/s
[train] 1639/4096 | 13426688 tok | loss 5.3005 | lr 6.928e-04 | 1375.1 ms/update | 5957 tok/s
[train] 1640/4096 | 13434880 tok | loss 5.4678 | lr 6.925e-04 | 1372.5 ms/update | 5968 tok/s
[train] 1641/4096 | 13443072 tok | loss 5.0668 | lr 6.922e-04 | 1381.4 ms/update | 5930 tok/s
[train] 1642/4096 | 13451264 tok | loss 5.3196 | lr 6.918e-04 | 1383.6 ms/update | 5921 tok/s
[train] 1643/4096 | 13459456 tok | loss 5.5997 | lr 6.915e-04 | 1376.7 ms/update | 5950 tok/s
[train] 1644/4096 | 13467648 tok | loss 5.3790 | lr 6.912e-04 | 1371.8 ms/update | 5972 tok/s
[train] 1645/4096 | 13475840 tok | loss 5.1062 | lr 6.908e-04 | 1374.2 ms/update | 5961 tok/s
[train] 1646/4096 | 13484032 tok | loss 5.2732 | lr 6.905e-04 | 1378.0 ms/update | 5945 tok/s
[train] 1647/4096 | 13492224 tok | loss 5.5744 | lr 6.902e-04 | 1373.0 ms/update | 5967 tok/s
[train] 1648/4096 | 13500416 tok | loss 5.1896 | lr 6.898e-04 | 1372.3 ms/update | 5970 tok/s
[train] 1649/4096 | 13508608 tok | loss 5.2587 | lr 6.895e-04 | 1377.3 ms/update | 5948 tok/s
[train] 1650/4096 | 13516800 tok | loss 5.4252 | lr 6.892e-04 | 1370.6 ms/update | 5977 tok/s
[train] 1651/4096 | 13524992 tok | loss 5.3066 | lr 6.889e-04 | 1373.5 ms/update | 5964 tok/s
[train] 1652/4096 | 13533184 tok | loss 5.2831 | lr 6.885e-04 | 1377.4 ms/update | 5947 tok/s
[train] 1653/4096 | 13541376 tok | loss 5.3936 | lr 6.882e-04 | 1370.6 ms/update | 5977 tok/s
[train] 1654/4096 | 13549568 tok | loss 5.3782 | lr 6.879e-04 | 1377.8 ms/update | 5946 tok/s
[train] 1655/4096 | 13557760 tok | loss 5.3262 | lr 6.875e-04 | 1376.2 ms/update | 5953 tok/s
[train] 1656/4096 | 13565952 tok | loss 5.2606 | lr 6.872e-04 | 1377.3 ms/update | 5948 tok/s
[train] 1657/4096 | 13574144 tok | loss 5.2264 | lr 6.869e-04 | 1372.3 ms/update | 5970 tok/s
[train] 1658/4096 | 13582336 tok | loss 5.6408 | lr 6.865e-04 | 1374.0 ms/update | 5962 tok/s
[train] 1659/4096 | 13590528 tok | loss 5.6758 | lr 6.862e-04 | 1370.7 ms/update | 5976 tok/s
[train] 1660/4096 | 13598720 tok | loss 5.1074 | lr 6.859e-04 | 1374.9 ms/update | 5958 tok/s
[train] 1661/4096 | 13606912 tok | loss 5.4873 | lr 6.856e-04 | 1368.3 ms/update | 5987 tok/s
[train] 1662/4096 | 13615104 tok | loss 5.4686 | lr 6.852e-04 | 1377.1 ms/update | 5949 tok/s
[train] 1663/4096 | 13623296 tok | loss 5.5259 | lr 6.849e-04 | 1385.1 ms/update | 5915 tok/s
[train] 1664/4096 | 13631488 tok | loss 5.2162 | lr 6.846e-04 | 1363.4 ms/update | 6009 tok/s
[eval] step 1664 | val NLL 5.1190 | ppl 167.17 | 65536 tokens
[ckpt] latest.pt @ step 1664
[train] 1665/4096 | 13639680 tok | loss 5.3502 | lr 6.842e-04 | 1369.1 ms/update | 5984 tok/s
[train] 1666/4096 | 13647872 tok | loss 5.5314 | lr 6.839e-04 | 1387.2 ms/update | 5906 tok/s
[train] 1667/4096 | 13656064 tok | loss 5.3978 | lr 6.836e-04 | 1360.1 ms/update | 6023 tok/s
[train] 1668/4096 | 13664256 tok | loss 5.6896 | lr 6.832e-04 | 1380.5 ms/update | 5934 tok/s
[train] 1669/4096 | 13672448 tok | loss 5.5292 | lr 6.829e-04 | 1368.8 ms/update | 5985 tok/s
[train] 1670/4096 | 13680640 tok | loss 5.3125 | lr 6.826e-04 | 1374.4 ms/update | 5960 tok/s
[train] 1671/4096 | 13688832 tok | loss 5.5297 | lr 6.822e-04 | 1369.6 ms/update | 5981 tok/s
[train] 1672/4096 | 13697024 tok | loss 5.0190 | lr 6.819e-04 | 1367.5 ms/update | 5991 tok/s
[train] 1673/4096 | 13705216 tok | loss 5.5587 | lr 6.816e-04 | 1376.7 ms/update | 5950 tok/s
[train] 1674/4096 | 13713408 tok | loss 5.3878 | lr 6.813e-04 | 1373.1 ms/update | 5966 tok/s
[train] 1675/4096 | 13721600 tok | loss 5.6086 | lr 6.809e-04 | 1384.5 ms/update | 5917 tok/s
[train] 1676/4096 | 13729792 tok | loss 5.4436 | lr 6.806e-04 | 1371.8 ms/update | 5972 tok/s
[train] 1677/4096 | 13737984 tok | loss 5.4699 | lr 6.803e-04 | 1376.1 ms/update | 5953 tok/s
[train] 1678/4096 | 13746176 tok | loss 5.1796 | lr 6.799e-04 | 1378.4 ms/update | 5943 tok/s
[train] 1679/4096 | 13754368 tok | loss 5.3411 | lr 6.796e-04 | 1375.7 ms/update | 5955 tok/s
[train] 1680/4096 | 13762560 tok | loss 5.2957 | lr 6.793e-04 | 1376.8 ms/update | 5950 tok/s
[train] 1681/4096 | 13770752 tok | loss 5.2838 | lr 6.789e-04 | 1373.3 ms/update | 5965 tok/s
[train] 1682/4096 | 13778944 tok | loss 5.5018 | lr 6.786e-04 | 1386.8 ms/update | 5907 tok/s
[train] 1683/4096 | 13787136 tok | loss 5.2378 | lr 6.783e-04 | 1369.4 ms/update | 5982 tok/s
[train] 1684/4096 | 13795328 tok | loss 5.5815 | lr 6.779e-04 | 1371.4 ms/update | 5973 tok/s
[train] 1685/4096 | 13803520 tok | loss 5.6576 | lr 6.776e-04 | 1379.6 ms/update | 5938 tok/s
[train] 1686/4096 | 13811712 tok | loss 5.2361 | lr 6.773e-04 | 1372.2 ms/update | 5970 tok/s
[train] 1687/4096 | 13819904 tok | loss 5.1799 | lr 6.769e-04 | 1378.5 ms/update | 5943 tok/s
[train] 1688/4096 | 13828096 tok | loss 5.2572 | lr 6.766e-04 | 1373.8 ms/update | 5963 tok/s
[train] 1689/4096 | 13836288 tok | loss 5.3077 | lr 6.763e-04 | 1374.6 ms/update | 5960 tok/s
[train] 1690/4096 | 13844480 tok | loss 5.3442 | lr 6.759e-04 | 1374.2 ms/update | 5961 tok/s
[train] 1691/4096 | 13852672 tok | loss 5.6138 | lr 6.756e-04 | 1373.1 ms/update | 5966 tok/s
[train] 1692/4096 | 13860864 tok | loss 5.4395 | lr 6.753e-04 | 1374.9 ms/update | 5958 tok/s
[train] 1693/4096 | 13869056 tok | loss 5.3526 | lr 6.749e-04 | 1374.8 ms/update | 5959 tok/s
[train] 1694/4096 | 13877248 tok | loss 5.2871 | lr 6.746e-04 | 1377.8 ms/update | 5946 tok/s
[train] 1695/4096 | 13885440 tok | loss 5.4123 | lr 6.743e-04 | 1374.4 ms/update | 5960 tok/s
[train] 1696/4096 | 13893632 tok | loss 4.9963 | lr 6.739e-04 | 1369.4 ms/update | 5982 tok/s
[train] 1697/4096 | 13901824 tok | loss 5.4531 | lr 6.736e-04 | 1381.9 ms/update | 5928 tok/s
[train] 1698/4096 | 13910016 tok | loss 5.0409 | lr 6.733e-04 | 1370.3 ms/update | 5978 tok/s
[train] 1699/4096 | 13918208 tok | loss 5.4945 | lr 6.729e-04 | 1375.1 ms/update | 5957 tok/s
[train] 1700/4096 | 13926400 tok | loss 5.3886 | lr 6.726e-04 | 1371.4 ms/update | 5974 tok/s
[train] 1701/4096 | 13934592 tok | loss 5.2821 | lr 6.723e-04 | 1374.9 ms/update | 5958 tok/s
[train] 1702/4096 | 13942784 tok | loss 5.2188 | lr 6.719e-04 | 1373.5 ms/update | 5964 tok/s
[train] 1703/4096 | 13950976 tok | loss 5.4344 | lr 6.716e-04 | 1375.6 ms/update | 5955 tok/s
[train] 1704/4096 | 13959168 tok | loss 4.9057 | lr 6.713e-04 | 1385.1 ms/update | 5914 tok/s
[train] 1705/4096 | 13967360 tok | loss 5.1252 | lr 6.709e-04 | 1366.7 ms/update | 5994 tok/s
[train] 1706/4096 | 13975552 tok | loss 5.3329 | lr 6.706e-04 | 1377.7 ms/update | 5946 tok/s
[train] 1707/4096 | 13983744 tok | loss 5.6286 | lr 6.703e-04 | 1369.1 ms/update | 5983 tok/s
[train] 1708/4096 | 13991936 tok | loss 5.1651 | lr 6.699e-04 | 1377.3 ms/update | 5948 tok/s
[train] 1709/4096 | 14000128 tok | loss 5.3073 | lr 6.696e-04 | 1374.4 ms/update | 5960 tok/s
[train] 1710/4096 | 14008320 tok | loss 5.3341 | lr 6.693e-04 | 1375.9 ms/update | 5954 tok/s
[train] 1711/4096 | 14016512 tok | loss 5.3714 | lr 6.689e-04 | 1377.3 ms/update | 5948 tok/s
[train] 1712/4096 | 14024704 tok | loss 5.7489 | lr 6.686e-04 | 1370.7 ms/update | 5976 tok/s
[train] 1713/4096 | 14032896 tok | loss 5.3866 | lr 6.683e-04 | 1370.9 ms/update | 5976 tok/s
[train] 1714/4096 | 14041088 tok | loss 5.0262 | lr 6.679e-04 | 1370.2 ms/update | 5979 tok/s
[train] 1715/4096 | 14049280 tok | loss 5.2351 | lr 6.676e-04 | 1363.6 ms/update | 6008 tok/s
[train] 1716/4096 | 14057472 tok | loss 5.3793 | lr 6.673e-04 | 1371.3 ms/update | 5974 tok/s
[train] 1717/4096 | 14065664 tok | loss 4.6472 | lr 6.669e-04 | 1372.5 ms/update | 5969 tok/s
[train] 1718/4096 | 14073856 tok | loss 5.4958 | lr 6.666e-04 | 1369.6 ms/update | 5981 tok/s
[train] 1719/4096 | 14082048 tok | loss 5.1463 | lr 6.662e-04 | 1364.8 ms/update | 6003 tok/s
[train] 1720/4096 | 14090240 tok | loss 5.3307 | lr 6.659e-04 | 1378.3 ms/update | 5944 tok/s
[train] 1721/4096 | 14098432 tok | loss 5.3561 | lr 6.656e-04 | 1375.4 ms/update | 5956 tok/s
[train] 1722/4096 | 14106624 tok | loss 5.5564 | lr 6.652e-04 | 1378.1 ms/update | 5944 tok/s
[train] 1723/4096 | 14114816 tok | loss 5.4784 | lr 6.649e-04 | 1379.0 ms/update | 5941 tok/s
[train] 1724/4096 | 14123008 tok | loss 5.5199 | lr 6.646e-04 | 1375.8 ms/update | 5955 tok/s
[train] 1725/4096 | 14131200 tok | loss 5.5712 | lr 6.642e-04 | 1371.2 ms/update | 5974 tok/s
[train] 1726/4096 | 14139392 tok | loss 5.4298 | lr 6.639e-04 | 1368.4 ms/update | 5987 tok/s
[train] 1727/4096 | 14147584 tok | loss 5.4615 | lr 6.636e-04 | 1365.0 ms/update | 6001 tok/s
[train] 1728/4096 | 14155776 tok | loss 5.2008 | lr 6.632e-04 | 1375.5 ms/update | 5956 tok/s
[train] 1729/4096 | 14163968 tok | loss 5.2335 | lr 6.629e-04 | 1375.9 ms/update | 5954 tok/s
[train] 1730/4096 | 14172160 tok | loss 5.4067 | lr 6.626e-04 | 1377.8 ms/update | 5946 tok/s
[train] 1731/4096 | 14180352 tok | loss 5.1355 | lr 6.622e-04 | 1375.9 ms/update | 5954 tok/s
[train] 1732/4096 | 14188544 tok | loss 5.2340 | lr 6.619e-04 | 1377.6 ms/update | 5947 tok/s
[train] 1733/4096 | 14196736 tok | loss 5.4643 | lr 6.615e-04 | 1382.7 ms/update | 5925 tok/s
[train] 1734/4096 | 14204928 tok | loss 5.4061 | lr 6.612e-04 | 1368.1 ms/update | 5988 tok/s
[train] 1735/4096 | 14213120 tok | loss 5.1089 | lr 6.609e-04 | 1372.3 ms/update | 5969 tok/s
[train] 1736/4096 | 14221312 tok | loss 5.3447 | lr 6.605e-04 | 1373.8 ms/update | 5963 tok/s
[train] 1737/4096 | 14229504 tok | loss 5.4453 | lr 6.602e-04 | 1368.2 ms/update | 5987 tok/s
[train] 1738/4096 | 14237696 tok | loss 5.2881 | lr 6.599e-04 | 1363.2 ms/update | 6009 tok/s
[train] 1739/4096 | 14245888 tok | loss 5.4350 | lr 6.595e-04 | 1371.3 ms/update | 5974 tok/s
[train] 1740/4096 | 14254080 tok | loss 5.3415 | lr 6.592e-04 | 1376.8 ms/update | 5950 tok/s
[train] 1741/4096 | 14262272 tok | loss 5.2120 | lr 6.589e-04 | 1376.8 ms/update | 5950 tok/s
[train] 1742/4096 | 14270464 tok | loss 5.2641 | lr 6.585e-04 | 1368.2 ms/update | 5987 tok/s
[train] 1743/4096 | 14278656 tok | loss 5.5500 | lr 6.582e-04 | 1373.5 ms/update | 5964 tok/s
[train] 1744/4096 | 14286848 tok | loss 5.5287 | lr 6.578e-04 | 1375.8 ms/update | 5954 tok/s
[train] 1745/4096 | 14295040 tok | loss 5.2370 | lr 6.575e-04 | 1378.2 ms/update | 5944 tok/s
[train] 1746/4096 | 14303232 tok | loss 4.8683 | lr 6.572e-04 | 1372.2 ms/update | 5970 tok/s
[train] 1747/4096 | 14311424 tok | loss 5.1037 | lr 6.568e-04 | 1375.4 ms/update | 5956 tok/s
[train] 1748/4096 | 14319616 tok | loss 4.9966 | lr 6.565e-04 | 1377.8 ms/update | 5946 tok/s
[train] 1749/4096 | 14327808 tok | loss 5.1076 | lr 6.562e-04 | 1384.9 ms/update | 5915 tok/s
[train] 1750/4096 | 14336000 tok | loss 5.2332 | lr 6.558e-04 | 1366.7 ms/update | 5994 tok/s
[train] 1751/4096 | 14344192 tok | loss 5.1612 | lr 6.555e-04 | 1384.0 ms/update | 5919 tok/s
[train] 1752/4096 | 14352384 tok | loss 5.2613 | lr 6.552e-04 | 1395.1 ms/update | 5872 tok/s
[train] 1753/4096 | 14360576 tok | loss 5.3792 | lr 6.548e-04 | 1385.9 ms/update | 5911 tok/s
[train] 1754/4096 | 14368768 tok | loss 5.2897 | lr 6.545e-04 | 1379.3 ms/update | 5939 tok/s
[train] 1755/4096 | 14376960 tok | loss 5.1624 | lr 6.541e-04 | 1386.1 ms/update | 5910 tok/s
[train] 1756/4096 | 14385152 tok | loss 5.5451 | lr 6.538e-04 | 1368.5 ms/update | 5986 tok/s
[train] 1757/4096 | 14393344 tok | loss 4.8939 | lr 6.535e-04 | 1379.8 ms/update | 5937 tok/s
[train] 1758/4096 | 14401536 tok | loss 5.5369 | lr 6.531e-04 | 1372.2 ms/update | 5970 tok/s
[train] 1759/4096 | 14409728 tok | loss 5.0875 | lr 6.528e-04 | 1372.7 ms/update | 5968 tok/s
[train] 1760/4096 | 14417920 tok | loss 5.6890 | lr 6.525e-04 | 1374.5 ms/update | 5960 tok/s
[train] 1761/4096 | 14426112 tok | loss 4.8519 | lr 6.521e-04 | 1399.3 ms/update | 5854 tok/s
[train] 1762/4096 | 14434304 tok | loss 5.3656 | lr 6.518e-04 | 1389.6 ms/update | 5895 tok/s
[train] 1763/4096 | 14442496 tok | loss 5.2652 | lr 6.514e-04 | 1374.0 ms/update | 5962 tok/s
[train] 1764/4096 | 14450688 tok | loss 5.3022 | lr 6.511e-04 | 1372.6 ms/update | 5968 tok/s
[train] 1765/4096 | 14458880 tok | loss 5.3166 | lr 6.508e-04 | 1374.5 ms/update | 5960 tok/s
[train] 1766/4096 | 14467072 tok | loss 5.1742 | lr 6.504e-04 | 1376.2 ms/update | 5953 tok/s
[train] 1767/4096 | 14475264 tok | loss 5.6439 | lr 6.501e-04 | 1378.0 ms/update | 5945 tok/s
[train] 1768/4096 | 14483456 tok | loss 5.1383 | lr 6.497e-04 | 1373.8 ms/update | 5963 tok/s
[train] 1769/4096 | 14491648 tok | loss 5.0614 | lr 6.494e-04 | 1393.9 ms/update | 5877 tok/s
[train] 1770/4096 | 14499840 tok | loss 5.1038 | lr 6.491e-04 | 1376.7 ms/update | 5951 tok/s
[train] 1771/4096 | 14508032 tok | loss 5.3484 | lr 6.487e-04 | 1377.5 ms/update | 5947 tok/s
[train] 1772/4096 | 14516224 tok | loss 5.2515 | lr 6.484e-04 | 1382.2 ms/update | 5927 tok/s
[train] 1773/4096 | 14524416 tok | loss 5.5259 | lr 6.481e-04 | 1368.6 ms/update | 5986 tok/s
[train] 1774/4096 | 14532608 tok | loss 4.9574 | lr 6.477e-04 | 1380.2 ms/update | 5936 tok/s
[train] 1775/4096 | 14540800 tok | loss 5.3547 | lr 6.474e-04 | 1370.1 ms/update | 5979 tok/s
[train] 1776/4096 | 14548992 tok | loss 5.0630 | lr 6.470e-04 | 1371.0 ms/update | 5975 tok/s
[train] 1777/4096 | 14557184 tok | loss 5.3835 | lr 6.467e-04 | 1356.0 ms/update | 6041 tok/s
[train] 1778/4096 | 14565376 tok | loss 5.2697 | lr 6.464e-04 | 1365.6 ms/update | 5999 tok/s
[train] 1779/4096 | 14573568 tok | loss 5.0358 | lr 6.460e-04 | 1364.1 ms/update | 6005 tok/s
[train] 1780/4096 | 14581760 tok | loss 5.3939 | lr 6.457e-04 | 1367.5 ms/update | 5990 tok/s
[train] 1781/4096 | 14589952 tok | loss 5.2532 | lr 6.453e-04 | 1367.3 ms/update | 5991 tok/s
[train] 1782/4096 | 14598144 tok | loss 5.3360 | lr 6.450e-04 | 1371.9 ms/update | 5971 tok/s
[train] 1783/4096 | 14606336 tok | loss 5.1404 | lr 6.447e-04 | 1379.3 ms/update | 5939 tok/s
[train] 1784/4096 | 14614528 tok | loss 5.4430 | lr 6.443e-04 | 1380.6 ms/update | 5934 tok/s
[train] 1785/4096 | 14622720 tok | loss 5.3428 | lr 6.440e-04 | 1366.4 ms/update | 5995 tok/s
[train] 1786/4096 | 14630912 tok | loss 5.4122 | lr 6.437e-04 | 1373.6 ms/update | 5964 tok/s
[train] 1787/4096 | 14639104 tok | loss 5.0982 | lr 6.433e-04 | 1372.2 ms/update | 5970 tok/s
[train] 1788/4096 | 14647296 tok | loss 5.2867 | lr 6.430e-04 | 1376.2 ms/update | 5953 tok/s
[train] 1789/4096 | 14655488 tok | loss 5.5031 | lr 6.426e-04 | 1372.5 ms/update | 5969 tok/s
[train] 1790/4096 | 14663680 tok | loss 4.9840 | lr 6.423e-04 | 1375.3 ms/update | 5957 tok/s
[train] 1791/4096 | 14671872 tok | loss 5.1332 | lr 6.420e-04 | 1384.2 ms/update | 5918 tok/s
[train] 1792/4096 | 14680064 tok | loss 5.2386 | lr 6.416e-04 | 1384.9 ms/update | 5915 tok/s
[eval] step 1792 | val NLL 5.0539 | ppl 156.63 | 65536 tokens
[ckpt] latest.pt @ step 1792
[train] 1793/4096 | 14688256 tok | loss 5.3014 | lr 6.413e-04 | 1375.5 ms/update | 5956 tok/s
[train] 1794/4096 | 14696448 tok | loss 5.0984 | lr 6.409e-04 | 1372.9 ms/update | 5967 tok/s
[train] 1795/4096 | 14704640 tok | loss 5.2103 | lr 6.406e-04 | 1372.5 ms/update | 5968 tok/s
[train] 1796/4096 | 14712832 tok | loss 5.2125 | lr 6.403e-04 | 1379.1 ms/update | 5940 tok/s
[train] 1797/4096 | 14721024 tok | loss 5.3550 | lr 6.399e-04 | 1376.9 ms/update | 5950 tok/s
[train] 1798/4096 | 14729216 tok | loss 5.3075 | lr 6.396e-04 | 1372.3 ms/update | 5969 tok/s
[train] 1799/4096 | 14737408 tok | loss 5.5914 | lr 6.392e-04 | 1377.4 ms/update | 5947 tok/s
[train] 1800/4096 | 14745600 tok | loss 5.2434 | lr 6.389e-04 | 1372.2 ms/update | 5970 tok/s
[train] 1801/4096 | 14753792 tok | loss 5.1993 | lr 6.386e-04 | 1373.6 ms/update | 5964 tok/s
[train] 1802/4096 | 14761984 tok | loss 5.3790 | lr 6.382e-04 | 1381.4 ms/update | 5930 tok/s
[train] 1803/4096 | 14770176 tok | loss 5.4140 | lr 6.379e-04 | 1375.2 ms/update | 5957 tok/s
[train] 1804/4096 | 14778368 tok | loss 5.3000 | lr 6.375e-04 | 1365.1 ms/update | 6001 tok/s
[train] 1805/4096 | 14786560 tok | loss 5.3467 | lr 6.372e-04 | 1366.2 ms/update | 5996 tok/s
[train] 1806/4096 | 14794752 tok | loss 5.3132 | lr 6.369e-04 | 1380.4 ms/update | 5935 tok/s
[train] 1807/4096 | 14802944 tok | loss 5.4349 | lr 6.365e-04 | 1367.1 ms/update | 5992 tok/s
[train] 1808/4096 | 14811136 tok | loss 5.2160 | lr 6.362e-04 | 1375.4 ms/update | 5956 tok/s
[train] 1809/4096 | 14819328 tok | loss 5.6826 | lr 6.358e-04 | 1377.0 ms/update | 5949 tok/s
[train] 1810/4096 | 14827520 tok | loss 5.4407 | lr 6.355e-04 | 1372.3 ms/update | 5970 tok/s
[train] 1811/4096 | 14835712 tok | loss 5.3099 | lr 6.352e-04 | 1373.6 ms/update | 5964 tok/s
[train] 1812/4096 | 14843904 tok | loss 5.2158 | lr 6.348e-04 | 1373.1 ms/update | 5966 tok/s
[train] 1813/4096 | 14852096 tok | loss 5.1437 | lr 6.345e-04 | 1375.1 ms/update | 5958 tok/s
[train] 1814/4096 | 14860288 tok | loss 5.1104 | lr 6.341e-04 | 1376.8 ms/update | 5950 tok/s
[train] 1815/4096 | 14868480 tok | loss 5.3771 | lr 6.338e-04 | 1377.7 ms/update | 5946 tok/s
[train] 1816/4096 | 14876672 tok | loss 5.3312 | lr 6.334e-04 | 1374.9 ms/update | 5958 tok/s
[train] 1817/4096 | 14884864 tok | loss 5.2432 | lr 6.331e-04 | 1376.9 ms/update | 5950 tok/s
[train] 1818/4096 | 14893056 tok | loss 4.9732 | lr 6.328e-04 | 1379.9 ms/update | 5937 tok/s
[train] 1819/4096 | 14901248 tok | loss 5.1485 | lr 6.324e-04 | 1372.2 ms/update | 5970 tok/s
[train] 1820/4096 | 14909440 tok | loss 5.0980 | lr 6.321e-04 | 1377.8 ms/update | 5946 tok/s
[train] 1821/4096 | 14917632 tok | loss 5.4405 | lr 6.317e-04 | 1376.0 ms/update | 5954 tok/s
[train] 1822/4096 | 14925824 tok | loss 5.4966 | lr 6.314e-04 | 1374.2 ms/update | 5961 tok/s
[train] 1823/4096 | 14934016 tok | loss 5.1463 | lr 6.311e-04 | 1376.2 ms/update | 5953 tok/s
[train] 1824/4096 | 14942208 tok | loss 5.2293 | lr 6.307e-04 | 1375.3 ms/update | 5956 tok/s
[train] 1825/4096 | 14950400 tok | loss 5.3797 | lr 6.304e-04 | 1382.8 ms/update | 5924 tok/s
[train] 1826/4096 | 14958592 tok | loss 5.3705 | lr 6.300e-04 | 1368.0 ms/update | 5988 tok/s
[train] 1827/4096 | 14966784 tok | loss 5.6010 | lr 6.297e-04 | 1374.5 ms/update | 5960 tok/s
[train] 1828/4096 | 14974976 tok | loss 5.5092 | lr 6.294e-04 | 1378.9 ms/update | 5941 tok/s
[train] 1829/4096 | 14983168 tok | loss 5.1785 | lr 6.290e-04 | 1372.2 ms/update | 5970 tok/s
[train] 1830/4096 | 14991360 tok | loss 5.0462 | lr 6.287e-04 | 1376.3 ms/update | 5952 tok/s
[train] 1831/4096 | 14999552 tok | loss 5.2818 | lr 6.283e-04 | 1373.6 ms/update | 5964 tok/s
[train] 1832/4096 | 15007744 tok | loss 5.4484 | lr 6.280e-04 | 1375.9 ms/update | 5954 tok/s
[train] 1833/4096 | 15015936 tok | loss 5.1495 | lr 6.276e-04 | 1371.1 ms/update | 5975 tok/s
[train] 1834/4096 | 15024128 tok | loss 5.4675 | lr 6.273e-04 | 1371.7 ms/update | 5972 tok/s
[train] 1835/4096 | 15032320 tok | loss 5.4157 | lr 6.270e-04 | 1375.3 ms/update | 5957 tok/s
[train] 1836/4096 | 15040512 tok | loss 5.2172 | lr 6.266e-04 | 1370.0 ms/update | 5979 tok/s
[train] 1837/4096 | 15048704 tok | loss 5.2068 | lr 6.263e-04 | 1375.6 ms/update | 5955 tok/s
[train] 1838/4096 | 15056896 tok | loss 5.2527 | lr 6.259e-04 | 1376.2 ms/update | 5953 tok/s
[train] 1839/4096 | 15065088 tok | loss 5.3784 | lr 6.256e-04 | 1373.4 ms/update | 5965 tok/s
[train] 1840/4096 | 15073280 tok | loss 5.0671 | lr 6.253e-04 | 1375.3 ms/update | 5956 tok/s
[train] 1841/4096 | 15081472 tok | loss 5.2703 | lr 6.249e-04 | 1373.4 ms/update | 5965 tok/s
[train] 1842/4096 | 15089664 tok | loss 5.4537 | lr 6.246e-04 | 1373.1 ms/update | 5966 tok/s
[train] 1843/4096 | 15097856 tok | loss 5.4672 | lr 6.242e-04 | 1372.5 ms/update | 5968 tok/s
[train] 1844/4096 | 15106048 tok | loss 5.3103 | lr 6.239e-04 | 1375.6 ms/update | 5955 tok/s
[train] 1845/4096 | 15114240 tok | loss 5.1188 | lr 6.235e-04 | 1374.5 ms/update | 5960 tok/s
[train] 1846/4096 | 15122432 tok | loss 5.2851 | lr 6.232e-04 | 1374.7 ms/update | 5959 tok/s
[train] 1847/4096 | 15130624 tok | loss 5.3989 | lr 6.229e-04 | 1381.0 ms/update | 5932 tok/s
[train] 1848/4096 | 15138816 tok | loss 5.0789 | lr 6.225e-04 | 1373.5 ms/update | 5964 tok/s
[train] 1849/4096 | 15147008 tok | loss 5.1339 | lr 6.222e-04 | 1372.8 ms/update | 5967 tok/s
[train] 1850/4096 | 15155200 tok | loss 5.5955 | lr 6.218e-04 | 1376.4 ms/update | 5952 tok/s
[train] 1851/4096 | 15163392 tok | loss 5.2811 | lr 6.215e-04 | 1371.7 ms/update | 5972 tok/s
[train] 1852/4096 | 15171584 tok | loss 5.1685 | lr 6.211e-04 | 1374.1 ms/update | 5962 tok/s
[train] 1853/4096 | 15179776 tok | loss 5.0151 | lr 6.208e-04 | 1380.4 ms/update | 5934 tok/s
[train] 1854/4096 | 15187968 tok | loss 5.4263 | lr 6.205e-04 | 1379.2 ms/update | 5940 tok/s
[train] 1855/4096 | 15196160 tok | loss 5.4610 | lr 6.201e-04 | 1366.4 ms/update | 5995 tok/s
[train] 1856/4096 | 15204352 tok | loss 4.8693 | lr 6.198e-04 | 1375.9 ms/update | 5954 tok/s
[train] 1857/4096 | 15212544 tok | loss 5.4444 | lr 6.194e-04 | 1376.1 ms/update | 5953 tok/s
[train] 1858/4096 | 15220736 tok | loss 5.1483 | lr 6.191e-04 | 1373.9 ms/update | 5963 tok/s
[train] 1859/4096 | 15228928 tok | loss 5.3074 | lr 6.188e-04 | 1371.7 ms/update | 5972 tok/s
[train] 1860/4096 | 15237120 tok | loss 5.5625 | lr 6.184e-04 | 1374.4 ms/update | 5960 tok/s
[train] 1861/4096 | 15245312 tok | loss 5.2165 | lr 6.181e-04 | 1377.4 ms/update | 5947 tok/s
[train] 1862/4096 | 15253504 tok | loss 5.0450 | lr 6.177e-04 | 1374.6 ms/update | 5959 tok/s
[train] 1863/4096 | 15261696 tok | loss 5.4697 | lr 6.174e-04 | 1378.4 ms/update | 5943 tok/s
[train] 1864/4096 | 15269888 tok | loss 5.2427 | lr 6.170e-04 | 1373.4 ms/update | 5965 tok/s
[train] 1865/4096 | 15278080 tok | loss 5.3932 | lr 6.167e-04 | 1378.3 ms/update | 5943 tok/s
[train] 1866/4096 | 15286272 tok | loss 5.4900 | lr 6.164e-04 | 1377.7 ms/update | 5946 tok/s
[train] 1867/4096 | 15294464 tok | loss 5.3398 | lr 6.160e-04 | 1370.4 ms/update | 5978 tok/s
[train] 1868/4096 | 15302656 tok | loss 5.2217 | lr 6.157e-04 | 1372.7 ms/update | 5968 tok/s
[train] 1869/4096 | 15310848 tok | loss 5.3527 | lr 6.153e-04 | 1362.7 ms/update | 6012 tok/s
[train] 1870/4096 | 15319040 tok | loss 5.2872 | lr 6.150e-04 | 1375.1 ms/update | 5957 tok/s
[train] 1871/4096 | 15327232 tok | loss 5.1209 | lr 6.146e-04 | 1376.5 ms/update | 5951 tok/s
[train] 1872/4096 | 15335424 tok | loss 5.3445 | lr 6.143e-04 | 1375.9 ms/update | 5954 tok/s
[train] 1873/4096 | 15343616 tok | loss 5.5369 | lr 6.139e-04 | 1376.4 ms/update | 5952 tok/s
[train] 1874/4096 | 15351808 tok | loss 5.0457 | lr 6.136e-04 | 1372.2 ms/update | 5970 tok/s
[train] 1875/4096 | 15360000 tok | loss 5.1508 | lr 6.133e-04 | 1371.9 ms/update | 5971 tok/s
[train] 1876/4096 | 15368192 tok | loss 5.4121 | lr 6.129e-04 | 1374.5 ms/update | 5960 tok/s
[train] 1877/4096 | 15376384 tok | loss 5.1169 | lr 6.126e-04 | 1369.6 ms/update | 5981 tok/s
[train] 1878/4096 | 15384576 tok | loss 5.3294 | lr 6.122e-04 | 1363.7 ms/update | 6007 tok/s
[train] 1879/4096 | 15392768 tok | loss 5.1014 | lr 6.119e-04 | 1373.8 ms/update | 5963 tok/s
[train] 1880/4096 | 15400960 tok | loss 5.3230 | lr 6.115e-04 | 1378.1 ms/update | 5945 tok/s
[train] 1881/4096 | 15409152 tok | loss 5.6206 | lr 6.112e-04 | 1375.0 ms/update | 5958 tok/s
[train] 1882/4096 | 15417344 tok | loss 5.1565 | lr 6.109e-04 | 1374.6 ms/update | 5959 tok/s
[train] 1883/4096 | 15425536 tok | loss 5.3633 | lr 6.105e-04 | 1378.2 ms/update | 5944 tok/s
[train] 1884/4096 | 15433728 tok | loss 5.1569 | lr 6.102e-04 | 1366.4 ms/update | 5995 tok/s
[train] 1885/4096 | 15441920 tok | loss 5.4016 | lr 6.098e-04 | 1376.4 ms/update | 5952 tok/s
[train] 1886/4096 | 15450112 tok | loss 5.4939 | lr 6.095e-04 | 1389.4 ms/update | 5896 tok/s
[train] 1887/4096 | 15458304 tok | loss 5.3132 | lr 6.091e-04 | 1385.4 ms/update | 5913 tok/s
[train] 1888/4096 | 15466496 tok | loss 5.4588 | lr 6.088e-04 | 1371.5 ms/update | 5973 tok/s
[train] 1889/4096 | 15474688 tok | loss 5.3826 | lr 6.085e-04 | 1374.1 ms/update | 5962 tok/s
[train] 1890/4096 | 15482880 tok | loss 5.3870 | lr 6.081e-04 | 1380.4 ms/update | 5935 tok/s
[train] 1891/4096 | 15491072 tok | loss 5.6934 | lr 6.078e-04 | 1359.8 ms/update | 6024 tok/s
[train] 1892/4096 | 15499264 tok | loss 5.3917 | lr 6.074e-04 | 1364.6 ms/update | 6003 tok/s
[train] 1893/4096 | 15507456 tok | loss 5.6731 | lr 6.071e-04 | 1367.8 ms/update | 5989 tok/s
[train] 1894/4096 | 15515648 tok | loss 5.1112 | lr 6.067e-04 | 1370.8 ms/update | 5976 tok/s
[train] 1895/4096 | 15523840 tok | loss 5.3402 | lr 6.064e-04 | 1357.4 ms/update | 6035 tok/s
[train] 1896/4096 | 15532032 tok | loss 5.5108 | lr 6.060e-04 | 1374.4 ms/update | 5960 tok/s
[train] 1897/4096 | 15540224 tok | loss 5.3644 | lr 6.057e-04 | 1363.4 ms/update | 6008 tok/s
[train] 1898/4096 | 15548416 tok | loss 5.4315 | lr 6.054e-04 | 1367.6 ms/update | 5990 tok/s
[train] 1899/4096 | 15556608 tok | loss 5.6799 | lr 6.050e-04 | 1372.1 ms/update | 5970 tok/s
[train] 1900/4096 | 15564800 tok | loss 5.2621 | lr 6.047e-04 | 1375.9 ms/update | 5954 tok/s
[train] 1901/4096 | 15572992 tok | loss 5.3159 | lr 6.043e-04 | 1370.9 ms/update | 5976 tok/s
[train] 1902/4096 | 15581184 tok | loss 5.2170 | lr 6.040e-04 | 1369.2 ms/update | 5983 tok/s
[train] 1903/4096 | 15589376 tok | loss 5.0306 | lr 6.036e-04 | 1363.8 ms/update | 6007 tok/s
[train] 1904/4096 | 15597568 tok | loss 5.0519 | lr 6.033e-04 | 1377.0 ms/update | 5949 tok/s
[train] 1905/4096 | 15605760 tok | loss 5.0821 | lr 6.029e-04 | 1380.1 ms/update | 5936 tok/s
[train] 1906/4096 | 15613952 tok | loss 5.2732 | lr 6.026e-04 | 1365.2 ms/update | 6001 tok/s
[train] 1907/4096 | 15622144 tok | loss 5.3679 | lr 6.023e-04 | 1372.5 ms/update | 5969 tok/s
[train] 1908/4096 | 15630336 tok | loss 5.3916 | lr 6.019e-04 | 1372.2 ms/update | 5970 tok/s
[train] 1909/4096 | 15638528 tok | loss 5.2494 | lr 6.016e-04 | 1375.4 ms/update | 5956 tok/s
[train] 1910/4096 | 15646720 tok | loss 5.2575 | lr 6.012e-04 | 1375.9 ms/update | 5954 tok/s
[train] 1911/4096 | 15654912 tok | loss 5.3930 | lr 6.009e-04 | 1376.0 ms/update | 5953 tok/s
[train] 1912/4096 | 15663104 tok | loss 5.3307 | lr 6.005e-04 | 1375.8 ms/update | 5954 tok/s
[train] 1913/4096 | 15671296 tok | loss 5.0409 | lr 6.002e-04 | 1375.5 ms/update | 5956 tok/s
[train] 1914/4096 | 15679488 tok | loss 5.3453 | lr 5.998e-04 | 1375.3 ms/update | 5956 tok/s
[train] 1915/4096 | 15687680 tok | loss 5.4676 | lr 5.995e-04 | 1377.5 ms/update | 5947 tok/s
[train] 1916/4096 | 15695872 tok | loss 5.3893 | lr 5.992e-04 | 1379.4 ms/update | 5939 tok/s
[train] 1917/4096 | 15704064 tok | loss 4.7951 | lr 5.988e-04 | 1372.8 ms/update | 5967 tok/s
[train] 1918/4096 | 15712256 tok | loss 5.4268 | lr 5.985e-04 | 1382.2 ms/update | 5927 tok/s
[train] 1919/4096 | 15720448 tok | loss 5.6183 | lr 5.981e-04 | 1375.7 ms/update | 5955 tok/s
[train] 1920/4096 | 15728640 tok | loss 4.9880 | lr 5.978e-04 | 1374.0 ms/update | 5962 tok/s
[eval] step 1920 | val NLL 5.0332 | ppl 153.42 | 65536 tokens
[ckpt] latest.pt @ step 1920
[train] 1921/4096 | 15736832 tok | loss 5.2343 | lr 5.974e-04 | 1362.6 ms/update | 6012 tok/s
[train] 1922/4096 | 15745024 tok | loss 5.3552 | lr 5.971e-04 | 1386.5 ms/update | 5909 tok/s
[train] 1923/4096 | 15753216 tok | loss 5.0383 | lr 5.967e-04 | 1385.8 ms/update | 5911 tok/s
[train] 1924/4096 | 15761408 tok | loss 5.4127 | lr 5.964e-04 | 1366.0 ms/update | 5997 tok/s
[train] 1925/4096 | 15769600 tok | loss 5.0204 | lr 5.960e-04 | 1376.1 ms/update | 5953 tok/s
[train] 1926/4096 | 15777792 tok | loss 5.2034 | lr 5.957e-04 | 1376.9 ms/update | 5950 tok/s
[train] 1927/4096 | 15785984 tok | loss 5.3395 | lr 5.954e-04 | 1371.0 ms/update | 5975 tok/s
[train] 1928/4096 | 15794176 tok | loss 5.2614 | lr 5.950e-04 | 1371.0 ms/update | 5975 tok/s
[train] 1929/4096 | 15802368 tok | loss 4.9909 | lr 5.947e-04 | 1371.3 ms/update | 5974 tok/s
[train] 1930/4096 | 15810560 tok | loss 5.1718 | lr 5.943e-04 | 1362.1 ms/update | 6014 tok/s
[train] 1931/4096 | 15818752 tok | loss 5.1885 | lr 5.940e-04 | 1373.7 ms/update | 5963 tok/s
[train] 1932/4096 | 15826944 tok | loss 5.1792 | lr 5.936e-04 | 1373.9 ms/update | 5963 tok/s
[train] 1933/4096 | 15835136 tok | loss 4.9002 | lr 5.933e-04 | 1372.5 ms/update | 5969 tok/s
[train] 1934/4096 | 15843328 tok | loss 5.2951 | lr 5.929e-04 | 1372.0 ms/update | 5971 tok/s
[train] 1935/4096 | 15851520 tok | loss 5.3468 | lr 5.926e-04 | 1374.5 ms/update | 5960 tok/s
[train] 1936/4096 | 15859712 tok | loss 5.1517 | lr 5.923e-04 | 1371.1 ms/update | 5975 tok/s
[train] 1937/4096 | 15867904 tok | loss 5.2069 | lr 5.919e-04 | 1375.6 ms/update | 5955 tok/s
[train] 1938/4096 | 15876096 tok | loss 5.5333 | lr 5.916e-04 | 1383.8 ms/update | 5920 tok/s
[train] 1939/4096 | 15884288 tok | loss 5.4417 | lr 5.912e-04 | 1373.1 ms/update | 5966 tok/s
[train] 1940/4096 | 15892480 tok | loss 5.2529 | lr 5.909e-04 | 1381.1 ms/update | 5932 tok/s
[train] 1941/4096 | 15900672 tok | loss 5.1445 | lr 5.905e-04 | 1374.6 ms/update | 5960 tok/s
[train] 1942/4096 | 15908864 tok | loss 5.3280 | lr 5.902e-04 | 1377.9 ms/update | 5945 tok/s
[train] 1943/4096 | 15917056 tok | loss 5.2014 | lr 5.898e-04 | 1377.2 ms/update | 5948 tok/s
[train] 1944/4096 | 15925248 tok | loss 5.2139 | lr 5.895e-04 | 1376.4 ms/update | 5952 tok/s
[train] 1945/4096 | 15933440 tok | loss 5.0809 | lr 5.891e-04 | 1372.2 ms/update | 5970 tok/s
[train] 1946/4096 | 15941632 tok | loss 5.1681 | lr 5.888e-04 | 1383.6 ms/update | 5921 tok/s
[train] 1947/4096 | 15949824 tok | loss 5.0710 | lr 5.885e-04 | 1365.0 ms/update | 6001 tok/s
[train] 1948/4096 | 15958016 tok | loss 5.0653 | lr 5.881e-04 | 1376.1 ms/update | 5953 tok/s
[train] 1949/4096 | 15966208 tok | loss 5.2096 | lr 5.878e-04 | 1372.7 ms/update | 5968 tok/s
[train] 1950/4096 | 15974400 tok | loss 5.2321 | lr 5.874e-04 | 1375.5 ms/update | 5956 tok/s
[train] 1951/4096 | 15982592 tok | loss 5.4302 | lr 5.871e-04 | 1375.8 ms/update | 5954 tok/s
[train] 1952/4096 | 15990784 tok | loss 5.1174 | lr 5.867e-04 | 1377.5 ms/update | 5947 tok/s
[train] 1953/4096 | 15998976 tok | loss 5.0361 | lr 5.864e-04 | 1376.1 ms/update | 5953 tok/s
[train] 1954/4096 | 16007168 tok | loss 5.3409 | lr 5.860e-04 | 1373.7 ms/update | 5963 tok/s
[train] 1955/4096 | 16015360 tok | loss 5.2139 | lr 5.857e-04 | 1372.2 ms/update | 5970 tok/s
[train] 1956/4096 | 16023552 tok | loss 5.1478 | lr 5.853e-04 | 1376.6 ms/update | 5951 tok/s
[train] 1957/4096 | 16031744 tok | loss 5.3021 | lr 5.850e-04 | 1373.9 ms/update | 5962 tok/s
[train] 1958/4096 | 16039936 tok | loss 5.3926 | lr 5.846e-04 | 1372.4 ms/update | 5969 tok/s
[train] 1959/4096 | 16048128 tok | loss 5.0504 | lr 5.843e-04 | 1362.3 ms/update | 6013 tok/s
[train] 1960/4096 | 16056320 tok | loss 5.4443 | lr 5.840e-04 | 1372.9 ms/update | 5967 tok/s
[train] 1961/4096 | 16064512 tok | loss 5.2902 | lr 5.836e-04 | 1389.7 ms/update | 5895 tok/s
[train] 1962/4096 | 16072704 tok | loss 5.3659 | lr 5.833e-04 | 1364.8 ms/update | 6002 tok/s
[train] 1963/4096 | 16080896 tok | loss 5.4594 | lr 5.829e-04 | 1375.5 ms/update | 5956 tok/s
[train] 1964/4096 | 16089088 tok | loss 5.5237 | lr 5.826e-04 | 1375.7 ms/update | 5955 tok/s
[train] 1965/4096 | 16097280 tok | loss 5.3219 | lr 5.822e-04 | 1378.3 ms/update | 5944 tok/s
[train] 1966/4096 | 16105472 tok | loss 5.3929 | lr 5.819e-04 | 1374.6 ms/update | 5959 tok/s
[train] 1967/4096 | 16113664 tok | loss 5.3137 | lr 5.815e-04 | 1376.1 ms/update | 5953 tok/s
[train] 1968/4096 | 16121856 tok | loss 5.4527 | lr 5.812e-04 | 1388.1 ms/update | 5902 tok/s
[train] 1969/4096 | 16130048 tok | loss 5.3985 | lr 5.808e-04 | 1360.8 ms/update | 6020 tok/s
[train] 1970/4096 | 16138240 tok | loss 5.2976 | lr 5.805e-04 | 1374.6 ms/update | 5960 tok/s
[train] 1971/4096 | 16146432 tok | loss 5.1036 | lr 5.802e-04 | 1377.9 ms/update | 5945 tok/s
[train] 1972/4096 | 16154624 tok | loss 5.4702 | lr 5.798e-04 | 1370.9 ms/update | 5976 tok/s
[train] 1973/4096 | 16162816 tok | loss 5.0586 | lr 5.795e-04 | 1361.9 ms/update | 6015 tok/s
[train] 1974/4096 | 16171008 tok | loss 5.2478 | lr 5.791e-04 | 1370.2 ms/update | 5979 tok/s
[train] 1975/4096 | 16179200 tok | loss 5.2687 | lr 5.788e-04 | 1390.6 ms/update | 5891 tok/s
[train] 1976/4096 | 16187392 tok | loss 5.2312 | lr 5.784e-04 | 1378.3 ms/update | 5943 tok/s
[train] 1977/4096 | 16195584 tok | loss 5.3555 | lr 5.781e-04 | 1371.8 ms/update | 5972 tok/s
[train] 1978/4096 | 16203776 tok | loss 4.9321 | lr 5.777e-04 | 1364.8 ms/update | 6002 tok/s
[train] 1979/4096 | 16211968 tok | loss 5.2531 | lr 5.774e-04 | 1368.2 ms/update | 5988 tok/s
[train] 1980/4096 | 16220160 tok | loss 5.4439 | lr 5.770e-04 | 1376.8 ms/update | 5950 tok/s
[train] 1981/4096 | 16228352 tok | loss 5.3264 | lr 5.767e-04 | 1373.5 ms/update | 5964 tok/s
[train] 1982/4096 | 16236544 tok | loss 5.0698 | lr 5.763e-04 | 1374.8 ms/update | 5959 tok/s
[train] 1983/4096 | 16244736 tok | loss 5.1680 | lr 5.760e-04 | 1372.9 ms/update | 5967 tok/s
[train] 1984/4096 | 16252928 tok | loss 5.2654 | lr 5.757e-04 | 1372.9 ms/update | 5967 tok/s
[train] 1985/4096 | 16261120 tok | loss 5.3731 | lr 5.753e-04 | 1375.5 ms/update | 5956 tok/s
[train] 1986/4096 | 16269312 tok | loss 5.4553 | lr 5.750e-04 | 1374.7 ms/update | 5959 tok/s
[train] 1987/4096 | 16277504 tok | loss 5.1279 | lr 5.746e-04 | 1374.6 ms/update | 5960 tok/s
[train] 1988/4096 | 16285696 tok | loss 5.4029 | lr 5.743e-04 | 1374.3 ms/update | 5961 tok/s
[train] 1989/4096 | 16293888 tok | loss 5.1904 | lr 5.739e-04 | 1374.9 ms/update | 5958 tok/s
[train] 1990/4096 | 16302080 tok | loss 5.3593 | lr 5.736e-04 | 1379.3 ms/update | 5939 tok/s
[train] 1991/4096 | 16310272 tok | loss 5.0354 | lr 5.732e-04 | 1370.2 ms/update | 5979 tok/s
[train] 1992/4096 | 16318464 tok | loss 5.1214 | lr 5.729e-04 | 1375.2 ms/update | 5957 tok/s
[train] 1993/4096 | 16326656 tok | loss 5.2084 | lr 5.725e-04 | 1370.2 ms/update | 5979 tok/s
[train] 1994/4096 | 16334848 tok | loss 5.3800 | lr 5.722e-04 | 1376.6 ms/update | 5951 tok/s
[train] 1995/4096 | 16343040 tok | loss 4.8611 | lr 5.718e-04 | 1373.3 ms/update | 5965 tok/s
[train] 1996/4096 | 16351232 tok | loss 5.3575 | lr 5.715e-04 | 1377.2 ms/update | 5948 tok/s
[train] 1997/4096 | 16359424 tok | loss 4.9249 | lr 5.711e-04 | 1385.6 ms/update | 5912 tok/s
[train] 1998/4096 | 16367616 tok | loss 5.0091 | lr 5.708e-04 | 1361.0 ms/update | 6019 tok/s
[train] 1999/4096 | 16375808 tok | loss 5.2095 | lr 5.705e-04 | 1372.1 ms/update | 5971 tok/s
[train] 2000/4096 | 16384000 tok | loss 5.0029 | lr 5.701e-04 | 1378.8 ms/update | 5942 tok/s
[train] 2001/4096 | 16392192 tok | loss 5.5043 | lr 5.698e-04 | 1369.4 ms/update | 5982 tok/s
[train] 2002/4096 | 16400384 tok | loss 5.2608 | lr 5.694e-04 | 1372.6 ms/update | 5968 tok/s
[train] 2003/4096 | 16408576 tok | loss 4.9517 | lr 5.691e-04 | 1361.5 ms/update | 6017 tok/s
[train] 2004/4096 | 16416768 tok | loss 5.5516 | lr 5.687e-04 | 1368.9 ms/update | 5984 tok/s
[train] 2005/4096 | 16424960 tok | loss 5.2059 | lr 5.684e-04 | 1386.5 ms/update | 5908 tok/s
[train] 2006/4096 | 16433152 tok | loss 5.1180 | lr 5.680e-04 | 1375.8 ms/update | 5955 tok/s
[train] 2007/4096 | 16441344 tok | loss 5.4682 | lr 5.677e-04 | 1388.0 ms/update | 5902 tok/s
[train] 2008/4096 | 16449536 tok | loss 5.2025 | lr 5.673e-04 | 1381.7 ms/update | 5929 tok/s
[train] 2009/4096 | 16457728 tok | loss 5.3849 | lr 5.670e-04 | 1361.5 ms/update | 6017 tok/s
[train] 2010/4096 | 16465920 tok | loss 5.1152 | lr 5.666e-04 | 1384.6 ms/update | 5916 tok/s
[train] 2011/4096 | 16474112 tok | loss 5.3161 | lr 5.663e-04 | 1371.0 ms/update | 5975 tok/s
[train] 2012/4096 | 16482304 tok | loss 5.3750 | lr 5.660e-04 | 1372.1 ms/update | 5970 tok/s
[train] 2013/4096 | 16490496 tok | loss 4.9473 | lr 5.656e-04 | 1362.0 ms/update | 6015 tok/s
[train] 2014/4096 | 16498688 tok | loss 5.3204 | lr 5.653e-04 | 1374.2 ms/update | 5961 tok/s
[train] 2015/4096 | 16506880 tok | loss 5.2825 | lr 5.649e-04 | 1374.6 ms/update | 5960 tok/s
[train] 2016/4096 | 16515072 tok | loss 5.5290 | lr 5.646e-04 | 1376.8 ms/update | 5950 tok/s
[train] 2017/4096 | 16523264 tok | loss 5.4367 | lr 5.642e-04 | 1374.1 ms/update | 5962 tok/s
[train] 2018/4096 | 16531456 tok | loss 5.2121 | lr 5.639e-04 | 1376.1 ms/update | 5953 tok/s
[train] 2019/4096 | 16539648 tok | loss 5.0807 | lr 5.635e-04 | 1385.8 ms/update | 5911 tok/s
[train] 2020/4096 | 16547840 tok | loss 5.0706 | lr 5.632e-04 | 1364.4 ms/update | 6004 tok/s
[train] 2021/4096 | 16556032 tok | loss 5.4813 | lr 5.628e-04 | 1377.0 ms/update | 5949 tok/s
[train] 2022/4096 | 16564224 tok | loss 5.5405 | lr 5.625e-04 | 1374.8 ms/update | 5959 tok/s
[train] 2023/4096 | 16572416 tok | loss 5.3021 | lr 5.621e-04 | 1371.9 ms/update | 5971 tok/s
[train] 2024/4096 | 16580608 tok | loss 5.4255 | lr 5.618e-04 | 1375.0 ms/update | 5958 tok/s
[train] 2025/4096 | 16588800 tok | loss 5.4759 | lr 5.614e-04 | 1373.8 ms/update | 5963 tok/s
[train] 2026/4096 | 16596992 tok | loss 4.9748 | lr 5.611e-04 | 1374.7 ms/update | 5959 tok/s
[train] 2027/4096 | 16605184 tok | loss 4.8726 | lr 5.608e-04 | 1369.7 ms/update | 5981 tok/s
[train] 2028/4096 | 16613376 tok | loss 5.3058 | lr 5.604e-04 | 1373.3 ms/update | 5965 tok/s
[train] 2029/4096 | 16621568 tok | loss 5.5737 | lr 5.601e-04 | 1373.7 ms/update | 5963 tok/s
[train] 2030/4096 | 16629760 tok | loss 5.3500 | lr 5.597e-04 | 1375.7 ms/update | 5955 tok/s
[train] 2031/4096 | 16637952 tok | loss 5.2424 | lr 5.594e-04 | 1370.6 ms/update | 5977 tok/s
[train] 2032/4096 | 16646144 tok | loss 5.2022 | lr 5.590e-04 | 1371.4 ms/update | 5973 tok/s
[train] 2033/4096 | 16654336 tok | loss 5.1171 | lr 5.587e-04 | 1378.0 ms/update | 5945 tok/s
[train] 2034/4096 | 16662528 tok | loss 5.1095 | lr 5.583e-04 | 1367.6 ms/update | 5990 tok/s
[train] 2035/4096 | 16670720 tok | loss 5.5300 | lr 5.580e-04 | 1375.0 ms/update | 5958 tok/s
[train] 2036/4096 | 16678912 tok | loss 5.0022 | lr 5.576e-04 | 1371.7 ms/update | 5972 tok/s
[train] 2037/4096 | 16687104 tok | loss 5.4433 | lr 5.573e-04 | 1375.4 ms/update | 5956 tok/s
[train] 2038/4096 | 16695296 tok | loss 5.3625 | lr 5.569e-04 | 1370.2 ms/update | 5979 tok/s
[train] 2039/4096 | 16703488 tok | loss 5.3919 | lr 5.566e-04 | 1377.1 ms/update | 5949 tok/s
[train] 2040/4096 | 16711680 tok | loss 5.3148 | lr 5.562e-04 | 1375.1 ms/update | 5957 tok/s
[train] 2041/4096 | 16719872 tok | loss 5.2613 | lr 5.559e-04 | 1373.0 ms/update | 5966 tok/s
[train] 2042/4096 | 16728064 tok | loss 5.2529 | lr 5.555e-04 | 1373.3 ms/update | 5965 tok/s
[train] 2043/4096 | 16736256 tok | loss 5.2545 | lr 5.552e-04 | 1372.4 ms/update | 5969 tok/s
[train] 2044/4096 | 16744448 tok | loss 5.0730 | lr 5.549e-04 | 1372.9 ms/update | 5967 tok/s
[train] 2045/4096 | 16752640 tok | loss 5.2628 | lr 5.545e-04 | 1375.9 ms/update | 5954 tok/s
[train] 2046/4096 | 16760832 tok | loss 5.0751 | lr 5.542e-04 | 1372.6 ms/update | 5968 tok/s
[train] 2047/4096 | 16769024 tok | loss 5.4438 | lr 5.538e-04 | 1374.2 ms/update | 5961 tok/s
[train] 2048/4096 | 16777216 tok | loss 5.3885 | lr 5.535e-04 | 1381.6 ms/update | 5929 tok/s
[eval] step 2048 | val NLL 5.0110 | ppl 150.05 | 65536 tokens
[ckpt] latest.pt @ step 2048
[pause] staged gate reached at update 2048; resume explicitly from checkpoints/latest.pt
[done] paused_staged | 2048/4096 updates | 16777216 tokens | 2851.1s
