Kaggle preflight (physical GPU 1 exposed as cuda:0)...
/usr/local/lib/python3.12/dist-packages/torch/autograd/__init__.py:16: FutureWarning: `isinstance(treespec, LeafSpec)` is deprecated, use `isinstance(treespec, TreeSpec) and treespec.is_leaf()` instead.
  from torch import _vmap_internals
{
  "recipe": "/kaggle/working/benchmark-experiments/recipes/recursive_muon_structural_vq_int3_4096_s0.json",
  "fingerprint": "e8d7be69184fface68ea87dafdafb4663a4fc62ab66aec7c15aae81c94377bc2",
  "total_updates": 4096,
  "schedule_total_updates": 4096,
  "tokens_per_update": 8192,
  "data_root": "/kaggle/working/benchmark-data",
  "manifest": "/kaggle/input/datasets/siennadai/lowp-benchmark-slimpajama-4x-v1/manifest.json",
  "manifest_exists": true,
  "optimizer": "recursive_muon",
  "compute": "fp32",
  "to_device": "cuda:0",
  "resolved_device": "cuda:0",
  "recursive_codebook": "/kaggle/working/benchmark-experiments/reports/muon_vector_int3_robustness/calibration_codebooks.pt",
  "recursive_codebook_exists": true
}
/usr/local/lib/python3.12/dist-packages/torch/autograd/__init__.py:16: FutureWarning: `isinstance(treespec, LeafSpec)` is deprecated, use `isinstance(treespec, TreeSpec) and treespec.is_leaf()` instead.
  from torch import _vmap_internals
[run] recursive_vq_int3_4096_s0 | recursive_muon | cuda:0 | fp32 | 4096 updates | schedule horizon 4096 | 33554432 tokens
[train] 1025/4096 | 8396800 tok | loss 5.8568 | lr 8.716e-04 | 1779.3 ms/update | 4604 tok/s
[train] 1026/4096 | 8404992 tok | loss 5.6067 | lr 8.714e-04 | 1216.0 ms/update | 6737 tok/s
[train] 1027/4096 | 8413184 tok | loss 5.6907 | lr 8.711e-04 | 1221.4 ms/update | 6707 tok/s
[train] 1028/4096 | 8421376 tok | loss 5.7917 | lr 8.709e-04 | 1215.5 ms/update | 6739 tok/s
[train] 1029/4096 | 8429568 tok | loss 5.6184 | lr 8.706e-04 | 1237.2 ms/update | 6621 tok/s
[train] 1030/4096 | 8437760 tok | loss 5.8159 | lr 8.704e-04 | 1219.0 ms/update | 6720 tok/s
[train] 1031/4096 | 8445952 tok | loss 5.7453 | lr 8.702e-04 | 1226.9 ms/update | 6677 tok/s
[train] 1032/4096 | 8454144 tok | loss 5.4872 | lr 8.699e-04 | 1224.0 ms/update | 6693 tok/s
[train] 1033/4096 | 8462336 tok | loss 5.9677 | lr 8.697e-04 | 1219.5 ms/update | 6718 tok/s
[train] 1034/4096 | 8470528 tok | loss 5.8077 | lr 8.694e-04 | 1227.5 ms/update | 6674 tok/s
[train] 1035/4096 | 8478720 tok | loss 5.5068 | lr 8.692e-04 | 1236.0 ms/update | 6628 tok/s
[train] 1036/4096 | 8486912 tok | loss 5.8268 | lr 8.689e-04 | 1233.5 ms/update | 6641 tok/s
[train] 1037/4096 | 8495104 tok | loss 5.4619 | lr 8.687e-04 | 1246.3 ms/update | 6573 tok/s
[train] 1038/4096 | 8503296 tok | loss 5.3993 | lr 8.684e-04 | 1243.1 ms/update | 6590 tok/s
[train] 1039/4096 | 8511488 tok | loss 5.5819 | lr 8.682e-04 | 1246.1 ms/update | 6574 tok/s
[train] 1040/4096 | 8519680 tok | loss 5.6696 | lr 8.680e-04 | 1233.3 ms/update | 6642 tok/s
[train] 1041/4096 | 8527872 tok | loss 5.5560 | lr 8.677e-04 | 1236.9 ms/update | 6623 tok/s
[train] 1042/4096 | 8536064 tok | loss 5.4968 | lr 8.675e-04 | 1237.3 ms/update | 6621 tok/s
[train] 1043/4096 | 8544256 tok | loss 5.8100 | lr 8.672e-04 | 1235.6 ms/update | 6630 tok/s
[train] 1044/4096 | 8552448 tok | loss 5.4251 | lr 8.670e-04 | 1240.5 ms/update | 6604 tok/s
[train] 1045/4096 | 8560640 tok | loss 5.7479 | lr 8.667e-04 | 1250.8 ms/update | 6550 tok/s
[train] 1046/4096 | 8568832 tok | loss 5.5497 | lr 8.665e-04 | 1248.3 ms/update | 6563 tok/s
[train] 1047/4096 | 8577024 tok | loss 5.5327 | lr 8.662e-04 | 1250.6 ms/update | 6550 tok/s
[train] 1048/4096 | 8585216 tok | loss 5.4169 | lr 8.660e-04 | 1243.3 ms/update | 6589 tok/s
[train] 1049/4096 | 8593408 tok | loss 6.0052 | lr 8.657e-04 | 1238.1 ms/update | 6616 tok/s
[train] 1050/4096 | 8601600 tok | loss 5.8557 | lr 8.655e-04 | 1262.9 ms/update | 6486 tok/s
[train] 1051/4096 | 8609792 tok | loss 5.8346 | lr 8.652e-04 | 1250.9 ms/update | 6549 tok/s
[train] 1052/4096 | 8617984 tok | loss 5.6586 | lr 8.650e-04 | 1245.0 ms/update | 6580 tok/s
[train] 1053/4096 | 8626176 tok | loss 5.5736 | lr 8.647e-04 | 1260.6 ms/update | 6498 tok/s
[train] 1054/4096 | 8634368 tok | loss 5.8926 | lr 8.645e-04 | 1252.9 ms/update | 6538 tok/s
[train] 1055/4096 | 8642560 tok | loss 5.9666 | lr 8.642e-04 | 1254.4 ms/update | 6531 tok/s
[train] 1056/4096 | 8650752 tok | loss 5.6635 | lr 8.640e-04 | 1254.6 ms/update | 6530 tok/s
[train] 1057/4096 | 8658944 tok | loss 5.6758 | lr 8.638e-04 | 1252.6 ms/update | 6540 tok/s
[train] 1058/4096 | 8667136 tok | loss 5.4196 | lr 8.635e-04 | 1242.2 ms/update | 6595 tok/s
[train] 1059/4096 | 8675328 tok | loss 5.6644 | lr 8.633e-04 | 1258.3 ms/update | 6510 tok/s
[train] 1060/4096 | 8683520 tok | loss 5.7275 | lr 8.630e-04 | 1256.1 ms/update | 6522 tok/s
[train] 1061/4096 | 8691712 tok | loss 5.8032 | lr 8.628e-04 | 1265.3 ms/update | 6474 tok/s
[train] 1062/4096 | 8699904 tok | loss 5.8538 | lr 8.625e-04 | 1259.6 ms/update | 6504 tok/s
[train] 1063/4096 | 8708096 tok | loss 5.4666 | lr 8.623e-04 | 1260.4 ms/update | 6500 tok/s
[train] 1064/4096 | 8716288 tok | loss 5.4773 | lr 8.620e-04 | 1264.2 ms/update | 6480 tok/s
[train] 1065/4096 | 8724480 tok | loss 5.5915 | lr 8.618e-04 | 1268.3 ms/update | 6459 tok/s
[train] 1066/4096 | 8732672 tok | loss 5.6488 | lr 8.615e-04 | 1271.3 ms/update | 6444 tok/s
[train] 1067/4096 | 8740864 tok | loss 5.7979 | lr 8.613e-04 | 1268.0 ms/update | 6460 tok/s
[train] 1068/4096 | 8749056 tok | loss 5.6695 | lr 8.610e-04 | 1265.1 ms/update | 6475 tok/s
[train] 1069/4096 | 8757248 tok | loss 5.4442 | lr 8.608e-04 | 1270.6 ms/update | 6448 tok/s
[train] 1070/4096 | 8765440 tok | loss 5.6841 | lr 8.605e-04 | 1268.3 ms/update | 6459 tok/s
[train] 1071/4096 | 8773632 tok | loss 5.5455 | lr 8.603e-04 | 1263.5 ms/update | 6483 tok/s
[train] 1072/4096 | 8781824 tok | loss 5.8345 | lr 8.600e-04 | 1268.8 ms/update | 6457 tok/s
[train] 1073/4096 | 8790016 tok | loss 5.4072 | lr 8.598e-04 | 1276.0 ms/update | 6420 tok/s
[train] 1074/4096 | 8798208 tok | loss 5.4757 | lr 8.595e-04 | 1271.3 ms/update | 6444 tok/s
[train] 1075/4096 | 8806400 tok | loss 5.6138 | lr 8.592e-04 | 1273.4 ms/update | 6433 tok/s
[train] 1076/4096 | 8814592 tok | loss 5.0109 | lr 8.590e-04 | 1273.7 ms/update | 6432 tok/s
[train] 1077/4096 | 8822784 tok | loss 5.1213 | lr 8.587e-04 | 1284.5 ms/update | 6378 tok/s
[train] 1078/4096 | 8830976 tok | loss 5.4512 | lr 8.585e-04 | 1283.0 ms/update | 6385 tok/s
[train] 1079/4096 | 8839168 tok | loss 5.2787 | lr 8.582e-04 | 1288.6 ms/update | 6357 tok/s
[train] 1080/4096 | 8847360 tok | loss 5.7164 | lr 8.580e-04 | 1281.8 ms/update | 6391 tok/s
[train] 1081/4096 | 8855552 tok | loss 5.8129 | lr 8.577e-04 | 1281.8 ms/update | 6391 tok/s
[train] 1082/4096 | 8863744 tok | loss 5.7171 | lr 8.575e-04 | 1289.6 ms/update | 6352 tok/s
[train] 1083/4096 | 8871936 tok | loss 5.7518 | lr 8.572e-04 | 1285.0 ms/update | 6375 tok/s
[train] 1084/4096 | 8880128 tok | loss 5.6465 | lr 8.570e-04 | 1288.6 ms/update | 6357 tok/s
[train] 1085/4096 | 8888320 tok | loss 5.5938 | lr 8.567e-04 | 1295.5 ms/update | 6323 tok/s
[train] 1086/4096 | 8896512 tok | loss 5.6804 | lr 8.565e-04 | 1297.3 ms/update | 6315 tok/s
[train] 1087/4096 | 8904704 tok | loss 5.6202 | lr 8.562e-04 | 1293.1 ms/update | 6335 tok/s
[train] 1088/4096 | 8912896 tok | loss 5.5913 | lr 8.560e-04 | 1296.2 ms/update | 6320 tok/s
[train] 1089/4096 | 8921088 tok | loss 5.3588 | lr 8.557e-04 | 1292.0 ms/update | 6341 tok/s
[train] 1090/4096 | 8929280 tok | loss 5.9363 | lr 8.554e-04 | 1299.0 ms/update | 6307 tok/s
[train] 1091/4096 | 8937472 tok | loss 5.7728 | lr 8.552e-04 | 1298.4 ms/update | 6309 tok/s
[train] 1092/4096 | 8945664 tok | loss 5.6666 | lr 8.549e-04 | 1310.1 ms/update | 6253 tok/s
[train] 1093/4096 | 8953856 tok | loss 5.7749 | lr 8.547e-04 | 1301.3 ms/update | 6295 tok/s
[train] 1094/4096 | 8962048 tok | loss 5.2898 | lr 8.544e-04 | 1307.6 ms/update | 6265 tok/s
[train] 1095/4096 | 8970240 tok | loss 5.6534 | lr 8.542e-04 | 1310.9 ms/update | 6249 tok/s
[train] 1096/4096 | 8978432 tok | loss 5.7092 | lr 8.539e-04 | 1308.5 ms/update | 6261 tok/s
[train] 1097/4096 | 8986624 tok | loss 5.4725 | lr 8.537e-04 | 1302.9 ms/update | 6287 tok/s
[train] 1098/4096 | 8994816 tok | loss 5.5690 | lr 8.534e-04 | 1315.5 ms/update | 6227 tok/s
[train] 1099/4096 | 9003008 tok | loss 5.5356 | lr 8.531e-04 | 1317.9 ms/update | 6216 tok/s
[train] 1100/4096 | 9011200 tok | loss 5.5847 | lr 8.529e-04 | 1321.9 ms/update | 6197 tok/s
[train] 1101/4096 | 9019392 tok | loss 5.4705 | lr 8.526e-04 | 1309.1 ms/update | 6258 tok/s
[train] 1102/4096 | 9027584 tok | loss 5.7324 | lr 8.524e-04 | 1312.9 ms/update | 6240 tok/s
[train] 1103/4096 | 9035776 tok | loss 5.8489 | lr 8.521e-04 | 1312.9 ms/update | 6240 tok/s
[train] 1104/4096 | 9043968 tok | loss 5.7154 | lr 8.519e-04 | 1315.5 ms/update | 6227 tok/s
[train] 1105/4096 | 9052160 tok | loss 5.7524 | lr 8.516e-04 | 1311.9 ms/update | 6244 tok/s
[train] 1106/4096 | 9060352 tok | loss 5.4282 | lr 8.513e-04 | 1318.5 ms/update | 6213 tok/s
[train] 1107/4096 | 9068544 tok | loss 5.5858 | lr 8.511e-04 | 1312.7 ms/update | 6240 tok/s
[train] 1108/4096 | 9076736 tok | loss 5.2795 | lr 8.508e-04 | 1309.1 ms/update | 6258 tok/s
[train] 1109/4096 | 9084928 tok | loss 5.5671 | lr 8.506e-04 | 1301.3 ms/update | 6295 tok/s
[train] 1110/4096 | 9093120 tok | loss 5.5098 | lr 8.503e-04 | 1308.1 ms/update | 6263 tok/s
[train] 1111/4096 | 9101312 tok | loss 5.9293 | lr 8.501e-04 | 1315.4 ms/update | 6228 tok/s
[train] 1112/4096 | 9109504 tok | loss 5.7596 | lr 8.498e-04 | 1308.9 ms/update | 6259 tok/s
[train] 1113/4096 | 9117696 tok | loss 5.6911 | lr 8.495e-04 | 1297.3 ms/update | 6315 tok/s
[train] 1114/4096 | 9125888 tok | loss 5.4996 | lr 8.493e-04 | 1305.0 ms/update | 6277 tok/s
[train] 1115/4096 | 9134080 tok | loss 5.3339 | lr 8.490e-04 | 1310.8 ms/update | 6250 tok/s
[train] 1116/4096 | 9142272 tok | loss 5.7044 | lr 8.488e-04 | 1293.5 ms/update | 6333 tok/s
[train] 1117/4096 | 9150464 tok | loss 5.7319 | lr 8.485e-04 | 1292.0 ms/update | 6341 tok/s
[train] 1118/4096 | 9158656 tok | loss 6.0308 | lr 8.482e-04 | 1288.1 ms/update | 6360 tok/s
[train] 1119/4096 | 9166848 tok | loss 6.0208 | lr 8.480e-04 | 1288.4 ms/update | 6358 tok/s
[train] 1120/4096 | 9175040 tok | loss 5.5186 | lr 8.477e-04 | 1291.8 ms/update | 6342 tok/s
[train] 1121/4096 | 9183232 tok | loss 5.3779 | lr 8.475e-04 | 1293.9 ms/update | 6331 tok/s
[train] 1122/4096 | 9191424 tok | loss 5.3078 | lr 8.472e-04 | 1294.4 ms/update | 6329 tok/s
[train] 1123/4096 | 9199616 tok | loss 5.2523 | lr 8.469e-04 | 1301.2 ms/update | 6296 tok/s
[train] 1124/4096 | 9207808 tok | loss 5.7002 | lr 8.467e-04 | 1292.1 ms/update | 6340 tok/s
[train] 1125/4096 | 9216000 tok | loss 5.6254 | lr 8.464e-04 | 1286.2 ms/update | 6369 tok/s
[train] 1126/4096 | 9224192 tok | loss 5.7935 | lr 8.462e-04 | 1288.5 ms/update | 6358 tok/s
[train] 1127/4096 | 9232384 tok | loss 5.9060 | lr 8.459e-04 | 1290.1 ms/update | 6350 tok/s
[train] 1128/4096 | 9240576 tok | loss 5.6079 | lr 8.456e-04 | 1288.1 ms/update | 6360 tok/s
[train] 1129/4096 | 9248768 tok | loss 5.7881 | lr 8.454e-04 | 1287.1 ms/update | 6365 tok/s
[train] 1130/4096 | 9256960 tok | loss 5.3176 | lr 8.451e-04 | 1284.9 ms/update | 6376 tok/s
[train] 1131/4096 | 9265152 tok | loss 5.6262 | lr 8.449e-04 | 1296.8 ms/update | 6317 tok/s
[train] 1132/4096 | 9273344 tok | loss 5.6137 | lr 8.446e-04 | 1289.6 ms/update | 6352 tok/s
[train] 1133/4096 | 9281536 tok | loss 5.4694 | lr 8.443e-04 | 1286.9 ms/update | 6366 tok/s
[train] 1134/4096 | 9289728 tok | loss 5.8100 | lr 8.441e-04 | 1295.4 ms/update | 6324 tok/s
[train] 1135/4096 | 9297920 tok | loss 5.7838 | lr 8.438e-04 | 1291.9 ms/update | 6341 tok/s
[train] 1136/4096 | 9306112 tok | loss 5.4657 | lr 8.435e-04 | 1293.8 ms/update | 6332 tok/s
[train] 1137/4096 | 9314304 tok | loss 5.7823 | lr 8.433e-04 | 1292.5 ms/update | 6338 tok/s
[train] 1138/4096 | 9322496 tok | loss 5.6839 | lr 8.430e-04 | 1298.3 ms/update | 6310 tok/s
[train] 1139/4096 | 9330688 tok | loss 5.3621 | lr 8.428e-04 | 1295.9 ms/update | 6321 tok/s
[train] 1140/4096 | 9338880 tok | loss 5.3820 | lr 8.425e-04 | 1291.2 ms/update | 6344 tok/s
[train] 1141/4096 | 9347072 tok | loss 5.8307 | lr 8.422e-04 | 1287.9 ms/update | 6361 tok/s
[train] 1142/4096 | 9355264 tok | loss 5.6271 | lr 8.420e-04 | 1287.7 ms/update | 6362 tok/s
[train] 1143/4096 | 9363456 tok | loss 5.6313 | lr 8.417e-04 | 1294.6 ms/update | 6328 tok/s
[train] 1144/4096 | 9371648 tok | loss 5.3909 | lr 8.414e-04 | 1293.9 ms/update | 6331 tok/s
[train] 1145/4096 | 9379840 tok | loss 5.4096 | lr 8.412e-04 | 1296.6 ms/update | 6318 tok/s
[train] 1146/4096 | 9388032 tok | loss 5.4444 | lr 8.409e-04 | 1301.6 ms/update | 6294 tok/s
[train] 1147/4096 | 9396224 tok | loss 5.6243 | lr 8.406e-04 | 1302.7 ms/update | 6288 tok/s
[train] 1148/4096 | 9404416 tok | loss 5.4002 | lr 8.404e-04 | 1294.9 ms/update | 6326 tok/s
[train] 1149/4096 | 9412608 tok | loss 5.4188 | lr 8.401e-04 | 1300.1 ms/update | 6301 tok/s
[train] 1150/4096 | 9420800 tok | loss 5.7231 | lr 8.398e-04 | 1303.9 ms/update | 6283 tok/s
[train] 1151/4096 | 9428992 tok | loss 5.6898 | lr 8.396e-04 | 1306.6 ms/update | 6270 tok/s
[train] 1152/4096 | 9437184 tok | loss 5.3782 | lr 8.393e-04 | 1303.0 ms/update | 6287 tok/s
[eval] step 1152 | val NLL 5.2947 | ppl 199.27 | 65536 tokens
[ckpt] latest.pt @ step 1152
[train] 1153/4096 | 9445376 tok | loss 5.5149 | lr 8.390e-04 | 1308.3 ms/update | 6261 tok/s
[train] 1154/4096 | 9453568 tok | loss 5.3732 | lr 8.388e-04 | 1305.6 ms/update | 6274 tok/s
[train] 1155/4096 | 9461760 tok | loss 5.7413 | lr 8.385e-04 | 1307.9 ms/update | 6264 tok/s
[train] 1156/4096 | 9469952 tok | loss 5.7391 | lr 8.382e-04 | 1316.2 ms/update | 6224 tok/s
[train] 1157/4096 | 9478144 tok | loss 5.3725 | lr 8.380e-04 | 1327.4 ms/update | 6171 tok/s
[train] 1158/4096 | 9486336 tok | loss 5.1838 | lr 8.377e-04 | 1315.8 ms/update | 6226 tok/s
[train] 1159/4096 | 9494528 tok | loss 5.4674 | lr 8.374e-04 | 1314.4 ms/update | 6233 tok/s
[train] 1160/4096 | 9502720 tok | loss 5.3588 | lr 8.372e-04 | 1308.9 ms/update | 6259 tok/s
[train] 1161/4096 | 9510912 tok | loss 5.5365 | lr 8.369e-04 | 1303.7 ms/update | 6284 tok/s
[train] 1162/4096 | 9519104 tok | loss 5.7124 | lr 8.366e-04 | 1308.2 ms/update | 6262 tok/s
[train] 1163/4096 | 9527296 tok | loss 5.4767 | lr 8.364e-04 | 1313.8 ms/update | 6236 tok/s
[train] 1164/4096 | 9535488 tok | loss 5.4474 | lr 8.361e-04 | 1310.8 ms/update | 6249 tok/s
[train] 1165/4096 | 9543680 tok | loss 5.6641 | lr 8.358e-04 | 1304.3 ms/update | 6281 tok/s
[train] 1166/4096 | 9551872 tok | loss 5.4282 | lr 8.356e-04 | 1311.6 ms/update | 6246 tok/s
[train] 1167/4096 | 9560064 tok | loss 5.5137 | lr 8.353e-04 | 1307.5 ms/update | 6265 tok/s
[train] 1168/4096 | 9568256 tok | loss 5.7333 | lr 8.350e-04 | 1312.2 ms/update | 6243 tok/s
[train] 1169/4096 | 9576448 tok | loss 5.8446 | lr 8.348e-04 | 1311.6 ms/update | 6246 tok/s
[train] 1170/4096 | 9584640 tok | loss 5.7966 | lr 8.345e-04 | 1309.3 ms/update | 6257 tok/s
[train] 1171/4096 | 9592832 tok | loss 5.5154 | lr 8.342e-04 | 1302.6 ms/update | 6289 tok/s
[train] 1172/4096 | 9601024 tok | loss 5.9579 | lr 8.340e-04 | 1306.4 ms/update | 6270 tok/s
[train] 1173/4096 | 9609216 tok | loss 5.3392 | lr 8.337e-04 | 1307.9 ms/update | 6264 tok/s
[train] 1174/4096 | 9617408 tok | loss 5.7039 | lr 8.334e-04 | 1310.5 ms/update | 6251 tok/s
[train] 1175/4096 | 9625600 tok | loss 5.4655 | lr 8.332e-04 | 1301.2 ms/update | 6295 tok/s
[train] 1176/4096 | 9633792 tok | loss 5.5004 | lr 8.329e-04 | 1305.9 ms/update | 6273 tok/s
[train] 1177/4096 | 9641984 tok | loss 5.5898 | lr 8.326e-04 | 1306.5 ms/update | 6270 tok/s
[train] 1178/4096 | 9650176 tok | loss 5.5514 | lr 8.323e-04 | 1301.4 ms/update | 6295 tok/s
[train] 1179/4096 | 9658368 tok | loss 5.5191 | lr 8.321e-04 | 1299.9 ms/update | 6302 tok/s
[train] 1180/4096 | 9666560 tok | loss 5.6905 | lr 8.318e-04 | 1299.4 ms/update | 6305 tok/s
[train] 1181/4096 | 9674752 tok | loss 5.3959 | lr 8.315e-04 | 1297.8 ms/update | 6312 tok/s
[train] 1182/4096 | 9682944 tok | loss 5.4890 | lr 8.313e-04 | 1300.3 ms/update | 6300 tok/s
[train] 1183/4096 | 9691136 tok | loss 5.2243 | lr 8.310e-04 | 1306.0 ms/update | 6272 tok/s
[train] 1184/4096 | 9699328 tok | loss 5.6639 | lr 8.307e-04 | 1296.3 ms/update | 6320 tok/s
[train] 1185/4096 | 9707520 tok | loss 5.0855 | lr 8.305e-04 | 1301.6 ms/update | 6294 tok/s
[train] 1186/4096 | 9715712 tok | loss 5.5148 | lr 8.302e-04 | 1301.9 ms/update | 6292 tok/s
[train] 1187/4096 | 9723904 tok | loss 5.6603 | lr 8.299e-04 | 1304.5 ms/update | 6280 tok/s
[train] 1188/4096 | 9732096 tok | loss 5.7577 | lr 8.296e-04 | 1301.8 ms/update | 6293 tok/s
[train] 1189/4096 | 9740288 tok | loss 5.4624 | lr 8.294e-04 | 1303.1 ms/update | 6287 tok/s
[train] 1190/4096 | 9748480 tok | loss 5.6038 | lr 8.291e-04 | 1304.6 ms/update | 6279 tok/s
[train] 1191/4096 | 9756672 tok | loss 5.3699 | lr 8.288e-04 | 1302.8 ms/update | 6288 tok/s
[train] 1192/4096 | 9764864 tok | loss 5.6153 | lr 8.286e-04 | 1303.3 ms/update | 6285 tok/s
[train] 1193/4096 | 9773056 tok | loss 5.6416 | lr 8.283e-04 | 1302.7 ms/update | 6288 tok/s
[train] 1194/4096 | 9781248 tok | loss 5.7101 | lr 8.280e-04 | 1301.1 ms/update | 6296 tok/s
[train] 1195/4096 | 9789440 tok | loss 5.2799 | lr 8.277e-04 | 1291.5 ms/update | 6343 tok/s
[train] 1196/4096 | 9797632 tok | loss 5.3080 | lr 8.275e-04 | 1293.5 ms/update | 6333 tok/s
[train] 1197/4096 | 9805824 tok | loss 5.6584 | lr 8.272e-04 | 1299.9 ms/update | 6302 tok/s
[train] 1198/4096 | 9814016 tok | loss 5.5577 | lr 8.269e-04 | 1303.8 ms/update | 6283 tok/s
[train] 1199/4096 | 9822208 tok | loss 5.5550 | lr 8.266e-04 | 1302.9 ms/update | 6288 tok/s
[train] 1200/4096 | 9830400 tok | loss 5.1127 | lr 8.264e-04 | 1301.4 ms/update | 6295 tok/s
[train] 1201/4096 | 9838592 tok | loss 5.5218 | lr 8.261e-04 | 1306.7 ms/update | 6269 tok/s
[train] 1202/4096 | 9846784 tok | loss 5.4779 | lr 8.258e-04 | 1301.6 ms/update | 6294 tok/s
[train] 1203/4096 | 9854976 tok | loss 5.8068 | lr 8.255e-04 | 1303.7 ms/update | 6284 tok/s
[train] 1204/4096 | 9863168 tok | loss 5.6880 | lr 8.253e-04 | 1294.2 ms/update | 6330 tok/s
[train] 1205/4096 | 9871360 tok | loss 5.7048 | lr 8.250e-04 | 1302.0 ms/update | 6292 tok/s
[train] 1206/4096 | 9879552 tok | loss 5.1929 | lr 8.247e-04 | 1306.7 ms/update | 6269 tok/s
[train] 1207/4096 | 9887744 tok | loss 5.6342 | lr 8.244e-04 | 1299.3 ms/update | 6305 tok/s
[train] 1208/4096 | 9895936 tok | loss 5.3900 | lr 8.242e-04 | 1301.3 ms/update | 6295 tok/s
[train] 1209/4096 | 9904128 tok | loss 5.6898 | lr 8.239e-04 | 1306.0 ms/update | 6273 tok/s
[train] 1210/4096 | 9912320 tok | loss 5.7136 | lr 8.236e-04 | 1307.5 ms/update | 6266 tok/s
[train] 1211/4096 | 9920512 tok | loss 5.3102 | lr 8.233e-04 | 1305.4 ms/update | 6276 tok/s
[train] 1212/4096 | 9928704 tok | loss 5.4011 | lr 8.231e-04 | 1311.0 ms/update | 6249 tok/s
[train] 1213/4096 | 9936896 tok | loss 5.6866 | lr 8.228e-04 | 1316.3 ms/update | 6224 tok/s
[train] 1214/4096 | 9945088 tok | loss 5.8134 | lr 8.225e-04 | 1311.9 ms/update | 6244 tok/s
[train] 1215/4096 | 9953280 tok | loss 5.6924 | lr 8.222e-04 | 1313.1 ms/update | 6239 tok/s
[train] 1216/4096 | 9961472 tok | loss 5.6302 | lr 8.220e-04 | 1310.3 ms/update | 6252 tok/s
[train] 1217/4096 | 9969664 tok | loss 5.5107 | lr 8.217e-04 | 1305.4 ms/update | 6275 tok/s
[train] 1218/4096 | 9977856 tok | loss 5.4119 | lr 8.214e-04 | 1305.2 ms/update | 6276 tok/s
[train] 1219/4096 | 9986048 tok | loss 5.5943 | lr 8.211e-04 | 1316.4 ms/update | 6223 tok/s
[train] 1220/4096 | 9994240 tok | loss 5.7667 | lr 8.209e-04 | 1321.6 ms/update | 6199 tok/s
[train] 1221/4096 | 10002432 tok | loss 5.6470 | lr 8.206e-04 | 1309.7 ms/update | 6255 tok/s
[train] 1222/4096 | 10010624 tok | loss 5.6294 | lr 8.203e-04 | 1307.7 ms/update | 6265 tok/s
[train] 1223/4096 | 10018816 tok | loss 5.7724 | lr 8.200e-04 | 1312.3 ms/update | 6243 tok/s
[train] 1224/4096 | 10027008 tok | loss 5.5605 | lr 8.198e-04 | 1309.2 ms/update | 6257 tok/s
[train] 1225/4096 | 10035200 tok | loss 5.2298 | lr 8.195e-04 | 1303.7 ms/update | 6284 tok/s
[train] 1226/4096 | 10043392 tok | loss 5.5374 | lr 8.192e-04 | 1309.7 ms/update | 6255 tok/s
[train] 1227/4096 | 10051584 tok | loss 5.6889 | lr 8.189e-04 | 1314.9 ms/update | 6230 tok/s
[train] 1228/4096 | 10059776 tok | loss 5.2921 | lr 8.186e-04 | 1313.4 ms/update | 6237 tok/s
[train] 1229/4096 | 10067968 tok | loss 5.5830 | lr 8.184e-04 | 1306.6 ms/update | 6270 tok/s
[train] 1230/4096 | 10076160 tok | loss 5.5699 | lr 8.181e-04 | 1304.0 ms/update | 6282 tok/s
[train] 1231/4096 | 10084352 tok | loss 5.3692 | lr 8.178e-04 | 1305.2 ms/update | 6276 tok/s
[train] 1232/4096 | 10092544 tok | loss 5.3919 | lr 8.175e-04 | 1314.0 ms/update | 6234 tok/s
[train] 1233/4096 | 10100736 tok | loss 5.7328 | lr 8.172e-04 | 1315.0 ms/update | 6230 tok/s
[train] 1234/4096 | 10108928 tok | loss 5.5656 | lr 8.170e-04 | 1309.0 ms/update | 6258 tok/s
[train] 1235/4096 | 10117120 tok | loss 5.5337 | lr 8.167e-04 | 1308.4 ms/update | 6261 tok/s
[train] 1236/4096 | 10125312 tok | loss 5.5905 | lr 8.164e-04 | 1308.1 ms/update | 6263 tok/s
[train] 1237/4096 | 10133504 tok | loss 5.4279 | lr 8.161e-04 | 1304.5 ms/update | 6280 tok/s
[train] 1238/4096 | 10141696 tok | loss 5.8709 | lr 8.158e-04 | 1308.9 ms/update | 6259 tok/s
[train] 1239/4096 | 10149888 tok | loss 5.7081 | lr 8.156e-04 | 1300.5 ms/update | 6299 tok/s
[train] 1240/4096 | 10158080 tok | loss 5.5534 | lr 8.153e-04 | 1312.5 ms/update | 6241 tok/s
[train] 1241/4096 | 10166272 tok | loss 5.7961 | lr 8.150e-04 | 1310.0 ms/update | 6253 tok/s
[train] 1242/4096 | 10174464 tok | loss 5.3694 | lr 8.147e-04 | 1307.3 ms/update | 6266 tok/s
[train] 1243/4096 | 10182656 tok | loss 5.6297 | lr 8.144e-04 | 1310.2 ms/update | 6253 tok/s
[train] 1244/4096 | 10190848 tok | loss 5.5492 | lr 8.142e-04 | 1306.6 ms/update | 6270 tok/s
[train] 1245/4096 | 10199040 tok | loss 5.6233 | lr 8.139e-04 | 1314.3 ms/update | 6233 tok/s
[train] 1246/4096 | 10207232 tok | loss 5.7425 | lr 8.136e-04 | 1314.5 ms/update | 6232 tok/s
[train] 1247/4096 | 10215424 tok | loss 5.4563 | lr 8.133e-04 | 1313.1 ms/update | 6239 tok/s
[train] 1248/4096 | 10223616 tok | loss 5.5943 | lr 8.130e-04 | 1306.1 ms/update | 6272 tok/s
[train] 1249/4096 | 10231808 tok | loss 5.5162 | lr 8.128e-04 | 1302.7 ms/update | 6289 tok/s
[train] 1250/4096 | 10240000 tok | loss 5.6350 | lr 8.125e-04 | 1306.6 ms/update | 6270 tok/s
[train] 1251/4096 | 10248192 tok | loss 5.8198 | lr 8.122e-04 | 1309.2 ms/update | 6257 tok/s
[train] 1252/4096 | 10256384 tok | loss 5.3614 | lr 8.119e-04 | 1311.9 ms/update | 6244 tok/s
[train] 1253/4096 | 10264576 tok | loss 5.6787 | lr 8.116e-04 | 1313.0 ms/update | 6239 tok/s
[train] 1254/4096 | 10272768 tok | loss 5.7726 | lr 8.114e-04 | 1307.2 ms/update | 6267 tok/s
[train] 1255/4096 | 10280960 tok | loss 5.5736 | lr 8.111e-04 | 1302.7 ms/update | 6288 tok/s
[train] 1256/4096 | 10289152 tok | loss 5.5779 | lr 8.108e-04 | 1306.1 ms/update | 6272 tok/s
[train] 1257/4096 | 10297344 tok | loss 5.5675 | lr 8.105e-04 | 1304.4 ms/update | 6280 tok/s
[train] 1258/4096 | 10305536 tok | loss 5.3535 | lr 8.102e-04 | 1330.9 ms/update | 6155 tok/s
[train] 1259/4096 | 10313728 tok | loss 5.4259 | lr 8.099e-04 | 1319.1 ms/update | 6210 tok/s
[train] 1260/4096 | 10321920 tok | loss 5.3013 | lr 8.097e-04 | 1315.7 ms/update | 6226 tok/s
[train] 1261/4096 | 10330112 tok | loss 5.5348 | lr 8.094e-04 | 1312.9 ms/update | 6240 tok/s
[train] 1262/4096 | 10338304 tok | loss 5.5497 | lr 8.091e-04 | 1312.0 ms/update | 6244 tok/s
[train] 1263/4096 | 10346496 tok | loss 5.3763 | lr 8.088e-04 | 1306.2 ms/update | 6272 tok/s
[train] 1264/4096 | 10354688 tok | loss 5.7928 | lr 8.085e-04 | 1303.7 ms/update | 6283 tok/s
[train] 1265/4096 | 10362880 tok | loss 5.4850 | lr 8.082e-04 | 1315.0 ms/update | 6229 tok/s
[train] 1266/4096 | 10371072 tok | loss 5.3022 | lr 8.080e-04 | 1320.9 ms/update | 6202 tok/s
[train] 1267/4096 | 10379264 tok | loss 5.6197 | lr 8.077e-04 | 1299.0 ms/update | 6307 tok/s
[train] 1268/4096 | 10387456 tok | loss 5.7306 | lr 8.074e-04 | 1309.8 ms/update | 6254 tok/s
[train] 1269/4096 | 10395648 tok | loss 5.6684 | lr 8.071e-04 | 1302.9 ms/update | 6288 tok/s
[train] 1270/4096 | 10403840 tok | loss 5.8302 | lr 8.068e-04 | 1313.6 ms/update | 6237 tok/s
[train] 1271/4096 | 10412032 tok | loss 5.3513 | lr 8.065e-04 | 1318.2 ms/update | 6215 tok/s
[train] 1272/4096 | 10420224 tok | loss 5.0127 | lr 8.062e-04 | 1306.7 ms/update | 6269 tok/s
[train] 1273/4096 | 10428416 tok | loss 5.4993 | lr 8.060e-04 | 1312.5 ms/update | 6241 tok/s
[train] 1274/4096 | 10436608 tok | loss 5.6463 | lr 8.057e-04 | 1309.7 ms/update | 6255 tok/s
[train] 1275/4096 | 10444800 tok | loss 5.3508 | lr 8.054e-04 | 1303.1 ms/update | 6287 tok/s
[train] 1276/4096 | 10452992 tok | loss 5.3134 | lr 8.051e-04 | 1306.9 ms/update | 6268 tok/s
[train] 1277/4096 | 10461184 tok | loss 5.5898 | lr 8.048e-04 | 1313.2 ms/update | 6238 tok/s
[train] 1278/4096 | 10469376 tok | loss 5.8191 | lr 8.045e-04 | 1306.9 ms/update | 6268 tok/s
[train] 1279/4096 | 10477568 tok | loss 5.3244 | lr 8.042e-04 | 1305.5 ms/update | 6275 tok/s
[train] 1280/4096 | 10485760 tok | loss 5.5262 | lr 8.040e-04 | 1305.1 ms/update | 6277 tok/s
[eval] step 1280 | val NLL 5.2426 | ppl 189.16 | 65536 tokens
[ckpt] latest.pt @ step 1280
[train] 1281/4096 | 10493952 tok | loss 5.5172 | lr 8.037e-04 | 1304.3 ms/update | 6281 tok/s
[train] 1282/4096 | 10502144 tok | loss 5.7949 | lr 8.034e-04 | 1311.7 ms/update | 6245 tok/s
[train] 1283/4096 | 10510336 tok | loss 5.5570 | lr 8.031e-04 | 1313.2 ms/update | 6238 tok/s
[train] 1284/4096 | 10518528 tok | loss 5.6133 | lr 8.028e-04 | 1313.2 ms/update | 6238 tok/s
[train] 1285/4096 | 10526720 tok | loss 5.3547 | lr 8.025e-04 | 1312.9 ms/update | 6240 tok/s
[train] 1286/4096 | 10534912 tok | loss 5.5861 | lr 8.022e-04 | 1320.0 ms/update | 6206 tok/s
[train] 1287/4096 | 10543104 tok | loss 5.5665 | lr 8.019e-04 | 1310.8 ms/update | 6249 tok/s
[train] 1288/4096 | 10551296 tok | loss 5.7053 | lr 8.017e-04 | 1311.5 ms/update | 6246 tok/s
[train] 1289/4096 | 10559488 tok | loss 5.7470 | lr 8.014e-04 | 1304.4 ms/update | 6280 tok/s
[train] 1290/4096 | 10567680 tok | loss 5.4958 | lr 8.011e-04 | 1303.0 ms/update | 6287 tok/s
[train] 1291/4096 | 10575872 tok | loss 5.3803 | lr 8.008e-04 | 1319.7 ms/update | 6208 tok/s
[train] 1292/4096 | 10584064 tok | loss 5.5835 | lr 8.005e-04 | 1301.6 ms/update | 6294 tok/s
[train] 1293/4096 | 10592256 tok | loss 5.4349 | lr 8.002e-04 | 1303.7 ms/update | 6284 tok/s
[train] 1294/4096 | 10600448 tok | loss 5.5401 | lr 7.999e-04 | 1313.2 ms/update | 6238 tok/s
[train] 1295/4096 | 10608640 tok | loss 5.4829 | lr 7.996e-04 | 1331.9 ms/update | 6151 tok/s
[train] 1296/4096 | 10616832 tok | loss 5.5277 | lr 7.994e-04 | 1304.9 ms/update | 6278 tok/s
[train] 1297/4096 | 10625024 tok | loss 5.5345 | lr 7.991e-04 | 1308.0 ms/update | 6263 tok/s
[train] 1298/4096 | 10633216 tok | loss 5.5739 | lr 7.988e-04 | 1304.4 ms/update | 6280 tok/s
[train] 1299/4096 | 10641408 tok | loss 5.3951 | lr 7.985e-04 | 1308.4 ms/update | 6261 tok/s
[train] 1300/4096 | 10649600 tok | loss 5.6789 | lr 7.982e-04 | 1312.5 ms/update | 6241 tok/s
[train] 1301/4096 | 10657792 tok | loss 5.3533 | lr 7.979e-04 | 1317.2 ms/update | 6219 tok/s
[train] 1302/4096 | 10665984 tok | loss 5.5081 | lr 7.976e-04 | 1317.4 ms/update | 6218 tok/s
[train] 1303/4096 | 10674176 tok | loss 5.7085 | lr 7.973e-04 | 1316.4 ms/update | 6223 tok/s
[train] 1304/4096 | 10682368 tok | loss 5.4247 | lr 7.970e-04 | 1313.4 ms/update | 6237 tok/s
[train] 1305/4096 | 10690560 tok | loss 5.3775 | lr 7.968e-04 | 1309.9 ms/update | 6254 tok/s
[train] 1306/4096 | 10698752 tok | loss 5.3086 | lr 7.965e-04 | 1304.7 ms/update | 6279 tok/s
[train] 1307/4096 | 10706944 tok | loss 5.3378 | lr 7.962e-04 | 1312.3 ms/update | 6243 tok/s
[train] 1308/4096 | 10715136 tok | loss 5.5137 | lr 7.959e-04 | 1314.4 ms/update | 6233 tok/s
[train] 1309/4096 | 10723328 tok | loss 5.3232 | lr 7.956e-04 | 1326.4 ms/update | 6176 tok/s
[train] 1310/4096 | 10731520 tok | loss 5.6239 | lr 7.953e-04 | 1305.0 ms/update | 6277 tok/s
[train] 1311/4096 | 10739712 tok | loss 5.3590 | lr 7.950e-04 | 1305.7 ms/update | 6274 tok/s
[train] 1312/4096 | 10747904 tok | loss 5.5437 | lr 7.947e-04 | 1306.8 ms/update | 6269 tok/s
[train] 1313/4096 | 10756096 tok | loss 5.5626 | lr 7.944e-04 | 1305.2 ms/update | 6277 tok/s
[train] 1314/4096 | 10764288 tok | loss 5.2554 | lr 7.941e-04 | 1309.5 ms/update | 6256 tok/s
[train] 1315/4096 | 10772480 tok | loss 5.4955 | lr 7.938e-04 | 1309.3 ms/update | 6257 tok/s
[train] 1316/4096 | 10780672 tok | loss 5.1614 | lr 7.936e-04 | 1305.5 ms/update | 6275 tok/s
[train] 1317/4096 | 10788864 tok | loss 5.3906 | lr 7.933e-04 | 1318.4 ms/update | 6214 tok/s
[train] 1318/4096 | 10797056 tok | loss 5.8026 | lr 7.930e-04 | 1305.1 ms/update | 6277 tok/s
[train] 1319/4096 | 10805248 tok | loss 5.3678 | lr 7.927e-04 | 1320.9 ms/update | 6202 tok/s
[train] 1320/4096 | 10813440 tok | loss 5.5410 | lr 7.924e-04 | 1312.4 ms/update | 6242 tok/s
[train] 1321/4096 | 10821632 tok | loss 5.3427 | lr 7.921e-04 | 1309.5 ms/update | 6256 tok/s
[train] 1322/4096 | 10829824 tok | loss 5.7760 | lr 7.918e-04 | 1313.0 ms/update | 6239 tok/s
[train] 1323/4096 | 10838016 tok | loss 5.2884 | lr 7.915e-04 | 1313.2 ms/update | 6238 tok/s
[train] 1324/4096 | 10846208 tok | loss 5.2588 | lr 7.912e-04 | 1318.3 ms/update | 6214 tok/s
[train] 1325/4096 | 10854400 tok | loss 5.7328 | lr 7.909e-04 | 1309.1 ms/update | 6258 tok/s
[train] 1326/4096 | 10862592 tok | loss 5.6697 | lr 7.906e-04 | 1313.2 ms/update | 6238 tok/s
[train] 1327/4096 | 10870784 tok | loss 5.4724 | lr 7.903e-04 | 1316.6 ms/update | 6222 tok/s
[train] 1328/4096 | 10878976 tok | loss 5.5945 | lr 7.900e-04 | 1308.0 ms/update | 6263 tok/s
[train] 1329/4096 | 10887168 tok | loss 5.5129 | lr 7.897e-04 | 1310.7 ms/update | 6250 tok/s
[train] 1330/4096 | 10895360 tok | loss 5.2358 | lr 7.895e-04 | 1305.6 ms/update | 6275 tok/s
[train] 1331/4096 | 10903552 tok | loss 5.4216 | lr 7.892e-04 | 1305.1 ms/update | 6277 tok/s
[train] 1332/4096 | 10911744 tok | loss 5.3948 | lr 7.889e-04 | 1319.1 ms/update | 6210 tok/s
[train] 1333/4096 | 10919936 tok | loss 5.7071 | lr 7.886e-04 | 1306.4 ms/update | 6271 tok/s
[train] 1334/4096 | 10928128 tok | loss 5.6783 | lr 7.883e-04 | 1315.8 ms/update | 6226 tok/s
[train] 1335/4096 | 10936320 tok | loss 5.2178 | lr 7.880e-04 | 1314.2 ms/update | 6234 tok/s
[train] 1336/4096 | 10944512 tok | loss 5.2557 | lr 7.877e-04 | 1311.0 ms/update | 6249 tok/s
[train] 1337/4096 | 10952704 tok | loss 5.7753 | lr 7.874e-04 | 1315.3 ms/update | 6228 tok/s
[train] 1338/4096 | 10960896 tok | loss 5.4823 | lr 7.871e-04 | 1312.8 ms/update | 6240 tok/s
[train] 1339/4096 | 10969088 tok | loss 5.7037 | lr 7.868e-04 | 1313.6 ms/update | 6236 tok/s
[train] 1340/4096 | 10977280 tok | loss 5.4935 | lr 7.865e-04 | 1313.9 ms/update | 6235 tok/s
[train] 1341/4096 | 10985472 tok | loss 5.2778 | lr 7.862e-04 | 1312.8 ms/update | 6240 tok/s
[train] 1342/4096 | 10993664 tok | loss 5.5973 | lr 7.859e-04 | 1315.8 ms/update | 6226 tok/s
[train] 1343/4096 | 11001856 tok | loss 5.4384 | lr 7.856e-04 | 1312.5 ms/update | 6242 tok/s
[train] 1344/4096 | 11010048 tok | loss 5.4094 | lr 7.853e-04 | 1311.5 ms/update | 6247 tok/s
[train] 1345/4096 | 11018240 tok | loss 5.5438 | lr 7.850e-04 | 1304.5 ms/update | 6280 tok/s
[train] 1346/4096 | 11026432 tok | loss 5.5512 | lr 7.847e-04 | 1305.4 ms/update | 6275 tok/s
[train] 1347/4096 | 11034624 tok | loss 5.4778 | lr 7.844e-04 | 1321.9 ms/update | 6197 tok/s
[train] 1348/4096 | 11042816 tok | loss 5.0277 | lr 7.841e-04 | 1314.1 ms/update | 6234 tok/s
[train] 1349/4096 | 11051008 tok | loss 5.1539 | lr 7.839e-04 | 1307.8 ms/update | 6264 tok/s
[train] 1350/4096 | 11059200 tok | loss 5.6409 | lr 7.836e-04 | 1315.4 ms/update | 6228 tok/s
[train] 1351/4096 | 11067392 tok | loss 5.6664 | lr 7.833e-04 | 1312.8 ms/update | 6240 tok/s
[train] 1352/4096 | 11075584 tok | loss 5.4191 | lr 7.830e-04 | 1308.9 ms/update | 6258 tok/s
[train] 1353/4096 | 11083776 tok | loss 5.5737 | lr 7.827e-04 | 1301.5 ms/update | 6294 tok/s
[train] 1354/4096 | 11091968 tok | loss 5.3561 | lr 7.824e-04 | 1306.8 ms/update | 6269 tok/s
[train] 1355/4096 | 11100160 tok | loss 5.6889 | lr 7.821e-04 | 1312.5 ms/update | 6242 tok/s
[train] 1356/4096 | 11108352 tok | loss 5.4310 | lr 7.818e-04 | 1308.5 ms/update | 6261 tok/s
[train] 1357/4096 | 11116544 tok | loss 5.3916 | lr 7.815e-04 | 1320.5 ms/update | 6204 tok/s
[train] 1358/4096 | 11124736 tok | loss 5.2260 | lr 7.812e-04 | 1308.8 ms/update | 6259 tok/s
[train] 1359/4096 | 11132928 tok | loss 5.2963 | lr 7.809e-04 | 1313.9 ms/update | 6235 tok/s
[train] 1360/4096 | 11141120 tok | loss 5.5928 | lr 7.806e-04 | 1316.2 ms/update | 6224 tok/s
[train] 1361/4096 | 11149312 tok | loss 5.1811 | lr 7.803e-04 | 1312.9 ms/update | 6240 tok/s
[train] 1362/4096 | 11157504 tok | loss 5.4834 | lr 7.800e-04 | 1306.1 ms/update | 6272 tok/s
[train] 1363/4096 | 11165696 tok | loss 5.4826 | lr 7.797e-04 | 1303.7 ms/update | 6284 tok/s
[train] 1364/4096 | 11173888 tok | loss 5.7217 | lr 7.794e-04 | 1310.0 ms/update | 6254 tok/s
[train] 1365/4096 | 11182080 tok | loss 5.3448 | lr 7.791e-04 | 1305.3 ms/update | 6276 tok/s
[train] 1366/4096 | 11190272 tok | loss 5.3502 | lr 7.788e-04 | 1299.0 ms/update | 6306 tok/s
[train] 1367/4096 | 11198464 tok | loss 5.6483 | lr 7.785e-04 | 1302.3 ms/update | 6291 tok/s
[train] 1368/4096 | 11206656 tok | loss 5.6373 | lr 7.782e-04 | 1307.5 ms/update | 6265 tok/s
[train] 1369/4096 | 11214848 tok | loss 5.2557 | lr 7.779e-04 | 1314.7 ms/update | 6231 tok/s
[train] 1370/4096 | 11223040 tok | loss 5.3063 | lr 7.776e-04 | 1328.0 ms/update | 6169 tok/s
[train] 1371/4096 | 11231232 tok | loss 5.4977 | lr 7.773e-04 | 1310.4 ms/update | 6252 tok/s
[train] 1372/4096 | 11239424 tok | loss 5.2793 | lr 7.770e-04 | 1313.1 ms/update | 6239 tok/s
[train] 1373/4096 | 11247616 tok | loss 5.6436 | lr 7.767e-04 | 1309.1 ms/update | 6258 tok/s
[train] 1374/4096 | 11255808 tok | loss 5.6191 | lr 7.764e-04 | 1305.9 ms/update | 6273 tok/s
[train] 1375/4096 | 11264000 tok | loss 5.3846 | lr 7.761e-04 | 1313.9 ms/update | 6235 tok/s
[train] 1376/4096 | 11272192 tok | loss 5.2293 | lr 7.758e-04 | 1316.4 ms/update | 6223 tok/s
[train] 1377/4096 | 11280384 tok | loss 5.6058 | lr 7.755e-04 | 1306.5 ms/update | 6270 tok/s
[train] 1378/4096 | 11288576 tok | loss 5.3885 | lr 7.752e-04 | 1320.2 ms/update | 6205 tok/s
[train] 1379/4096 | 11296768 tok | loss 5.5031 | lr 7.749e-04 | 1308.0 ms/update | 6263 tok/s
[train] 1380/4096 | 11304960 tok | loss 5.4119 | lr 7.746e-04 | 1313.8 ms/update | 6235 tok/s
[train] 1381/4096 | 11313152 tok | loss 5.6463 | lr 7.743e-04 | 1315.6 ms/update | 6227 tok/s
[train] 1382/4096 | 11321344 tok | loss 5.1278 | lr 7.740e-04 | 1313.4 ms/update | 6237 tok/s
[train] 1383/4096 | 11329536 tok | loss 5.6933 | lr 7.737e-04 | 1314.3 ms/update | 6233 tok/s
[train] 1384/4096 | 11337728 tok | loss 5.3448 | lr 7.734e-04 | 1316.5 ms/update | 6222 tok/s
[train] 1385/4096 | 11345920 tok | loss 5.5343 | lr 7.731e-04 | 1321.3 ms/update | 6200 tok/s
[train] 1386/4096 | 11354112 tok | loss 5.6646 | lr 7.728e-04 | 1324.0 ms/update | 6187 tok/s
[train] 1387/4096 | 11362304 tok | loss 5.4685 | lr 7.725e-04 | 1314.2 ms/update | 6233 tok/s
[train] 1388/4096 | 11370496 tok | loss 5.3750 | lr 7.722e-04 | 1314.3 ms/update | 6233 tok/s
[train] 1389/4096 | 11378688 tok | loss 5.2095 | lr 7.719e-04 | 1311.2 ms/update | 6248 tok/s
[train] 1390/4096 | 11386880 tok | loss 5.5572 | lr 7.716e-04 | 1316.9 ms/update | 6221 tok/s
[train] 1391/4096 | 11395072 tok | loss 5.4966 | lr 7.713e-04 | 1310.8 ms/update | 6250 tok/s
[train] 1392/4096 | 11403264 tok | loss 5.6335 | lr 7.710e-04 | 1313.4 ms/update | 6237 tok/s
[train] 1393/4096 | 11411456 tok | loss 5.0062 | lr 7.707e-04 | 1324.6 ms/update | 6185 tok/s
[train] 1394/4096 | 11419648 tok | loss 5.3590 | lr 7.704e-04 | 1310.3 ms/update | 6252 tok/s
[train] 1395/4096 | 11427840 tok | loss 5.3683 | lr 7.701e-04 | 1310.2 ms/update | 6253 tok/s
[train] 1396/4096 | 11436032 tok | loss 5.3385 | lr 7.698e-04 | 1308.6 ms/update | 6260 tok/s
[train] 1397/4096 | 11444224 tok | loss 5.5868 | lr 7.695e-04 | 1310.4 ms/update | 6252 tok/s
[train] 1398/4096 | 11452416 tok | loss 5.5250 | lr 7.692e-04 | 1313.8 ms/update | 6235 tok/s
[train] 1399/4096 | 11460608 tok | loss 5.2187 | lr 7.689e-04 | 1320.0 ms/update | 6206 tok/s
[train] 1400/4096 | 11468800 tok | loss 5.4374 | lr 7.686e-04 | 1311.0 ms/update | 6249 tok/s
[train] 1401/4096 | 11476992 tok | loss 5.4825 | lr 7.683e-04 | 1319.3 ms/update | 6209 tok/s
[train] 1402/4096 | 11485184 tok | loss 5.4694 | lr 7.680e-04 | 1317.5 ms/update | 6218 tok/s
[train] 1403/4096 | 11493376 tok | loss 5.2127 | lr 7.677e-04 | 1305.8 ms/update | 6274 tok/s
[train] 1404/4096 | 11501568 tok | loss 5.4628 | lr 7.673e-04 | 1324.5 ms/update | 6185 tok/s
[train] 1405/4096 | 11509760 tok | loss 5.7423 | lr 7.670e-04 | 1316.7 ms/update | 6222 tok/s
[train] 1406/4096 | 11517952 tok | loss 4.9604 | lr 7.667e-04 | 1310.3 ms/update | 6252 tok/s
[train] 1407/4096 | 11526144 tok | loss 5.6069 | lr 7.664e-04 | 1311.0 ms/update | 6248 tok/s
[train] 1408/4096 | 11534336 tok | loss 5.6331 | lr 7.661e-04 | 1327.9 ms/update | 6169 tok/s
[eval] step 1408 | val NLL 5.1919 | ppl 179.81 | 65536 tokens
[ckpt] latest.pt @ step 1408
[train] 1409/4096 | 11542528 tok | loss 5.7564 | lr 7.658e-04 | 1309.1 ms/update | 6258 tok/s
[train] 1410/4096 | 11550720 tok | loss 5.5280 | lr 7.655e-04 | 1307.7 ms/update | 6264 tok/s
[train] 1411/4096 | 11558912 tok | loss 5.3240 | lr 7.652e-04 | 1307.8 ms/update | 6264 tok/s
[train] 1412/4096 | 11567104 tok | loss 5.2971 | lr 7.649e-04 | 1319.1 ms/update | 6210 tok/s
[train] 1413/4096 | 11575296 tok | loss 5.2821 | lr 7.646e-04 | 1321.2 ms/update | 6201 tok/s
[train] 1414/4096 | 11583488 tok | loss 5.3382 | lr 7.643e-04 | 1319.6 ms/update | 6208 tok/s
[train] 1415/4096 | 11591680 tok | loss 5.4114 | lr 7.640e-04 | 1308.9 ms/update | 6259 tok/s
[train] 1416/4096 | 11599872 tok | loss 5.2613 | lr 7.637e-04 | 1309.6 ms/update | 6255 tok/s
[train] 1417/4096 | 11608064 tok | loss 5.8079 | lr 7.634e-04 | 1303.0 ms/update | 6287 tok/s
[train] 1418/4096 | 11616256 tok | loss 5.3843 | lr 7.631e-04 | 1304.3 ms/update | 6281 tok/s
[train] 1419/4096 | 11624448 tok | loss 5.5438 | lr 7.628e-04 | 1310.2 ms/update | 6252 tok/s
[train] 1420/4096 | 11632640 tok | loss 5.4994 | lr 7.625e-04 | 1304.9 ms/update | 6278 tok/s
[train] 1421/4096 | 11640832 tok | loss 5.5519 | lr 7.622e-04 | 1308.9 ms/update | 6259 tok/s
[train] 1422/4096 | 11649024 tok | loss 5.3783 | lr 7.619e-04 | 1311.3 ms/update | 6247 tok/s
[train] 1423/4096 | 11657216 tok | loss 5.8533 | lr 7.616e-04 | 1310.7 ms/update | 6250 tok/s
[train] 1424/4096 | 11665408 tok | loss 5.4145 | lr 7.612e-04 | 1310.0 ms/update | 6253 tok/s
[train] 1425/4096 | 11673600 tok | loss 5.5689 | lr 7.609e-04 | 1319.4 ms/update | 6209 tok/s
[train] 1426/4096 | 11681792 tok | loss 5.2107 | lr 7.606e-04 | 1311.5 ms/update | 6246 tok/s
[train] 1427/4096 | 11689984 tok | loss 5.7291 | lr 7.603e-04 | 1317.0 ms/update | 6220 tok/s
[train] 1428/4096 | 11698176 tok | loss 5.2357 | lr 7.600e-04 | 1335.3 ms/update | 6135 tok/s
[train] 1429/4096 | 11706368 tok | loss 5.3508 | lr 7.597e-04 | 1308.7 ms/update | 6260 tok/s
[train] 1430/4096 | 11714560 tok | loss 5.3908 | lr 7.594e-04 | 1310.4 ms/update | 6252 tok/s
[train] 1431/4096 | 11722752 tok | loss 5.6673 | lr 7.591e-04 | 1312.2 ms/update | 6243 tok/s
[train] 1432/4096 | 11730944 tok | loss 5.7395 | lr 7.588e-04 | 1318.4 ms/update | 6214 tok/s
[train] 1433/4096 | 11739136 tok | loss 5.2356 | lr 7.585e-04 | 1310.2 ms/update | 6253 tok/s
[train] 1434/4096 | 11747328 tok | loss 5.3404 | lr 7.582e-04 | 1312.1 ms/update | 6243 tok/s
[train] 1435/4096 | 11755520 tok | loss 5.0418 | lr 7.579e-04 | 1318.0 ms/update | 6216 tok/s
[train] 1436/4096 | 11763712 tok | loss 5.3791 | lr 7.576e-04 | 1320.4 ms/update | 6204 tok/s
[train] 1437/4096 | 11771904 tok | loss 5.6736 | lr 7.573e-04 | 1307.8 ms/update | 6264 tok/s
[train] 1438/4096 | 11780096 tok | loss 5.5226 | lr 7.569e-04 | 1310.4 ms/update | 6251 tok/s
[train] 1439/4096 | 11788288 tok | loss 5.5114 | lr 7.566e-04 | 1312.1 ms/update | 6244 tok/s
[train] 1440/4096 | 11796480 tok | loss 5.4269 | lr 7.563e-04 | 1312.6 ms/update | 6241 tok/s
[train] 1441/4096 | 11804672 tok | loss 5.2075 | lr 7.560e-04 | 1311.7 ms/update | 6245 tok/s
[train] 1442/4096 | 11812864 tok | loss 5.6632 | lr 7.557e-04 | 1304.1 ms/update | 6282 tok/s
[train] 1443/4096 | 11821056 tok | loss 5.4051 | lr 7.554e-04 | 1305.4 ms/update | 6276 tok/s
[train] 1444/4096 | 11829248 tok | loss 5.6064 | lr 7.551e-04 | 1321.8 ms/update | 6197 tok/s
[train] 1445/4096 | 11837440 tok | loss 5.4978 | lr 7.548e-04 | 1308.2 ms/update | 6262 tok/s
[train] 1446/4096 | 11845632 tok | loss 5.5807 | lr 7.545e-04 | 1312.3 ms/update | 6243 tok/s
[train] 1447/4096 | 11853824 tok | loss 5.7101 | lr 7.542e-04 | 1316.3 ms/update | 6224 tok/s
[train] 1448/4096 | 11862016 tok | loss 5.5683 | lr 7.539e-04 | 1315.7 ms/update | 6226 tok/s
[train] 1449/4096 | 11870208 tok | loss 5.3048 | lr 7.536e-04 | 1311.7 ms/update | 6245 tok/s
[train] 1450/4096 | 11878400 tok | loss 5.3824 | lr 7.532e-04 | 1315.9 ms/update | 6225 tok/s
[train] 1451/4096 | 11886592 tok | loss 5.5326 | lr 7.529e-04 | 1328.4 ms/update | 6167 tok/s
[train] 1452/4096 | 11894784 tok | loss 5.3395 | lr 7.526e-04 | 1302.7 ms/update | 6288 tok/s
[train] 1453/4096 | 11902976 tok | loss 5.6038 | lr 7.523e-04 | 1314.0 ms/update | 6234 tok/s
[train] 1454/4096 | 11911168 tok | loss 5.1485 | lr 7.520e-04 | 1315.1 ms/update | 6229 tok/s
[train] 1455/4096 | 11919360 tok | loss 5.7058 | lr 7.517e-04 | 1312.7 ms/update | 6241 tok/s
[train] 1456/4096 | 11927552 tok | loss 5.5280 | lr 7.514e-04 | 1308.3 ms/update | 6262 tok/s
[train] 1457/4096 | 11935744 tok | loss 5.5483 | lr 7.511e-04 | 1308.2 ms/update | 6262 tok/s
[train] 1458/4096 | 11943936 tok | loss 5.3338 | lr 7.508e-04 | 1313.9 ms/update | 6235 tok/s
[train] 1459/4096 | 11952128 tok | loss 5.1304 | lr 7.505e-04 | 1315.2 ms/update | 6229 tok/s
[train] 1460/4096 | 11960320 tok | loss 5.6631 | lr 7.501e-04 | 1313.0 ms/update | 6239 tok/s
[train] 1461/4096 | 11968512 tok | loss 5.6511 | lr 7.498e-04 | 1316.5 ms/update | 6223 tok/s
[train] 1462/4096 | 11976704 tok | loss 5.4756 | lr 7.495e-04 | 1314.1 ms/update | 6234 tok/s
[train] 1463/4096 | 11984896 tok | loss 5.5781 | lr 7.492e-04 | 1315.0 ms/update | 6230 tok/s
[train] 1464/4096 | 11993088 tok | loss 5.4349 | lr 7.489e-04 | 1308.0 ms/update | 6263 tok/s
[train] 1465/4096 | 12001280 tok | loss 5.2760 | lr 7.486e-04 | 1309.1 ms/update | 6258 tok/s
[train] 1466/4096 | 12009472 tok | loss 5.4428 | lr 7.483e-04 | 1319.6 ms/update | 6208 tok/s
[train] 1467/4096 | 12017664 tok | loss 5.7975 | lr 7.480e-04 | 1315.4 ms/update | 6228 tok/s
[train] 1468/4096 | 12025856 tok | loss 5.3896 | lr 7.477e-04 | 1313.2 ms/update | 6238 tok/s
[train] 1469/4096 | 12034048 tok | loss 5.5004 | lr 7.473e-04 | 1312.9 ms/update | 6240 tok/s
[train] 1470/4096 | 12042240 tok | loss 5.5032 | lr 7.470e-04 | 1315.6 ms/update | 6227 tok/s
[train] 1471/4096 | 12050432 tok | loss 5.1934 | lr 7.467e-04 | 1312.0 ms/update | 6244 tok/s
[train] 1472/4096 | 12058624 tok | loss 5.6646 | lr 7.464e-04 | 1313.1 ms/update | 6239 tok/s
[train] 1473/4096 | 12066816 tok | loss 5.3040 | lr 7.461e-04 | 1317.2 ms/update | 6219 tok/s
[train] 1474/4096 | 12075008 tok | loss 5.3492 | lr 7.458e-04 | 1321.4 ms/update | 6199 tok/s
[train] 1475/4096 | 12083200 tok | loss 5.5636 | lr 7.455e-04 | 1309.1 ms/update | 6258 tok/s
[train] 1476/4096 | 12091392 tok | loss 5.0250 | lr 7.452e-04 | 1315.5 ms/update | 6227 tok/s
[train] 1477/4096 | 12099584 tok | loss 5.1952 | lr 7.448e-04 | 1309.8 ms/update | 6255 tok/s
[train] 1478/4096 | 12107776 tok | loss 5.6252 | lr 7.445e-04 | 1310.6 ms/update | 6251 tok/s
[train] 1479/4096 | 12115968 tok | loss 5.5223 | lr 7.442e-04 | 1309.2 ms/update | 6257 tok/s
[train] 1480/4096 | 12124160 tok | loss 5.6802 | lr 7.439e-04 | 1315.3 ms/update | 6228 tok/s
[train] 1481/4096 | 12132352 tok | loss 5.3175 | lr 7.436e-04 | 1325.9 ms/update | 6178 tok/s
[train] 1482/4096 | 12140544 tok | loss 5.3760 | lr 7.433e-04 | 1319.6 ms/update | 6208 tok/s
[train] 1483/4096 | 12148736 tok | loss 5.3177 | lr 7.430e-04 | 1314.2 ms/update | 6233 tok/s
[train] 1484/4096 | 12156928 tok | loss 5.0773 | lr 7.427e-04 | 1308.1 ms/update | 6262 tok/s
[train] 1485/4096 | 12165120 tok | loss 5.8651 | lr 7.423e-04 | 1306.6 ms/update | 6269 tok/s
[train] 1486/4096 | 12173312 tok | loss 5.5338 | lr 7.420e-04 | 1302.1 ms/update | 6291 tok/s
[train] 1487/4096 | 12181504 tok | loss 5.5145 | lr 7.417e-04 | 1321.6 ms/update | 6199 tok/s
[train] 1488/4096 | 12189696 tok | loss 5.5982 | lr 7.414e-04 | 1304.0 ms/update | 6282 tok/s
[train] 1489/4096 | 12197888 tok | loss 5.3863 | lr 7.411e-04 | 1325.1 ms/update | 6182 tok/s
[train] 1490/4096 | 12206080 tok | loss 5.3824 | lr 7.408e-04 | 1305.5 ms/update | 6275 tok/s
[train] 1491/4096 | 12214272 tok | loss 5.5606 | lr 7.405e-04 | 1314.4 ms/update | 6232 tok/s
[train] 1492/4096 | 12222464 tok | loss 5.4833 | lr 7.401e-04 | 1312.1 ms/update | 6244 tok/s
[train] 1493/4096 | 12230656 tok | loss 5.2672 | lr 7.398e-04 | 1317.5 ms/update | 6218 tok/s
[train] 1494/4096 | 12238848 tok | loss 5.3821 | lr 7.395e-04 | 1310.1 ms/update | 6253 tok/s
[train] 1495/4096 | 12247040 tok | loss 5.4777 | lr 7.392e-04 | 1318.5 ms/update | 6213 tok/s
[train] 1496/4096 | 12255232 tok | loss 5.4912 | lr 7.389e-04 | 1308.1 ms/update | 6262 tok/s
[train] 1497/4096 | 12263424 tok | loss 5.3808 | lr 7.386e-04 | 1315.0 ms/update | 6230 tok/s
[train] 1498/4096 | 12271616 tok | loss 5.5073 | lr 7.383e-04 | 1315.5 ms/update | 6227 tok/s
[train] 1499/4096 | 12279808 tok | loss 5.6299 | lr 7.379e-04 | 1315.1 ms/update | 6229 tok/s
[train] 1500/4096 | 12288000 tok | loss 5.5963 | lr 7.376e-04 | 1313.5 ms/update | 6237 tok/s
[train] 1501/4096 | 12296192 tok | loss 5.5760 | lr 7.373e-04 | 1315.0 ms/update | 6230 tok/s
[train] 1502/4096 | 12304384 tok | loss 4.9872 | lr 7.370e-04 | 1314.2 ms/update | 6233 tok/s
[train] 1503/4096 | 12312576 tok | loss 5.6785 | lr 7.367e-04 | 1317.3 ms/update | 6219 tok/s
[train] 1504/4096 | 12320768 tok | loss 5.2027 | lr 7.364e-04 | 1323.1 ms/update | 6192 tok/s
[train] 1505/4096 | 12328960 tok | loss 5.4211 | lr 7.360e-04 | 1311.8 ms/update | 6245 tok/s
[train] 1506/4096 | 12337152 tok | loss 4.9445 | lr 7.357e-04 | 1312.9 ms/update | 6240 tok/s
[train] 1507/4096 | 12345344 tok | loss 5.6310 | lr 7.354e-04 | 1310.6 ms/update | 6251 tok/s
[train] 1508/4096 | 12353536 tok | loss 5.1997 | lr 7.351e-04 | 1309.4 ms/update | 6256 tok/s
[train] 1509/4096 | 12361728 tok | loss 5.3472 | lr 7.348e-04 | 1306.4 ms/update | 6271 tok/s
[train] 1510/4096 | 12369920 tok | loss 5.1944 | lr 7.345e-04 | 1304.8 ms/update | 6278 tok/s
[train] 1511/4096 | 12378112 tok | loss 5.3174 | lr 7.342e-04 | 1306.1 ms/update | 6272 tok/s
[train] 1512/4096 | 12386304 tok | loss 5.0645 | lr 7.338e-04 | 1311.7 ms/update | 6245 tok/s
[train] 1513/4096 | 12394496 tok | loss 5.4658 | lr 7.335e-04 | 1309.6 ms/update | 6255 tok/s
[train] 1514/4096 | 12402688 tok | loss 5.4253 | lr 7.332e-04 | 1313.1 ms/update | 6239 tok/s
[train] 1515/4096 | 12410880 tok | loss 5.4910 | lr 7.329e-04 | 1313.1 ms/update | 6239 tok/s
[train] 1516/4096 | 12419072 tok | loss 5.2537 | lr 7.326e-04 | 1315.6 ms/update | 6227 tok/s
[train] 1517/4096 | 12427264 tok | loss 5.3848 | lr 7.322e-04 | 1313.7 ms/update | 6236 tok/s
[train] 1518/4096 | 12435456 tok | loss 5.6623 | lr 7.319e-04 | 1311.9 ms/update | 6244 tok/s
[train] 1519/4096 | 12443648 tok | loss 5.3047 | lr 7.316e-04 | 1304.6 ms/update | 6279 tok/s
[train] 1520/4096 | 12451840 tok | loss 5.3140 | lr 7.313e-04 | 1303.8 ms/update | 6283 tok/s
[train] 1521/4096 | 12460032 tok | loss 5.4655 | lr 7.310e-04 | 1314.4 ms/update | 6233 tok/s
[train] 1522/4096 | 12468224 tok | loss 5.7147 | lr 7.307e-04 | 1311.4 ms/update | 6247 tok/s
[train] 1523/4096 | 12476416 tok | loss 5.3865 | lr 7.303e-04 | 1309.4 ms/update | 6256 tok/s
[train] 1524/4096 | 12484608 tok | loss 5.3566 | lr 7.300e-04 | 1306.7 ms/update | 6269 tok/s
[train] 1525/4096 | 12492800 tok | loss 5.5671 | lr 7.297e-04 | 1305.3 ms/update | 6276 tok/s
[train] 1526/4096 | 12500992 tok | loss 5.2096 | lr 7.294e-04 | 1313.5 ms/update | 6237 tok/s
[train] 1527/4096 | 12509184 tok | loss 5.5599 | lr 7.291e-04 | 1321.8 ms/update | 6198 tok/s
[train] 1528/4096 | 12517376 tok | loss 5.6724 | lr 7.288e-04 | 1305.0 ms/update | 6277 tok/s
[train] 1529/4096 | 12525568 tok | loss 5.3622 | lr 7.284e-04 | 1309.3 ms/update | 6257 tok/s
[train] 1530/4096 | 12533760 tok | loss 5.3428 | lr 7.281e-04 | 1303.4 ms/update | 6285 tok/s
[train] 1531/4096 | 12541952 tok | loss 5.8472 | lr 7.278e-04 | 1307.4 ms/update | 6266 tok/s
[train] 1532/4096 | 12550144 tok | loss 5.6523 | lr 7.275e-04 | 1310.4 ms/update | 6252 tok/s
[train] 1533/4096 | 12558336 tok | loss 5.5523 | lr 7.272e-04 | 1314.1 ms/update | 6234 tok/s
[train] 1534/4096 | 12566528 tok | loss 5.2487 | lr 7.268e-04 | 1314.3 ms/update | 6233 tok/s
[train] 1535/4096 | 12574720 tok | loss 5.0725 | lr 7.265e-04 | 1323.3 ms/update | 6191 tok/s
[train] 1536/4096 | 12582912 tok | loss 5.3016 | lr 7.262e-04 | 1308.0 ms/update | 6263 tok/s
[eval] step 1536 | val NLL 5.1051 | ppl 164.86 | 65536 tokens
[ckpt] latest.pt @ step 1536
[train] 1537/4096 | 12591104 tok | loss 5.1105 | lr 7.259e-04 | 1312.3 ms/update | 6242 tok/s
[train] 1538/4096 | 12599296 tok | loss 5.4125 | lr 7.256e-04 | 1314.1 ms/update | 6234 tok/s
[train] 1539/4096 | 12607488 tok | loss 5.2805 | lr 7.252e-04 | 1316.4 ms/update | 6223 tok/s
[train] 1540/4096 | 12615680 tok | loss 5.5073 | lr 7.249e-04 | 1316.7 ms/update | 6222 tok/s
[train] 1541/4096 | 12623872 tok | loss 5.5678 | lr 7.246e-04 | 1307.9 ms/update | 6263 tok/s
[train] 1542/4096 | 12632064 tok | loss 5.3260 | lr 7.243e-04 | 1309.4 ms/update | 6256 tok/s
[train] 1543/4096 | 12640256 tok | loss 5.0042 | lr 7.240e-04 | 1306.5 ms/update | 6270 tok/s
[train] 1544/4096 | 12648448 tok | loss 5.4029 | lr 7.236e-04 | 1299.9 ms/update | 6302 tok/s
[train] 1545/4096 | 12656640 tok | loss 5.2252 | lr 7.233e-04 | 1304.6 ms/update | 6279 tok/s
[train] 1546/4096 | 12664832 tok | loss 5.3782 | lr 7.230e-04 | 1306.4 ms/update | 6271 tok/s
[train] 1547/4096 | 12673024 tok | loss 5.1883 | lr 7.227e-04 | 1313.7 ms/update | 6236 tok/s
[train] 1548/4096 | 12681216 tok | loss 5.4900 | lr 7.224e-04 | 1315.4 ms/update | 6228 tok/s
[train] 1549/4096 | 12689408 tok | loss 5.6019 | lr 7.220e-04 | 1312.3 ms/update | 6243 tok/s
[train] 1550/4096 | 12697600 tok | loss 5.5115 | lr 7.217e-04 | 1313.1 ms/update | 6239 tok/s
[train] 1551/4096 | 12705792 tok | loss 5.7651 | lr 7.214e-04 | 1306.9 ms/update | 6268 tok/s
[train] 1552/4096 | 12713984 tok | loss 4.9839 | lr 7.211e-04 | 1305.6 ms/update | 6274 tok/s
[train] 1553/4096 | 12722176 tok | loss 5.3410 | lr 7.208e-04 | 1313.3 ms/update | 6238 tok/s
[train] 1554/4096 | 12730368 tok | loss 5.1849 | lr 7.204e-04 | 1315.3 ms/update | 6228 tok/s
[train] 1555/4096 | 12738560 tok | loss 5.3015 | lr 7.201e-04 | 1314.5 ms/update | 6232 tok/s
[train] 1556/4096 | 12746752 tok | loss 5.3551 | lr 7.198e-04 | 1313.2 ms/update | 6238 tok/s
[train] 1557/4096 | 12754944 tok | loss 5.2637 | lr 7.195e-04 | 1310.3 ms/update | 6252 tok/s
[train] 1558/4096 | 12763136 tok | loss 5.4591 | lr 7.192e-04 | 1306.2 ms/update | 6272 tok/s
[train] 1559/4096 | 12771328 tok | loss 5.1871 | lr 7.188e-04 | 1327.4 ms/update | 6172 tok/s
[train] 1560/4096 | 12779520 tok | loss 5.3318 | lr 7.185e-04 | 1310.1 ms/update | 6253 tok/s
[train] 1561/4096 | 12787712 tok | loss 5.3802 | lr 7.182e-04 | 1307.7 ms/update | 6264 tok/s
[train] 1562/4096 | 12795904 tok | loss 5.2171 | lr 7.179e-04 | 1325.5 ms/update | 6180 tok/s
[train] 1563/4096 | 12804096 tok | loss 5.4342 | lr 7.176e-04 | 1318.3 ms/update | 6214 tok/s
[train] 1564/4096 | 12812288 tok | loss 5.3217 | lr 7.172e-04 | 1305.6 ms/update | 6275 tok/s
[train] 1565/4096 | 12820480 tok | loss 5.6526 | lr 7.169e-04 | 1303.6 ms/update | 6284 tok/s
[train] 1566/4096 | 12828672 tok | loss 5.1834 | lr 7.166e-04 | 1315.5 ms/update | 6227 tok/s
[train] 1567/4096 | 12836864 tok | loss 5.3079 | lr 7.163e-04 | 1310.9 ms/update | 6249 tok/s
[train] 1568/4096 | 12845056 tok | loss 5.1796 | lr 7.159e-04 | 1316.0 ms/update | 6225 tok/s
[train] 1569/4096 | 12853248 tok | loss 5.4698 | lr 7.156e-04 | 1312.9 ms/update | 6240 tok/s
[train] 1570/4096 | 12861440 tok | loss 5.4012 | lr 7.153e-04 | 1319.6 ms/update | 6208 tok/s
[train] 1571/4096 | 12869632 tok | loss 5.4608 | lr 7.150e-04 | 1309.4 ms/update | 6256 tok/s
[train] 1572/4096 | 12877824 tok | loss 5.3656 | lr 7.146e-04 | 1313.1 ms/update | 6239 tok/s
[train] 1573/4096 | 12886016 tok | loss 5.0435 | lr 7.143e-04 | 1317.0 ms/update | 6220 tok/s
[train] 1574/4096 | 12894208 tok | loss 5.6103 | lr 7.140e-04 | 1309.5 ms/update | 6256 tok/s
[train] 1575/4096 | 12902400 tok | loss 5.5721 | lr 7.137e-04 | 1312.3 ms/update | 6243 tok/s
[train] 1576/4096 | 12910592 tok | loss 5.1959 | lr 7.134e-04 | 1314.7 ms/update | 6231 tok/s
[train] 1577/4096 | 12918784 tok | loss 5.2933 | lr 7.130e-04 | 1309.5 ms/update | 6256 tok/s
[train] 1578/4096 | 12926976 tok | loss 5.4014 | lr 7.127e-04 | 1318.1 ms/update | 6215 tok/s
[train] 1579/4096 | 12935168 tok | loss 5.3557 | lr 7.124e-04 | 1305.9 ms/update | 6273 tok/s
[train] 1580/4096 | 12943360 tok | loss 5.3394 | lr 7.121e-04 | 1304.7 ms/update | 6279 tok/s
[train] 1581/4096 | 12951552 tok | loss 5.5283 | lr 7.117e-04 | 1304.5 ms/update | 6280 tok/s
[train] 1582/4096 | 12959744 tok | loss 5.2409 | lr 7.114e-04 | 1317.1 ms/update | 6220 tok/s
[train] 1583/4096 | 12967936 tok | loss 5.5615 | lr 7.111e-04 | 1313.4 ms/update | 6237 tok/s
[train] 1584/4096 | 12976128 tok | loss 5.4532 | lr 7.108e-04 | 1314.9 ms/update | 6230 tok/s
[train] 1585/4096 | 12984320 tok | loss 5.1401 | lr 7.104e-04 | 1315.9 ms/update | 6225 tok/s
[train] 1586/4096 | 12992512 tok | loss 5.3479 | lr 7.101e-04 | 1315.5 ms/update | 6227 tok/s
[train] 1587/4096 | 13000704 tok | loss 5.1362 | lr 7.098e-04 | 1311.6 ms/update | 6246 tok/s
[train] 1588/4096 | 13008896 tok | loss 5.7248 | lr 7.095e-04 | 1313.0 ms/update | 6239 tok/s
[train] 1589/4096 | 13017088 tok | loss 5.3048 | lr 7.091e-04 | 1315.5 ms/update | 6227 tok/s
[train] 1590/4096 | 13025280 tok | loss 5.2087 | lr 7.088e-04 | 1313.1 ms/update | 6239 tok/s
[train] 1591/4096 | 13033472 tok | loss 5.4984 | lr 7.085e-04 | 1315.7 ms/update | 6226 tok/s
[train] 1592/4096 | 13041664 tok | loss 5.5993 | lr 7.082e-04 | 1315.7 ms/update | 6226 tok/s
[train] 1593/4096 | 13049856 tok | loss 5.4508 | lr 7.078e-04 | 1320.5 ms/update | 6204 tok/s
[train] 1594/4096 | 13058048 tok | loss 5.3251 | lr 7.075e-04 | 1307.2 ms/update | 6267 tok/s
[train] 1595/4096 | 13066240 tok | loss 5.4161 | lr 7.072e-04 | 1308.0 ms/update | 6263 tok/s
[train] 1596/4096 | 13074432 tok | loss 5.3142 | lr 7.069e-04 | 1317.3 ms/update | 6219 tok/s
[train] 1597/4096 | 13082624 tok | loss 5.6594 | lr 7.065e-04 | 1310.7 ms/update | 6250 tok/s
[train] 1598/4096 | 13090816 tok | loss 5.4125 | lr 7.062e-04 | 1317.4 ms/update | 6218 tok/s
[train] 1599/4096 | 13099008 tok | loss 5.5523 | lr 7.059e-04 | 1314.0 ms/update | 6234 tok/s
[train] 1600/4096 | 13107200 tok | loss 5.2232 | lr 7.056e-04 | 1313.9 ms/update | 6235 tok/s
[train] 1601/4096 | 13115392 tok | loss 5.5749 | lr 7.052e-04 | 1321.3 ms/update | 6200 tok/s
[train] 1602/4096 | 13123584 tok | loss 5.3592 | lr 7.049e-04 | 1309.2 ms/update | 6257 tok/s
[train] 1603/4096 | 13131776 tok | loss 5.5883 | lr 7.046e-04 | 1305.3 ms/update | 6276 tok/s
[train] 1604/4096 | 13139968 tok | loss 5.1805 | lr 7.043e-04 | 1308.0 ms/update | 6263 tok/s
[train] 1605/4096 | 13148160 tok | loss 5.2239 | lr 7.039e-04 | 1315.7 ms/update | 6226 tok/s
[train] 1606/4096 | 13156352 tok | loss 5.5802 | lr 7.036e-04 | 1316.3 ms/update | 6224 tok/s
[train] 1607/4096 | 13164544 tok | loss 5.4732 | lr 7.033e-04 | 1320.4 ms/update | 6204 tok/s
[train] 1608/4096 | 13172736 tok | loss 5.3347 | lr 7.030e-04 | 1308.0 ms/update | 6263 tok/s
[train] 1609/4096 | 13180928 tok | loss 5.3577 | lr 7.026e-04 | 1315.5 ms/update | 6227 tok/s
[train] 1610/4096 | 13189120 tok | loss 5.2712 | lr 7.023e-04 | 1309.8 ms/update | 6254 tok/s
[train] 1611/4096 | 13197312 tok | loss 5.3177 | lr 7.020e-04 | 1305.5 ms/update | 6275 tok/s
[train] 1612/4096 | 13205504 tok | loss 5.0146 | lr 7.017e-04 | 1304.2 ms/update | 6281 tok/s
[train] 1613/4096 | 13213696 tok | loss 5.5200 | lr 7.013e-04 | 1310.7 ms/update | 6250 tok/s
[train] 1614/4096 | 13221888 tok | loss 5.0588 | lr 7.010e-04 | 1308.7 ms/update | 6260 tok/s
[train] 1615/4096 | 13230080 tok | loss 5.2514 | lr 7.007e-04 | 1305.2 ms/update | 6276 tok/s
[train] 1616/4096 | 13238272 tok | loss 5.0032 | lr 7.004e-04 | 1324.7 ms/update | 6184 tok/s
[train] 1617/4096 | 13246464 tok | loss 5.1442 | lr 7.000e-04 | 1307.2 ms/update | 6267 tok/s
[train] 1618/4096 | 13254656 tok | loss 5.2631 | lr 6.997e-04 | 1304.0 ms/update | 6282 tok/s
[train] 1619/4096 | 13262848 tok | loss 5.2974 | lr 6.994e-04 | 1304.9 ms/update | 6278 tok/s
[train] 1620/4096 | 13271040 tok | loss 5.5940 | lr 6.990e-04 | 1306.7 ms/update | 6269 tok/s
[train] 1621/4096 | 13279232 tok | loss 5.2882 | lr 6.987e-04 | 1314.3 ms/update | 6233 tok/s
[train] 1622/4096 | 13287424 tok | loss 5.1555 | lr 6.984e-04 | 1315.0 ms/update | 6229 tok/s
[train] 1623/4096 | 13295616 tok | loss 5.4542 | lr 6.981e-04 | 1309.9 ms/update | 6254 tok/s
[train] 1624/4096 | 13303808 tok | loss 5.1182 | lr 6.977e-04 | 1315.0 ms/update | 6230 tok/s
[train] 1625/4096 | 13312000 tok | loss 5.2548 | lr 6.974e-04 | 1315.0 ms/update | 6229 tok/s
[train] 1626/4096 | 13320192 tok | loss 5.3767 | lr 6.971e-04 | 1318.9 ms/update | 6211 tok/s
[train] 1627/4096 | 13328384 tok | loss 5.4667 | lr 6.968e-04 | 1305.4 ms/update | 6276 tok/s
[train] 1628/4096 | 13336576 tok | loss 5.1941 | lr 6.964e-04 | 1313.8 ms/update | 6235 tok/s
[train] 1629/4096 | 13344768 tok | loss 5.2668 | lr 6.961e-04 | 1310.9 ms/update | 6249 tok/s
[train] 1630/4096 | 13352960 tok | loss 5.0271 | lr 6.958e-04 | 1305.2 ms/update | 6276 tok/s
[train] 1631/4096 | 13361152 tok | loss 5.4340 | lr 6.954e-04 | 1308.0 ms/update | 6263 tok/s
[train] 1632/4096 | 13369344 tok | loss 5.1334 | lr 6.951e-04 | 1313.7 ms/update | 6236 tok/s
[train] 1633/4096 | 13377536 tok | loss 5.2364 | lr 6.948e-04 | 1314.1 ms/update | 6234 tok/s
[train] 1634/4096 | 13385728 tok | loss 5.3285 | lr 6.945e-04 | 1307.2 ms/update | 6267 tok/s
[train] 1635/4096 | 13393920 tok | loss 5.3231 | lr 6.941e-04 | 1315.4 ms/update | 6228 tok/s
[train] 1636/4096 | 13402112 tok | loss 4.9941 | lr 6.938e-04 | 1311.9 ms/update | 6244 tok/s
[train] 1637/4096 | 13410304 tok | loss 4.7882 | lr 6.935e-04 | 1313.6 ms/update | 6236 tok/s
[train] 1638/4096 | 13418496 tok | loss 5.0191 | lr 6.931e-04 | 1310.6 ms/update | 6251 tok/s
[train] 1639/4096 | 13426688 tok | loss 5.2867 | lr 6.928e-04 | 1307.8 ms/update | 6264 tok/s
[train] 1640/4096 | 13434880 tok | loss 5.4685 | lr 6.925e-04 | 1307.1 ms/update | 6267 tok/s
[train] 1641/4096 | 13443072 tok | loss 5.0518 | lr 6.922e-04 | 1311.6 ms/update | 6246 tok/s
[train] 1642/4096 | 13451264 tok | loss 5.3106 | lr 6.918e-04 | 1309.2 ms/update | 6257 tok/s
[train] 1643/4096 | 13459456 tok | loss 5.5810 | lr 6.915e-04 | 1311.6 ms/update | 6246 tok/s
[train] 1644/4096 | 13467648 tok | loss 5.3638 | lr 6.912e-04 | 1315.8 ms/update | 6226 tok/s
[train] 1645/4096 | 13475840 tok | loss 5.0940 | lr 6.908e-04 | 1311.3 ms/update | 6247 tok/s
[train] 1646/4096 | 13484032 tok | loss 5.2690 | lr 6.905e-04 | 1313.7 ms/update | 6236 tok/s
[train] 1647/4096 | 13492224 tok | loss 5.5632 | lr 6.902e-04 | 1314.6 ms/update | 6231 tok/s
[train] 1648/4096 | 13500416 tok | loss 5.1778 | lr 6.898e-04 | 1312.6 ms/update | 6241 tok/s
[train] 1649/4096 | 13508608 tok | loss 5.2504 | lr 6.895e-04 | 1314.0 ms/update | 6234 tok/s
[train] 1650/4096 | 13516800 tok | loss 5.4216 | lr 6.892e-04 | 1315.7 ms/update | 6226 tok/s
[train] 1651/4096 | 13524992 tok | loss 5.3058 | lr 6.889e-04 | 1314.2 ms/update | 6233 tok/s
[train] 1652/4096 | 13533184 tok | loss 5.2817 | lr 6.885e-04 | 1315.8 ms/update | 6226 tok/s
[train] 1653/4096 | 13541376 tok | loss 5.3825 | lr 6.882e-04 | 1315.2 ms/update | 6229 tok/s
[train] 1654/4096 | 13549568 tok | loss 5.3702 | lr 6.879e-04 | 1329.4 ms/update | 6162 tok/s
[train] 1655/4096 | 13557760 tok | loss 5.3115 | lr 6.875e-04 | 1320.4 ms/update | 6204 tok/s
[train] 1656/4096 | 13565952 tok | loss 5.2553 | lr 6.872e-04 | 1314.4 ms/update | 6233 tok/s
[train] 1657/4096 | 13574144 tok | loss 5.2256 | lr 6.869e-04 | 1304.7 ms/update | 6279 tok/s
[train] 1658/4096 | 13582336 tok | loss 5.6300 | lr 6.865e-04 | 1308.2 ms/update | 6262 tok/s
[train] 1659/4096 | 13590528 tok | loss 5.6663 | lr 6.862e-04 | 1314.2 ms/update | 6233 tok/s
[train] 1660/4096 | 13598720 tok | loss 5.1090 | lr 6.859e-04 | 1312.4 ms/update | 6242 tok/s
[train] 1661/4096 | 13606912 tok | loss 5.4836 | lr 6.856e-04 | 1305.7 ms/update | 6274 tok/s
[train] 1662/4096 | 13615104 tok | loss 5.4650 | lr 6.852e-04 | 1311.2 ms/update | 6248 tok/s
[train] 1663/4096 | 13623296 tok | loss 5.5252 | lr 6.849e-04 | 1314.1 ms/update | 6234 tok/s
[train] 1664/4096 | 13631488 tok | loss 5.2174 | lr 6.846e-04 | 1315.0 ms/update | 6230 tok/s
[eval] step 1664 | val NLL 5.1133 | ppl 166.21 | 65536 tokens
[ckpt] latest.pt @ step 1664
[train] 1665/4096 | 13639680 tok | loss 5.3439 | lr 6.842e-04 | 1313.3 ms/update | 6238 tok/s
[train] 1666/4096 | 13647872 tok | loss 5.5249 | lr 6.839e-04 | 1316.1 ms/update | 6225 tok/s
[train] 1667/4096 | 13656064 tok | loss 5.3859 | lr 6.836e-04 | 1330.2 ms/update | 6159 tok/s
[train] 1668/4096 | 13664256 tok | loss 5.6688 | lr 6.832e-04 | 1330.3 ms/update | 6158 tok/s
[train] 1669/4096 | 13672448 tok | loss 5.5220 | lr 6.829e-04 | 1305.9 ms/update | 6273 tok/s
[train] 1670/4096 | 13680640 tok | loss 5.3062 | lr 6.826e-04 | 1306.3 ms/update | 6271 tok/s
[train] 1671/4096 | 13688832 tok | loss 5.5270 | lr 6.822e-04 | 1314.2 ms/update | 6233 tok/s
[train] 1672/4096 | 13697024 tok | loss 5.0162 | lr 6.819e-04 | 1311.6 ms/update | 6246 tok/s
[train] 1673/4096 | 13705216 tok | loss 5.5489 | lr 6.816e-04 | 1307.4 ms/update | 6266 tok/s
[train] 1674/4096 | 13713408 tok | loss 5.3613 | lr 6.813e-04 | 1307.5 ms/update | 6266 tok/s
[train] 1675/4096 | 13721600 tok | loss 5.6028 | lr 6.809e-04 | 1303.3 ms/update | 6286 tok/s
[train] 1676/4096 | 13729792 tok | loss 5.4287 | lr 6.806e-04 | 1310.7 ms/update | 6250 tok/s
[train] 1677/4096 | 13737984 tok | loss 5.4591 | lr 6.803e-04 | 1302.3 ms/update | 6290 tok/s
[train] 1678/4096 | 13746176 tok | loss 5.1732 | lr 6.799e-04 | 1314.2 ms/update | 6234 tok/s
[train] 1679/4096 | 13754368 tok | loss 5.3265 | lr 6.796e-04 | 1306.5 ms/update | 6270 tok/s
[train] 1680/4096 | 13762560 tok | loss 5.2893 | lr 6.793e-04 | 1324.4 ms/update | 6186 tok/s
[train] 1681/4096 | 13770752 tok | loss 5.2770 | lr 6.789e-04 | 1303.9 ms/update | 6283 tok/s
[train] 1682/4096 | 13778944 tok | loss 5.4944 | lr 6.786e-04 | 1321.2 ms/update | 6200 tok/s
[train] 1683/4096 | 13787136 tok | loss 5.2403 | lr 6.783e-04 | 1302.6 ms/update | 6289 tok/s
[train] 1684/4096 | 13795328 tok | loss 5.5776 | lr 6.779e-04 | 1303.0 ms/update | 6287 tok/s
[train] 1685/4096 | 13803520 tok | loss 5.6483 | lr 6.776e-04 | 1310.1 ms/update | 6253 tok/s
[train] 1686/4096 | 13811712 tok | loss 5.2341 | lr 6.773e-04 | 1314.1 ms/update | 6234 tok/s
[train] 1687/4096 | 13819904 tok | loss 5.1784 | lr 6.769e-04 | 1311.2 ms/update | 6248 tok/s
[train] 1688/4096 | 13828096 tok | loss 5.2527 | lr 6.766e-04 | 1315.8 ms/update | 6226 tok/s
[train] 1689/4096 | 13836288 tok | loss 5.3052 | lr 6.763e-04 | 1310.6 ms/update | 6251 tok/s
[train] 1690/4096 | 13844480 tok | loss 5.3261 | lr 6.759e-04 | 1311.8 ms/update | 6245 tok/s
[train] 1691/4096 | 13852672 tok | loss 5.6024 | lr 6.756e-04 | 1314.9 ms/update | 6230 tok/s
[train] 1692/4096 | 13860864 tok | loss 5.4289 | lr 6.753e-04 | 1313.4 ms/update | 6237 tok/s
[train] 1693/4096 | 13869056 tok | loss 5.3496 | lr 6.749e-04 | 1325.0 ms/update | 6183 tok/s
[train] 1694/4096 | 13877248 tok | loss 5.2865 | lr 6.746e-04 | 1322.9 ms/update | 6192 tok/s
[train] 1695/4096 | 13885440 tok | loss 5.4043 | lr 6.743e-04 | 1338.9 ms/update | 6119 tok/s
[train] 1696/4096 | 13893632 tok | loss 4.9935 | lr 6.739e-04 | 1329.7 ms/update | 6161 tok/s
[train] 1697/4096 | 13901824 tok | loss 5.4406 | lr 6.736e-04 | 1317.6 ms/update | 6218 tok/s
[train] 1698/4096 | 13910016 tok | loss 5.0351 | lr 6.733e-04 | 1304.8 ms/update | 6279 tok/s
[train] 1699/4096 | 13918208 tok | loss 5.4857 | lr 6.729e-04 | 1314.9 ms/update | 6230 tok/s
[train] 1700/4096 | 13926400 tok | loss 5.3903 | lr 6.726e-04 | 1312.7 ms/update | 6240 tok/s
[train] 1701/4096 | 13934592 tok | loss 5.2696 | lr 6.723e-04 | 1312.8 ms/update | 6240 tok/s
[train] 1702/4096 | 13942784 tok | loss 5.2082 | lr 6.719e-04 | 1313.5 ms/update | 6237 tok/s
[train] 1703/4096 | 13950976 tok | loss 5.4276 | lr 6.716e-04 | 1308.8 ms/update | 6259 tok/s
[train] 1704/4096 | 13959168 tok | loss 4.8997 | lr 6.713e-04 | 1304.8 ms/update | 6278 tok/s
[train] 1705/4096 | 13967360 tok | loss 5.1099 | lr 6.709e-04 | 1327.7 ms/update | 6170 tok/s
[train] 1706/4096 | 13975552 tok | loss 5.3204 | lr 6.706e-04 | 1310.4 ms/update | 6252 tok/s
[train] 1707/4096 | 13983744 tok | loss 5.6167 | lr 6.703e-04 | 1304.3 ms/update | 6281 tok/s
[train] 1708/4096 | 13991936 tok | loss 5.1554 | lr 6.699e-04 | 1316.9 ms/update | 6221 tok/s
[train] 1709/4096 | 14000128 tok | loss 5.2989 | lr 6.696e-04 | 1316.0 ms/update | 6225 tok/s
[train] 1710/4096 | 14008320 tok | loss 5.3320 | lr 6.693e-04 | 1317.7 ms/update | 6217 tok/s
[train] 1711/4096 | 14016512 tok | loss 5.3607 | lr 6.689e-04 | 1315.2 ms/update | 6229 tok/s
[train] 1712/4096 | 14024704 tok | loss 5.7317 | lr 6.686e-04 | 1314.1 ms/update | 6234 tok/s
[train] 1713/4096 | 14032896 tok | loss 5.3679 | lr 6.683e-04 | 1314.2 ms/update | 6234 tok/s
[train] 1714/4096 | 14041088 tok | loss 5.0149 | lr 6.679e-04 | 1312.0 ms/update | 6244 tok/s
[train] 1715/4096 | 14049280 tok | loss 5.2210 | lr 6.676e-04 | 1316.7 ms/update | 6222 tok/s
[train] 1716/4096 | 14057472 tok | loss 5.3630 | lr 6.673e-04 | 1315.7 ms/update | 6226 tok/s
[train] 1717/4096 | 14065664 tok | loss 4.6328 | lr 6.669e-04 | 1312.8 ms/update | 6240 tok/s
[train] 1718/4096 | 14073856 tok | loss 5.4984 | lr 6.666e-04 | 1310.9 ms/update | 6249 tok/s
[train] 1719/4096 | 14082048 tok | loss 5.1472 | lr 6.662e-04 | 1303.1 ms/update | 6287 tok/s
[train] 1720/4096 | 14090240 tok | loss 5.3156 | lr 6.659e-04 | 1314.9 ms/update | 6230 tok/s
[train] 1721/4096 | 14098432 tok | loss 5.3607 | lr 6.656e-04 | 1305.1 ms/update | 6277 tok/s
[train] 1722/4096 | 14106624 tok | loss 5.5542 | lr 6.652e-04 | 1313.0 ms/update | 6239 tok/s
[train] 1723/4096 | 14114816 tok | loss 5.4725 | lr 6.649e-04 | 1318.2 ms/update | 6215 tok/s
[train] 1724/4096 | 14123008 tok | loss 5.5134 | lr 6.646e-04 | 1309.3 ms/update | 6257 tok/s
[train] 1725/4096 | 14131200 tok | loss 5.5597 | lr 6.642e-04 | 1313.0 ms/update | 6239 tok/s
[train] 1726/4096 | 14139392 tok | loss 5.4206 | lr 6.639e-04 | 1315.1 ms/update | 6229 tok/s
[train] 1727/4096 | 14147584 tok | loss 5.4514 | lr 6.636e-04 | 1313.4 ms/update | 6237 tok/s
[train] 1728/4096 | 14155776 tok | loss 5.1987 | lr 6.632e-04 | 1320.3 ms/update | 6205 tok/s
[train] 1729/4096 | 14163968 tok | loss 5.2353 | lr 6.629e-04 | 1309.8 ms/update | 6255 tok/s
[train] 1730/4096 | 14172160 tok | loss 5.4011 | lr 6.626e-04 | 1312.9 ms/update | 6240 tok/s
[train] 1731/4096 | 14180352 tok | loss 5.1288 | lr 6.622e-04 | 1313.6 ms/update | 6236 tok/s
[train] 1732/4096 | 14188544 tok | loss 5.2295 | lr 6.619e-04 | 1314.2 ms/update | 6234 tok/s
[train] 1733/4096 | 14196736 tok | loss 5.4522 | lr 6.615e-04 | 1311.0 ms/update | 6249 tok/s
[train] 1734/4096 | 14204928 tok | loss 5.4010 | lr 6.612e-04 | 1314.4 ms/update | 6232 tok/s
[train] 1735/4096 | 14213120 tok | loss 5.1060 | lr 6.609e-04 | 1324.5 ms/update | 6185 tok/s
[train] 1736/4096 | 14221312 tok | loss 5.3340 | lr 6.605e-04 | 1305.9 ms/update | 6273 tok/s
[train] 1737/4096 | 14229504 tok | loss 5.4371 | lr 6.602e-04 | 1308.3 ms/update | 6262 tok/s
[train] 1738/4096 | 14237696 tok | loss 5.2730 | lr 6.599e-04 | 1305.7 ms/update | 6274 tok/s
[train] 1739/4096 | 14245888 tok | loss 5.4222 | lr 6.595e-04 | 1304.4 ms/update | 6280 tok/s
[train] 1740/4096 | 14254080 tok | loss 5.3321 | lr 6.592e-04 | 1314.6 ms/update | 6232 tok/s
[train] 1741/4096 | 14262272 tok | loss 5.1885 | lr 6.589e-04 | 1308.6 ms/update | 6260 tok/s
[train] 1742/4096 | 14270464 tok | loss 5.2662 | lr 6.585e-04 | 1316.6 ms/update | 6222 tok/s
[train] 1743/4096 | 14278656 tok | loss 5.5405 | lr 6.582e-04 | 1320.1 ms/update | 6205 tok/s
[train] 1744/4096 | 14286848 tok | loss 5.5223 | lr 6.578e-04 | 1305.0 ms/update | 6278 tok/s
[train] 1745/4096 | 14295040 tok | loss 5.2191 | lr 6.575e-04 | 1311.1 ms/update | 6248 tok/s
[train] 1746/4096 | 14303232 tok | loss 4.8604 | lr 6.572e-04 | 1302.9 ms/update | 6288 tok/s
[train] 1747/4096 | 14311424 tok | loss 5.0942 | lr 6.568e-04 | 1305.5 ms/update | 6275 tok/s
[train] 1748/4096 | 14319616 tok | loss 4.9802 | lr 6.565e-04 | 1305.5 ms/update | 6275 tok/s
[train] 1749/4096 | 14327808 tok | loss 5.0973 | lr 6.562e-04 | 1306.9 ms/update | 6268 tok/s
[train] 1750/4096 | 14336000 tok | loss 5.2239 | lr 6.558e-04 | 1314.5 ms/update | 6232 tok/s
[train] 1751/4096 | 14344192 tok | loss 5.1590 | lr 6.555e-04 | 1313.9 ms/update | 6235 tok/s
[train] 1752/4096 | 14352384 tok | loss 5.2511 | lr 6.552e-04 | 1307.5 ms/update | 6266 tok/s
[train] 1753/4096 | 14360576 tok | loss 5.3717 | lr 6.548e-04 | 1308.6 ms/update | 6260 tok/s
[train] 1754/4096 | 14368768 tok | loss 5.2727 | lr 6.545e-04 | 1313.0 ms/update | 6239 tok/s
[train] 1755/4096 | 14376960 tok | loss 5.1527 | lr 6.541e-04 | 1316.8 ms/update | 6221 tok/s
[train] 1756/4096 | 14385152 tok | loss 5.5285 | lr 6.538e-04 | 1316.2 ms/update | 6224 tok/s
[train] 1757/4096 | 14393344 tok | loss 4.8751 | lr 6.535e-04 | 1314.6 ms/update | 6231 tok/s
[train] 1758/4096 | 14401536 tok | loss 5.5297 | lr 6.531e-04 | 1323.2 ms/update | 6191 tok/s
[train] 1759/4096 | 14409728 tok | loss 5.0785 | lr 6.528e-04 | 1307.8 ms/update | 6264 tok/s
[train] 1760/4096 | 14417920 tok | loss 5.6813 | lr 6.525e-04 | 1317.8 ms/update | 6216 tok/s
[train] 1761/4096 | 14426112 tok | loss 4.8471 | lr 6.521e-04 | 1314.1 ms/update | 6234 tok/s
[train] 1762/4096 | 14434304 tok | loss 5.3602 | lr 6.518e-04 | 1314.8 ms/update | 6230 tok/s
[train] 1763/4096 | 14442496 tok | loss 5.2603 | lr 6.514e-04 | 1316.9 ms/update | 6221 tok/s
[train] 1764/4096 | 14450688 tok | loss 5.2904 | lr 6.511e-04 | 1315.1 ms/update | 6229 tok/s
[train] 1765/4096 | 14458880 tok | loss 5.3102 | lr 6.508e-04 | 1310.6 ms/update | 6251 tok/s
[train] 1766/4096 | 14467072 tok | loss 5.1622 | lr 6.504e-04 | 1316.6 ms/update | 6222 tok/s
[train] 1767/4096 | 14475264 tok | loss 5.6233 | lr 6.501e-04 | 1311.8 ms/update | 6245 tok/s
[train] 1768/4096 | 14483456 tok | loss 5.1237 | lr 6.497e-04 | 1313.4 ms/update | 6237 tok/s
[train] 1769/4096 | 14491648 tok | loss 5.0596 | lr 6.494e-04 | 1313.0 ms/update | 6239 tok/s
[train] 1770/4096 | 14499840 tok | loss 5.0804 | lr 6.491e-04 | 1313.9 ms/update | 6235 tok/s
[train] 1771/4096 | 14508032 tok | loss 5.3289 | lr 6.487e-04 | 1313.9 ms/update | 6235 tok/s
[train] 1772/4096 | 14516224 tok | loss 5.2388 | lr 6.484e-04 | 1314.4 ms/update | 6233 tok/s
[train] 1773/4096 | 14524416 tok | loss 5.5272 | lr 6.481e-04 | 1320.9 ms/update | 6202 tok/s
[train] 1774/4096 | 14532608 tok | loss 4.9466 | lr 6.477e-04 | 1307.9 ms/update | 6264 tok/s
[train] 1775/4096 | 14540800 tok | loss 5.3487 | lr 6.474e-04 | 1312.6 ms/update | 6241 tok/s
[train] 1776/4096 | 14548992 tok | loss 5.0471 | lr 6.470e-04 | 1311.6 ms/update | 6246 tok/s
[train] 1777/4096 | 14557184 tok | loss 5.3678 | lr 6.467e-04 | 1313.1 ms/update | 6238 tok/s
[train] 1778/4096 | 14565376 tok | loss 5.2526 | lr 6.464e-04 | 1315.9 ms/update | 6225 tok/s
[train] 1779/4096 | 14573568 tok | loss 5.0291 | lr 6.460e-04 | 1314.2 ms/update | 6233 tok/s
[train] 1780/4096 | 14581760 tok | loss 5.3914 | lr 6.457e-04 | 1309.9 ms/update | 6254 tok/s
[train] 1781/4096 | 14589952 tok | loss 5.2245 | lr 6.453e-04 | 1321.2 ms/update | 6200 tok/s
[train] 1782/4096 | 14598144 tok | loss 5.3245 | lr 6.450e-04 | 1309.4 ms/update | 6256 tok/s
[train] 1783/4096 | 14606336 tok | loss 5.1319 | lr 6.447e-04 | 1312.1 ms/update | 6243 tok/s
[train] 1784/4096 | 14614528 tok | loss 5.4208 | lr 6.443e-04 | 1315.3 ms/update | 6228 tok/s
[train] 1785/4096 | 14622720 tok | loss 5.3280 | lr 6.440e-04 | 1310.7 ms/update | 6250 tok/s
[train] 1786/4096 | 14630912 tok | loss 5.3910 | lr 6.437e-04 | 1314.6 ms/update | 6232 tok/s
[train] 1787/4096 | 14639104 tok | loss 5.0880 | lr 6.433e-04 | 1316.8 ms/update | 6221 tok/s
[train] 1788/4096 | 14647296 tok | loss 5.2850 | lr 6.430e-04 | 1310.6 ms/update | 6250 tok/s
[train] 1789/4096 | 14655488 tok | loss 5.4923 | lr 6.426e-04 | 1312.6 ms/update | 6241 tok/s
[train] 1790/4096 | 14663680 tok | loss 4.9784 | lr 6.423e-04 | 1313.2 ms/update | 6238 tok/s
[train] 1791/4096 | 14671872 tok | loss 5.1208 | lr 6.420e-04 | 1314.4 ms/update | 6232 tok/s
[train] 1792/4096 | 14680064 tok | loss 5.2304 | lr 6.416e-04 | 1316.5 ms/update | 6223 tok/s
[eval] step 1792 | val NLL 5.0470 | ppl 155.56 | 65536 tokens
[ckpt] latest.pt @ step 1792
[train] 1793/4096 | 14688256 tok | loss 5.2988 | lr 6.413e-04 | 1326.9 ms/update | 6174 tok/s
[train] 1794/4096 | 14696448 tok | loss 5.0881 | lr 6.409e-04 | 1312.7 ms/update | 6241 tok/s
[train] 1795/4096 | 14704640 tok | loss 5.1996 | lr 6.406e-04 | 1309.9 ms/update | 6254 tok/s
[train] 1796/4096 | 14712832 tok | loss 5.2062 | lr 6.403e-04 | 1303.3 ms/update | 6285 tok/s
[train] 1797/4096 | 14721024 tok | loss 5.3372 | lr 6.399e-04 | 1304.2 ms/update | 6281 tok/s
[train] 1798/4096 | 14729216 tok | loss 5.3033 | lr 6.396e-04 | 1313.3 ms/update | 6238 tok/s
[train] 1799/4096 | 14737408 tok | loss 5.5834 | lr 6.392e-04 | 1316.2 ms/update | 6224 tok/s
[train] 1800/4096 | 14745600 tok | loss 5.2202 | lr 6.389e-04 | 1312.3 ms/update | 6243 tok/s
[train] 1801/4096 | 14753792 tok | loss 5.1934 | lr 6.386e-04 | 1328.0 ms/update | 6169 tok/s
[train] 1802/4096 | 14761984 tok | loss 5.3750 | lr 6.382e-04 | 1304.4 ms/update | 6281 tok/s
[train] 1803/4096 | 14770176 tok | loss 5.4059 | lr 6.379e-04 | 1313.1 ms/update | 6239 tok/s
[train] 1804/4096 | 14778368 tok | loss 5.2949 | lr 6.375e-04 | 1304.2 ms/update | 6281 tok/s
[train] 1805/4096 | 14786560 tok | loss 5.3421 | lr 6.372e-04 | 1306.3 ms/update | 6271 tok/s
[train] 1806/4096 | 14794752 tok | loss 5.3041 | lr 6.369e-04 | 1306.1 ms/update | 6272 tok/s
[train] 1807/4096 | 14802944 tok | loss 5.4164 | lr 6.365e-04 | 1304.0 ms/update | 6282 tok/s
[train] 1808/4096 | 14811136 tok | loss 5.2022 | lr 6.362e-04 | 1315.2 ms/update | 6229 tok/s
[train] 1809/4096 | 14819328 tok | loss 5.6824 | lr 6.358e-04 | 1317.4 ms/update | 6218 tok/s
[train] 1810/4096 | 14827520 tok | loss 5.4322 | lr 6.355e-04 | 1312.2 ms/update | 6243 tok/s
[train] 1811/4096 | 14835712 tok | loss 5.3007 | lr 6.352e-04 | 1306.5 ms/update | 6270 tok/s
[train] 1812/4096 | 14843904 tok | loss 5.2096 | lr 6.348e-04 | 1305.9 ms/update | 6273 tok/s
[train] 1813/4096 | 14852096 tok | loss 5.1318 | lr 6.345e-04 | 1310.8 ms/update | 6250 tok/s
[train] 1814/4096 | 14860288 tok | loss 5.0978 | lr 6.341e-04 | 1314.1 ms/update | 6234 tok/s
[train] 1815/4096 | 14868480 tok | loss 5.3698 | lr 6.338e-04 | 1311.9 ms/update | 6244 tok/s
[train] 1816/4096 | 14876672 tok | loss 5.3276 | lr 6.334e-04 | 1306.3 ms/update | 6271 tok/s
[train] 1817/4096 | 14884864 tok | loss 5.2310 | lr 6.331e-04 | 1311.0 ms/update | 6249 tok/s
[train] 1818/4096 | 14893056 tok | loss 4.9716 | lr 6.328e-04 | 1306.0 ms/update | 6273 tok/s
[train] 1819/4096 | 14901248 tok | loss 5.1444 | lr 6.324e-04 | 1309.5 ms/update | 6256 tok/s
[train] 1820/4096 | 14909440 tok | loss 5.0828 | lr 6.321e-04 | 1308.0 ms/update | 6263 tok/s
[train] 1821/4096 | 14917632 tok | loss 5.4241 | lr 6.317e-04 | 1308.8 ms/update | 6259 tok/s
[train] 1822/4096 | 14925824 tok | loss 5.4786 | lr 6.314e-04 | 1311.7 ms/update | 6245 tok/s
[train] 1823/4096 | 14934016 tok | loss 5.1302 | lr 6.311e-04 | 1310.6 ms/update | 6251 tok/s
[train] 1824/4096 | 14942208 tok | loss 5.2219 | lr 6.307e-04 | 1326.1 ms/update | 6178 tok/s
[train] 1825/4096 | 14950400 tok | loss 5.3588 | lr 6.304e-04 | 1301.7 ms/update | 6293 tok/s
[train] 1826/4096 | 14958592 tok | loss 5.3604 | lr 6.300e-04 | 1319.1 ms/update | 6210 tok/s
[train] 1827/4096 | 14966784 tok | loss 5.5876 | lr 6.297e-04 | 1324.9 ms/update | 6183 tok/s
[train] 1828/4096 | 14974976 tok | loss 5.5022 | lr 6.294e-04 | 1312.8 ms/update | 6240 tok/s
[train] 1829/4096 | 14983168 tok | loss 5.1641 | lr 6.290e-04 | 1315.2 ms/update | 6229 tok/s
[train] 1830/4096 | 14991360 tok | loss 5.0363 | lr 6.287e-04 | 1333.4 ms/update | 6144 tok/s
[train] 1831/4096 | 14999552 tok | loss 5.2685 | lr 6.283e-04 | 1333.5 ms/update | 6143 tok/s
[train] 1832/4096 | 15007744 tok | loss 5.4352 | lr 6.280e-04 | 1326.2 ms/update | 6177 tok/s
[train] 1833/4096 | 15015936 tok | loss 5.1286 | lr 6.276e-04 | 1314.4 ms/update | 6232 tok/s
[train] 1834/4096 | 15024128 tok | loss 5.4602 | lr 6.273e-04 | 1304.6 ms/update | 6280 tok/s
[train] 1835/4096 | 15032320 tok | loss 5.3967 | lr 6.270e-04 | 1317.0 ms/update | 6220 tok/s
[train] 1836/4096 | 15040512 tok | loss 5.1961 | lr 6.266e-04 | 1309.8 ms/update | 6255 tok/s
[train] 1837/4096 | 15048704 tok | loss 5.1857 | lr 6.263e-04 | 1316.4 ms/update | 6223 tok/s
[train] 1838/4096 | 15056896 tok | loss 5.2432 | lr 6.259e-04 | 1314.9 ms/update | 6230 tok/s
[train] 1839/4096 | 15065088 tok | loss 5.3713 | lr 6.256e-04 | 1320.6 ms/update | 6203 tok/s
[train] 1840/4096 | 15073280 tok | loss 5.0556 | lr 6.253e-04 | 1310.6 ms/update | 6250 tok/s
[train] 1841/4096 | 15081472 tok | loss 5.2552 | lr 6.249e-04 | 1307.0 ms/update | 6268 tok/s
[train] 1842/4096 | 15089664 tok | loss 5.4403 | lr 6.246e-04 | 1311.2 ms/update | 6248 tok/s
[train] 1843/4096 | 15097856 tok | loss 5.4538 | lr 6.242e-04 | 1311.1 ms/update | 6248 tok/s
[train] 1844/4096 | 15106048 tok | loss 5.2912 | lr 6.239e-04 | 1314.8 ms/update | 6231 tok/s
[train] 1845/4096 | 15114240 tok | loss 5.1090 | lr 6.235e-04 | 1308.6 ms/update | 6260 tok/s
[train] 1846/4096 | 15122432 tok | loss 5.2846 | lr 6.232e-04 | 1318.0 ms/update | 6215 tok/s
[train] 1847/4096 | 15130624 tok | loss 5.3874 | lr 6.229e-04 | 1318.6 ms/update | 6213 tok/s
[train] 1848/4096 | 15138816 tok | loss 5.0656 | lr 6.225e-04 | 1304.2 ms/update | 6281 tok/s
[train] 1849/4096 | 15147008 tok | loss 5.1291 | lr 6.222e-04 | 1315.4 ms/update | 6228 tok/s
[train] 1850/4096 | 15155200 tok | loss 5.5728 | lr 6.218e-04 | 1315.2 ms/update | 6228 tok/s
[train] 1851/4096 | 15163392 tok | loss 5.2590 | lr 6.215e-04 | 1315.5 ms/update | 6227 tok/s
[train] 1852/4096 | 15171584 tok | loss 5.1577 | lr 6.211e-04 | 1315.4 ms/update | 6228 tok/s
[train] 1853/4096 | 15179776 tok | loss 4.9992 | lr 6.208e-04 | 1317.0 ms/update | 6220 tok/s
[train] 1854/4096 | 15187968 tok | loss 5.4020 | lr 6.205e-04 | 1316.5 ms/update | 6222 tok/s
[train] 1855/4096 | 15196160 tok | loss 5.4498 | lr 6.201e-04 | 1313.9 ms/update | 6235 tok/s
[train] 1856/4096 | 15204352 tok | loss 4.8551 | lr 6.198e-04 | 1314.6 ms/update | 6232 tok/s
[train] 1857/4096 | 15212544 tok | loss 5.4412 | lr 6.194e-04 | 1311.4 ms/update | 6247 tok/s
[train] 1858/4096 | 15220736 tok | loss 5.1259 | lr 6.191e-04 | 1315.9 ms/update | 6225 tok/s
[train] 1859/4096 | 15228928 tok | loss 5.2897 | lr 6.188e-04 | 1305.6 ms/update | 6274 tok/s
[train] 1860/4096 | 15237120 tok | loss 5.5568 | lr 6.184e-04 | 1309.1 ms/update | 6258 tok/s
[train] 1861/4096 | 15245312 tok | loss 5.1959 | lr 6.181e-04 | 1313.7 ms/update | 6236 tok/s
[train] 1862/4096 | 15253504 tok | loss 5.0327 | lr 6.177e-04 | 1317.1 ms/update | 6220 tok/s
[train] 1863/4096 | 15261696 tok | loss 5.4610 | lr 6.174e-04 | 1319.0 ms/update | 6211 tok/s
[train] 1864/4096 | 15269888 tok | loss 5.2356 | lr 6.170e-04 | 1312.4 ms/update | 6242 tok/s
[train] 1865/4096 | 15278080 tok | loss 5.3870 | lr 6.167e-04 | 1309.5 ms/update | 6256 tok/s
[train] 1866/4096 | 15286272 tok | loss 5.4798 | lr 6.164e-04 | 1314.1 ms/update | 6234 tok/s
[train] 1867/4096 | 15294464 tok | loss 5.3323 | lr 6.160e-04 | 1315.3 ms/update | 6228 tok/s
[train] 1868/4096 | 15302656 tok | loss 5.2055 | lr 6.157e-04 | 1312.0 ms/update | 6244 tok/s
[train] 1869/4096 | 15310848 tok | loss 5.3329 | lr 6.153e-04 | 1314.6 ms/update | 6232 tok/s
[train] 1870/4096 | 15319040 tok | loss 5.2734 | lr 6.150e-04 | 1317.9 ms/update | 6216 tok/s
[train] 1871/4096 | 15327232 tok | loss 5.1177 | lr 6.146e-04 | 1309.7 ms/update | 6255 tok/s
[train] 1872/4096 | 15335424 tok | loss 5.3275 | lr 6.143e-04 | 1313.9 ms/update | 6235 tok/s
[train] 1873/4096 | 15343616 tok | loss 5.5153 | lr 6.139e-04 | 1313.6 ms/update | 6236 tok/s
[train] 1874/4096 | 15351808 tok | loss 5.0404 | lr 6.136e-04 | 1314.4 ms/update | 6232 tok/s
[train] 1875/4096 | 15360000 tok | loss 5.1413 | lr 6.133e-04 | 1313.8 ms/update | 6236 tok/s
[train] 1876/4096 | 15368192 tok | loss 5.4009 | lr 6.129e-04 | 1310.3 ms/update | 6252 tok/s
[train] 1877/4096 | 15376384 tok | loss 5.1138 | lr 6.126e-04 | 1322.1 ms/update | 6196 tok/s
[train] 1878/4096 | 15384576 tok | loss 5.3051 | lr 6.122e-04 | 1307.2 ms/update | 6267 tok/s
[train] 1879/4096 | 15392768 tok | loss 5.0967 | lr 6.119e-04 | 1310.4 ms/update | 6252 tok/s
[train] 1880/4096 | 15400960 tok | loss 5.3171 | lr 6.115e-04 | 1313.8 ms/update | 6235 tok/s
[train] 1881/4096 | 15409152 tok | loss 5.6110 | lr 6.112e-04 | 1312.9 ms/update | 6239 tok/s
[train] 1882/4096 | 15417344 tok | loss 5.1494 | lr 6.109e-04 | 1312.5 ms/update | 6241 tok/s
[train] 1883/4096 | 15425536 tok | loss 5.3474 | lr 6.105e-04 | 1314.3 ms/update | 6233 tok/s
[train] 1884/4096 | 15433728 tok | loss 5.1446 | lr 6.102e-04 | 1312.4 ms/update | 6242 tok/s
[train] 1885/4096 | 15441920 tok | loss 5.3823 | lr 6.098e-04 | 1323.1 ms/update | 6192 tok/s
[train] 1886/4096 | 15450112 tok | loss 5.4688 | lr 6.095e-04 | 1307.0 ms/update | 6268 tok/s
[train] 1887/4096 | 15458304 tok | loss 5.3022 | lr 6.091e-04 | 1310.4 ms/update | 6252 tok/s
[train] 1888/4096 | 15466496 tok | loss 5.4375 | lr 6.088e-04 | 1307.0 ms/update | 6268 tok/s
[train] 1889/4096 | 15474688 tok | loss 5.3682 | lr 6.085e-04 | 1305.1 ms/update | 6277 tok/s
[train] 1890/4096 | 15482880 tok | loss 5.3747 | lr 6.081e-04 | 1313.9 ms/update | 6235 tok/s
[train] 1891/4096 | 15491072 tok | loss 5.6799 | lr 6.078e-04 | 1311.4 ms/update | 6247 tok/s
[train] 1892/4096 | 15499264 tok | loss 5.3862 | lr 6.074e-04 | 1315.2 ms/update | 6229 tok/s
[train] 1893/4096 | 15507456 tok | loss 5.6506 | lr 6.071e-04 | 1310.7 ms/update | 6250 tok/s
[train] 1894/4096 | 15515648 tok | loss 5.0944 | lr 6.067e-04 | 1316.0 ms/update | 6225 tok/s
[train] 1895/4096 | 15523840 tok | loss 5.3271 | lr 6.064e-04 | 1313.3 ms/update | 6238 tok/s
[train] 1896/4096 | 15532032 tok | loss 5.4869 | lr 6.060e-04 | 1317.1 ms/update | 6220 tok/s
[train] 1897/4096 | 15540224 tok | loss 5.3569 | lr 6.057e-04 | 1310.1 ms/update | 6253 tok/s
[train] 1898/4096 | 15548416 tok | loss 5.4209 | lr 6.054e-04 | 1314.4 ms/update | 6232 tok/s
[train] 1899/4096 | 15556608 tok | loss 5.6642 | lr 6.050e-04 | 1314.9 ms/update | 6230 tok/s
[train] 1900/4096 | 15564800 tok | loss 5.2440 | lr 6.047e-04 | 1324.0 ms/update | 6187 tok/s
[train] 1901/4096 | 15572992 tok | loss 5.3132 | lr 6.043e-04 | 1306.9 ms/update | 6268 tok/s
[train] 1902/4096 | 15581184 tok | loss 5.2063 | lr 6.040e-04 | 1310.3 ms/update | 6252 tok/s
[train] 1903/4096 | 15589376 tok | loss 5.0180 | lr 6.036e-04 | 1313.1 ms/update | 6239 tok/s
[train] 1904/4096 | 15597568 tok | loss 5.0539 | lr 6.033e-04 | 1303.6 ms/update | 6284 tok/s
[train] 1905/4096 | 15605760 tok | loss 5.0688 | lr 6.029e-04 | 1307.6 ms/update | 6265 tok/s
[train] 1906/4096 | 15613952 tok | loss 5.2554 | lr 6.026e-04 | 1314.1 ms/update | 6234 tok/s
[train] 1907/4096 | 15622144 tok | loss 5.3424 | lr 6.023e-04 | 1303.3 ms/update | 6286 tok/s
[train] 1908/4096 | 15630336 tok | loss 5.3769 | lr 6.019e-04 | 1311.6 ms/update | 6246 tok/s
[train] 1909/4096 | 15638528 tok | loss 5.2315 | lr 6.016e-04 | 1307.5 ms/update | 6265 tok/s
[train] 1910/4096 | 15646720 tok | loss 5.2355 | lr 6.012e-04 | 1304.3 ms/update | 6281 tok/s
[train] 1911/4096 | 15654912 tok | loss 5.3924 | lr 6.009e-04 | 1306.7 ms/update | 6269 tok/s
[train] 1912/4096 | 15663104 tok | loss 5.3099 | lr 6.005e-04 | 1312.3 ms/update | 6243 tok/s
[train] 1913/4096 | 15671296 tok | loss 5.0315 | lr 6.002e-04 | 1303.7 ms/update | 6284 tok/s
[train] 1914/4096 | 15679488 tok | loss 5.3321 | lr 5.998e-04 | 1303.3 ms/update | 6285 tok/s
[train] 1915/4096 | 15687680 tok | loss 5.4519 | lr 5.995e-04 | 1312.1 ms/update | 6243 tok/s
[train] 1916/4096 | 15695872 tok | loss 5.3824 | lr 5.992e-04 | 1309.8 ms/update | 6255 tok/s
[train] 1917/4096 | 15704064 tok | loss 4.7713 | lr 5.988e-04 | 1300.4 ms/update | 6299 tok/s
[train] 1918/4096 | 15712256 tok | loss 5.4133 | lr 5.985e-04 | 1306.4 ms/update | 6271 tok/s
[train] 1919/4096 | 15720448 tok | loss 5.6054 | lr 5.981e-04 | 1304.1 ms/update | 6282 tok/s
[train] 1920/4096 | 15728640 tok | loss 4.9671 | lr 5.978e-04 | 1312.8 ms/update | 6240 tok/s
[eval] step 1920 | val NLL 5.0179 | ppl 151.10 | 65536 tokens
[ckpt] latest.pt @ step 1920
[train] 1921/4096 | 15736832 tok | loss 5.2278 | lr 5.974e-04 | 1308.4 ms/update | 6261 tok/s
[train] 1922/4096 | 15745024 tok | loss 5.3394 | lr 5.971e-04 | 1298.6 ms/update | 6308 tok/s
[train] 1923/4096 | 15753216 tok | loss 5.0286 | lr 5.967e-04 | 1309.2 ms/update | 6257 tok/s
[train] 1924/4096 | 15761408 tok | loss 5.4048 | lr 5.964e-04 | 1324.9 ms/update | 6183 tok/s
[train] 1925/4096 | 15769600 tok | loss 5.0127 | lr 5.960e-04 | 1307.9 ms/update | 6264 tok/s
[train] 1926/4096 | 15777792 tok | loss 5.1939 | lr 5.957e-04 | 1308.2 ms/update | 6262 tok/s
[train] 1927/4096 | 15785984 tok | loss 5.3236 | lr 5.954e-04 | 1306.5 ms/update | 6270 tok/s
[train] 1928/4096 | 15794176 tok | loss 5.2458 | lr 5.950e-04 | 1318.6 ms/update | 6213 tok/s
[train] 1929/4096 | 15802368 tok | loss 4.9752 | lr 5.947e-04 | 1305.9 ms/update | 6273 tok/s
[train] 1930/4096 | 15810560 tok | loss 5.1533 | lr 5.943e-04 | 1305.9 ms/update | 6273 tok/s
[train] 1931/4096 | 15818752 tok | loss 5.1700 | lr 5.940e-04 | 1313.8 ms/update | 6235 tok/s
[train] 1932/4096 | 15826944 tok | loss 5.1680 | lr 5.936e-04 | 1312.1 ms/update | 6243 tok/s
[train] 1933/4096 | 15835136 tok | loss 4.8825 | lr 5.933e-04 | 1311.6 ms/update | 6246 tok/s
[train] 1934/4096 | 15843328 tok | loss 5.2729 | lr 5.929e-04 | 1303.8 ms/update | 6283 tok/s
[train] 1935/4096 | 15851520 tok | loss 5.3268 | lr 5.926e-04 | 1303.2 ms/update | 6286 tok/s
[train] 1936/4096 | 15859712 tok | loss 5.1427 | lr 5.923e-04 | 1305.0 ms/update | 6278 tok/s
[train] 1937/4096 | 15867904 tok | loss 5.1856 | lr 5.919e-04 | 1306.5 ms/update | 6270 tok/s
[train] 1938/4096 | 15876096 tok | loss 5.5159 | lr 5.916e-04 | 1310.4 ms/update | 6251 tok/s
[train] 1939/4096 | 15884288 tok | loss 5.4212 | lr 5.912e-04 | 1315.1 ms/update | 6229 tok/s
[train] 1940/4096 | 15892480 tok | loss 5.2474 | lr 5.909e-04 | 1312.3 ms/update | 6242 tok/s
[train] 1941/4096 | 15900672 tok | loss 5.1189 | lr 5.905e-04 | 1313.3 ms/update | 6238 tok/s
[train] 1942/4096 | 15908864 tok | loss 5.3111 | lr 5.902e-04 | 1314.3 ms/update | 6233 tok/s
[train] 1943/4096 | 15917056 tok | loss 5.1890 | lr 5.898e-04 | 1319.6 ms/update | 6208 tok/s
[train] 1944/4096 | 15925248 tok | loss 5.2006 | lr 5.895e-04 | 1312.9 ms/update | 6240 tok/s
[train] 1945/4096 | 15933440 tok | loss 5.0732 | lr 5.891e-04 | 1306.8 ms/update | 6269 tok/s
[train] 1946/4096 | 15941632 tok | loss 5.1448 | lr 5.888e-04 | 1312.6 ms/update | 6241 tok/s
[train] 1947/4096 | 15949824 tok | loss 5.0564 | lr 5.885e-04 | 1315.8 ms/update | 6226 tok/s
[train] 1948/4096 | 15958016 tok | loss 5.0444 | lr 5.881e-04 | 1307.3 ms/update | 6266 tok/s
[train] 1949/4096 | 15966208 tok | loss 5.1938 | lr 5.878e-04 | 1307.2 ms/update | 6267 tok/s
[train] 1950/4096 | 15974400 tok | loss 5.2184 | lr 5.874e-04 | 1301.4 ms/update | 6295 tok/s
[train] 1951/4096 | 15982592 tok | loss 5.4180 | lr 5.871e-04 | 1316.4 ms/update | 6223 tok/s
[train] 1952/4096 | 15990784 tok | loss 5.0915 | lr 5.867e-04 | 1312.0 ms/update | 6244 tok/s
[train] 1953/4096 | 15998976 tok | loss 5.0138 | lr 5.864e-04 | 1306.7 ms/update | 6269 tok/s
[train] 1954/4096 | 16007168 tok | loss 5.3163 | lr 5.860e-04 | 1306.3 ms/update | 6271 tok/s
[train] 1955/4096 | 16015360 tok | loss 5.2089 | lr 5.857e-04 | 1303.5 ms/update | 6284 tok/s
[train] 1956/4096 | 16023552 tok | loss 5.1237 | lr 5.853e-04 | 1307.4 ms/update | 6266 tok/s
[train] 1957/4096 | 16031744 tok | loss 5.2873 | lr 5.850e-04 | 1313.4 ms/update | 6237 tok/s
[train] 1958/4096 | 16039936 tok | loss 5.3743 | lr 5.846e-04 | 1305.2 ms/update | 6276 tok/s
[train] 1959/4096 | 16048128 tok | loss 5.0454 | lr 5.843e-04 | 1307.0 ms/update | 6268 tok/s
[train] 1960/4096 | 16056320 tok | loss 5.4223 | lr 5.840e-04 | 1306.4 ms/update | 6271 tok/s
[train] 1961/4096 | 16064512 tok | loss 5.2763 | lr 5.836e-04 | 1317.0 ms/update | 6220 tok/s
[train] 1962/4096 | 16072704 tok | loss 5.3491 | lr 5.833e-04 | 1314.2 ms/update | 6233 tok/s
[train] 1963/4096 | 16080896 tok | loss 5.4427 | lr 5.829e-04 | 1311.3 ms/update | 6247 tok/s
[train] 1964/4096 | 16089088 tok | loss 5.5135 | lr 5.826e-04 | 1330.1 ms/update | 6159 tok/s
[train] 1965/4096 | 16097280 tok | loss 5.3155 | lr 5.822e-04 | 1314.4 ms/update | 6232 tok/s
[train] 1966/4096 | 16105472 tok | loss 5.3748 | lr 5.819e-04 | 1318.5 ms/update | 6213 tok/s
[train] 1967/4096 | 16113664 tok | loss 5.3025 | lr 5.815e-04 | 1301.5 ms/update | 6294 tok/s
[train] 1968/4096 | 16121856 tok | loss 5.4441 | lr 5.812e-04 | 1311.0 ms/update | 6249 tok/s
[train] 1969/4096 | 16130048 tok | loss 5.3832 | lr 5.808e-04 | 1315.3 ms/update | 6228 tok/s
[train] 1970/4096 | 16138240 tok | loss 5.2909 | lr 5.805e-04 | 1316.6 ms/update | 6222 tok/s
[train] 1971/4096 | 16146432 tok | loss 5.0843 | lr 5.802e-04 | 1310.1 ms/update | 6253 tok/s
[train] 1972/4096 | 16154624 tok | loss 5.4574 | lr 5.798e-04 | 1314.2 ms/update | 6234 tok/s
[train] 1973/4096 | 16162816 tok | loss 5.0459 | lr 5.795e-04 | 1314.3 ms/update | 6233 tok/s
[train] 1974/4096 | 16171008 tok | loss 5.2279 | lr 5.791e-04 | 1324.1 ms/update | 6187 tok/s
[train] 1975/4096 | 16179200 tok | loss 5.2652 | lr 5.788e-04 | 1308.9 ms/update | 6259 tok/s
[train] 1976/4096 | 16187392 tok | loss 5.2150 | lr 5.784e-04 | 1309.3 ms/update | 6257 tok/s
[train] 1977/4096 | 16195584 tok | loss 5.3435 | lr 5.781e-04 | 1318.0 ms/update | 6215 tok/s
[train] 1978/4096 | 16203776 tok | loss 4.9078 | lr 5.777e-04 | 1310.1 ms/update | 6253 tok/s
[train] 1979/4096 | 16211968 tok | loss 5.2420 | lr 5.774e-04 | 1309.9 ms/update | 6254 tok/s
[train] 1980/4096 | 16220160 tok | loss 5.4292 | lr 5.770e-04 | 1315.2 ms/update | 6229 tok/s
[train] 1981/4096 | 16228352 tok | loss 5.3131 | lr 5.767e-04 | 1311.8 ms/update | 6245 tok/s
[train] 1982/4096 | 16236544 tok | loss 5.0599 | lr 5.763e-04 | 1323.6 ms/update | 6189 tok/s
[train] 1983/4096 | 16244736 tok | loss 5.1435 | lr 5.760e-04 | 1311.1 ms/update | 6248 tok/s
[train] 1984/4096 | 16252928 tok | loss 5.2523 | lr 5.757e-04 | 1304.7 ms/update | 6279 tok/s
[train] 1985/4096 | 16261120 tok | loss 5.3609 | lr 5.753e-04 | 1313.6 ms/update | 6236 tok/s
[train] 1986/4096 | 16269312 tok | loss 5.4238 | lr 5.750e-04 | 1313.4 ms/update | 6237 tok/s
[train] 1987/4096 | 16277504 tok | loss 5.1205 | lr 5.746e-04 | 1315.2 ms/update | 6229 tok/s
[train] 1988/4096 | 16285696 tok | loss 5.3844 | lr 5.743e-04 | 1316.1 ms/update | 6224 tok/s
[train] 1989/4096 | 16293888 tok | loss 5.1746 | lr 5.739e-04 | 1320.8 ms/update | 6203 tok/s
[train] 1990/4096 | 16302080 tok | loss 5.3468 | lr 5.736e-04 | 1306.3 ms/update | 6271 tok/s
[train] 1991/4096 | 16310272 tok | loss 5.0197 | lr 5.732e-04 | 1314.9 ms/update | 6230 tok/s
[train] 1992/4096 | 16318464 tok | loss 5.1099 | lr 5.729e-04 | 1310.9 ms/update | 6249 tok/s
[train] 1993/4096 | 16326656 tok | loss 5.1927 | lr 5.725e-04 | 1315.0 ms/update | 6230 tok/s
[train] 1994/4096 | 16334848 tok | loss 5.3579 | lr 5.722e-04 | 1315.9 ms/update | 6226 tok/s
[train] 1995/4096 | 16343040 tok | loss 4.8405 | lr 5.718e-04 | 1310.2 ms/update | 6252 tok/s
[train] 1996/4096 | 16351232 tok | loss 5.3504 | lr 5.715e-04 | 1317.9 ms/update | 6216 tok/s
[train] 1997/4096 | 16359424 tok | loss 4.9271 | lr 5.711e-04 | 1313.6 ms/update | 6236 tok/s
[train] 1998/4096 | 16367616 tok | loss 4.9899 | lr 5.708e-04 | 1315.0 ms/update | 6230 tok/s
[train] 1999/4096 | 16375808 tok | loss 5.1919 | lr 5.705e-04 | 1315.4 ms/update | 6228 tok/s
[train] 2000/4096 | 16384000 tok | loss 4.9929 | lr 5.701e-04 | 1308.1 ms/update | 6262 tok/s
[train] 2001/4096 | 16392192 tok | loss 5.4862 | lr 5.698e-04 | 1313.4 ms/update | 6237 tok/s
[train] 2002/4096 | 16400384 tok | loss 5.2537 | lr 5.694e-04 | 1314.0 ms/update | 6235 tok/s
[train] 2003/4096 | 16408576 tok | loss 4.9396 | lr 5.691e-04 | 1313.4 ms/update | 6237 tok/s
[train] 2004/4096 | 16416768 tok | loss 5.5382 | lr 5.687e-04 | 1325.8 ms/update | 6179 tok/s
[train] 2005/4096 | 16424960 tok | loss 5.1909 | lr 5.684e-04 | 1317.9 ms/update | 6216 tok/s
[train] 2006/4096 | 16433152 tok | loss 5.1024 | lr 5.680e-04 | 1304.4 ms/update | 6280 tok/s
[train] 2007/4096 | 16441344 tok | loss 5.4469 | lr 5.677e-04 | 1312.6 ms/update | 6241 tok/s
[train] 2008/4096 | 16449536 tok | loss 5.1850 | lr 5.673e-04 | 1314.8 ms/update | 6231 tok/s
[train] 2009/4096 | 16457728 tok | loss 5.3694 | lr 5.670e-04 | 1303.8 ms/update | 6283 tok/s
[train] 2010/4096 | 16465920 tok | loss 5.1037 | lr 5.666e-04 | 1308.9 ms/update | 6259 tok/s
[train] 2011/4096 | 16474112 tok | loss 5.3092 | lr 5.663e-04 | 1313.6 ms/update | 6236 tok/s
[train] 2012/4096 | 16482304 tok | loss 5.3472 | lr 5.660e-04 | 1323.5 ms/update | 6190 tok/s
[train] 2013/4096 | 16490496 tok | loss 4.9302 | lr 5.656e-04 | 1306.5 ms/update | 6270 tok/s
[train] 2014/4096 | 16498688 tok | loss 5.3052 | lr 5.653e-04 | 1307.1 ms/update | 6267 tok/s
[train] 2015/4096 | 16506880 tok | loss 5.2714 | lr 5.649e-04 | 1305.4 ms/update | 6275 tok/s
[train] 2016/4096 | 16515072 tok | loss 5.5118 | lr 5.646e-04 | 1312.2 ms/update | 6243 tok/s
[train] 2017/4096 | 16523264 tok | loss 5.4198 | lr 5.642e-04 | 1314.2 ms/update | 6233 tok/s
[train] 2018/4096 | 16531456 tok | loss 5.1873 | lr 5.639e-04 | 1313.4 ms/update | 6237 tok/s
[train] 2019/4096 | 16539648 tok | loss 5.0546 | lr 5.635e-04 | 1316.7 ms/update | 6222 tok/s
[train] 2020/4096 | 16547840 tok | loss 5.0568 | lr 5.632e-04 | 1321.9 ms/update | 6197 tok/s
[train] 2021/4096 | 16556032 tok | loss 5.4571 | lr 5.628e-04 | 1305.2 ms/update | 6276 tok/s
[train] 2022/4096 | 16564224 tok | loss 5.5146 | lr 5.625e-04 | 1314.3 ms/update | 6233 tok/s
[train] 2023/4096 | 16572416 tok | loss 5.2765 | lr 5.621e-04 | 1315.5 ms/update | 6228 tok/s
[train] 2024/4096 | 16580608 tok | loss 5.4206 | lr 5.618e-04 | 1312.8 ms/update | 6240 tok/s
[train] 2025/4096 | 16588800 tok | loss 5.4631 | lr 5.614e-04 | 1311.4 ms/update | 6247 tok/s
[train] 2026/4096 | 16596992 tok | loss 4.9589 | lr 5.611e-04 | 1313.3 ms/update | 6238 tok/s
[train] 2027/4096 | 16605184 tok | loss 4.8558 | lr 5.608e-04 | 1315.7 ms/update | 6226 tok/s
[train] 2028/4096 | 16613376 tok | loss 5.3032 | lr 5.604e-04 | 1314.4 ms/update | 6233 tok/s
[train] 2029/4096 | 16621568 tok | loss 5.5599 | lr 5.601e-04 | 1310.0 ms/update | 6254 tok/s
[train] 2030/4096 | 16629760 tok | loss 5.3308 | lr 5.597e-04 | 1304.6 ms/update | 6279 tok/s
[train] 2031/4096 | 16637952 tok | loss 5.2203 | lr 5.594e-04 | 1303.2 ms/update | 6286 tok/s
[train] 2032/4096 | 16646144 tok | loss 5.1847 | lr 5.590e-04 | 1314.4 ms/update | 6232 tok/s
[train] 2033/4096 | 16654336 tok | loss 5.1067 | lr 5.587e-04 | 1314.4 ms/update | 6232 tok/s
[train] 2034/4096 | 16662528 tok | loss 5.0953 | lr 5.583e-04 | 1313.0 ms/update | 6239 tok/s
[train] 2035/4096 | 16670720 tok | loss 5.5060 | lr 5.580e-04 | 1314.7 ms/update | 6231 tok/s
[train] 2036/4096 | 16678912 tok | loss 4.9924 | lr 5.576e-04 | 1311.8 ms/update | 6245 tok/s
[train] 2037/4096 | 16687104 tok | loss 5.4173 | lr 5.573e-04 | 1301.2 ms/update | 6296 tok/s
[train] 2038/4096 | 16695296 tok | loss 5.3438 | lr 5.569e-04 | 1308.3 ms/update | 6261 tok/s
[train] 2039/4096 | 16703488 tok | loss 5.3718 | lr 5.566e-04 | 1314.4 ms/update | 6233 tok/s
[train] 2040/4096 | 16711680 tok | loss 5.2985 | lr 5.562e-04 | 1313.8 ms/update | 6236 tok/s
[train] 2041/4096 | 16719872 tok | loss 5.2407 | lr 5.559e-04 | 1313.4 ms/update | 6237 tok/s
[train] 2042/4096 | 16728064 tok | loss 5.2322 | lr 5.555e-04 | 1317.8 ms/update | 6216 tok/s
[train] 2043/4096 | 16736256 tok | loss 5.2370 | lr 5.552e-04 | 1314.1 ms/update | 6234 tok/s
[train] 2044/4096 | 16744448 tok | loss 5.0492 | lr 5.549e-04 | 1305.2 ms/update | 6276 tok/s
[train] 2045/4096 | 16752640 tok | loss 5.2506 | lr 5.545e-04 | 1314.5 ms/update | 6232 tok/s
[train] 2046/4096 | 16760832 tok | loss 5.0604 | lr 5.542e-04 | 1312.5 ms/update | 6241 tok/s
[train] 2047/4096 | 16769024 tok | loss 5.4188 | lr 5.538e-04 | 1312.2 ms/update | 6243 tok/s
[train] 2048/4096 | 16777216 tok | loss 5.3810 | lr 5.535e-04 | 1312.6 ms/update | 6241 tok/s
[eval] step 2048 | val NLL 4.9847 | ppl 146.15 | 65536 tokens
[ckpt] latest.pt @ step 2048
[pause] staged gate reached at update 2048; resume explicitly from checkpoints/latest.pt
[done] paused_staged | 2048/4096 updates | 16777216 tokens | 2731.6s
