Kaggle preflight (physical GPU 0 exposed as cuda:0)...
/usr/local/lib/python3.12/dist-packages/torch/autograd/__init__.py:16: FutureWarning: `isinstance(treespec, LeafSpec)` is deprecated, use `isinstance(treespec, TreeSpec) and treespec.is_leaf()` instead.
  from torch import _vmap_internals
{
  "recipe": "/kaggle/working/benchmark-experiments/recipes/recursive_muon_structural_int4_4096_s0.json",
  "fingerprint": "d9781e9a40120a433fa25f926216d6f8845066a0e65c515d8b2223cb3f04651e",
  "total_updates": 4096,
  "schedule_total_updates": 4096,
  "tokens_per_update": 8192,
  "data_root": "/kaggle/working/benchmark-data",
  "manifest": "/kaggle/input/datasets/siennadai/lowp-benchmark-slimpajama-4x-v1/manifest.json",
  "manifest_exists": true,
  "optimizer": "recursive_muon",
  "compute": "fp32",
  "to_device": "cuda:0",
  "resolved_device": "cuda:0"
}
/usr/local/lib/python3.12/dist-packages/torch/autograd/__init__.py:16: FutureWarning: `isinstance(treespec, LeafSpec)` is deprecated, use `isinstance(treespec, TreeSpec) and treespec.is_leaf()` instead.
  from torch import _vmap_internals
[run] recursive_int4_4096_s0 | recursive_muon | cuda:0 | fp32 | 4096 updates | schedule horizon 4096 | 33554432 tokens
[train] 513/4096 | 4202496 tok | loss 5.7716 | lr 9.679e-04 | 1635.6 ms/update | 5009 tok/s
[train] 514/4096 | 4210688 tok | loss 5.9607 | lr 9.678e-04 | 1198.7 ms/update | 6834 tok/s
[train] 515/4096 | 4218880 tok | loss 5.9668 | lr 9.676e-04 | 1203.1 ms/update | 6809 tok/s
[train] 516/4096 | 4227072 tok | loss 6.1806 | lr 9.675e-04 | 1209.2 ms/update | 6775 tok/s
[train] 517/4096 | 4235264 tok | loss 5.9812 | lr 9.674e-04 | 1211.5 ms/update | 6762 tok/s
[train] 518/4096 | 4243456 tok | loss 6.0151 | lr 9.673e-04 | 1203.8 ms/update | 6805 tok/s
[train] 519/4096 | 4251648 tok | loss 6.1098 | lr 9.671e-04 | 1224.3 ms/update | 6691 tok/s
[train] 520/4096 | 4259840 tok | loss 5.8309 | lr 9.670e-04 | 1211.2 ms/update | 6763 tok/s
[train] 521/4096 | 4268032 tok | loss 5.9652 | lr 9.669e-04 | 1216.1 ms/update | 6736 tok/s
[train] 522/4096 | 4276224 tok | loss 6.2440 | lr 9.667e-04 | 1215.3 ms/update | 6741 tok/s
[train] 523/4096 | 4284416 tok | loss 5.9340 | lr 9.666e-04 | 1217.8 ms/update | 6727 tok/s
[train] 524/4096 | 4292608 tok | loss 5.9199 | lr 9.665e-04 | 1216.5 ms/update | 6734 tok/s
[train] 525/4096 | 4300800 tok | loss 6.0403 | lr 9.663e-04 | 1224.3 ms/update | 6691 tok/s
[train] 526/4096 | 4308992 tok | loss 5.7429 | lr 9.662e-04 | 1232.6 ms/update | 6646 tok/s
[train] 527/4096 | 4317184 tok | loss 6.1570 | lr 9.661e-04 | 1227.0 ms/update | 6677 tok/s
[train] 528/4096 | 4325376 tok | loss 5.9573 | lr 9.659e-04 | 1233.0 ms/update | 6644 tok/s
[train] 529/4096 | 4333568 tok | loss 5.8349 | lr 9.658e-04 | 1230.7 ms/update | 6656 tok/s
[train] 530/4096 | 4341760 tok | loss 5.7944 | lr 9.657e-04 | 1233.7 ms/update | 6640 tok/s
[train] 531/4096 | 4349952 tok | loss 5.4606 | lr 9.655e-04 | 1229.5 ms/update | 6663 tok/s
[train] 532/4096 | 4358144 tok | loss 5.9934 | lr 9.654e-04 | 1232.6 ms/update | 6646 tok/s
[train] 533/4096 | 4366336 tok | loss 6.0959 | lr 9.653e-04 | 1232.7 ms/update | 6646 tok/s
[train] 534/4096 | 4374528 tok | loss 5.8597 | lr 9.651e-04 | 1232.8 ms/update | 6645 tok/s
[train] 535/4096 | 4382720 tok | loss 5.9478 | lr 9.650e-04 | 1235.9 ms/update | 6628 tok/s
[train] 536/4096 | 4390912 tok | loss 6.2458 | lr 9.649e-04 | 1243.7 ms/update | 6587 tok/s
[train] 537/4096 | 4399104 tok | loss 5.8949 | lr 9.647e-04 | 1237.6 ms/update | 6619 tok/s
[train] 538/4096 | 4407296 tok | loss 6.0855 | lr 9.646e-04 | 1247.8 ms/update | 6565 tok/s
[train] 539/4096 | 4415488 tok | loss 6.0162 | lr 9.645e-04 | 1248.2 ms/update | 6563 tok/s
[train] 540/4096 | 4423680 tok | loss 5.6390 | lr 9.643e-04 | 1247.8 ms/update | 6565 tok/s
[train] 541/4096 | 4431872 tok | loss 6.1104 | lr 9.642e-04 | 1251.7 ms/update | 6545 tok/s
[train] 542/4096 | 4440064 tok | loss 5.7372 | lr 9.641e-04 | 1244.9 ms/update | 6580 tok/s
[train] 543/4096 | 4448256 tok | loss 5.7948 | lr 9.639e-04 | 1259.6 ms/update | 6504 tok/s
[train] 544/4096 | 4456448 tok | loss 5.9482 | lr 9.638e-04 | 1262.9 ms/update | 6486 tok/s
[train] 545/4096 | 4464640 tok | loss 5.9316 | lr 9.637e-04 | 1261.9 ms/update | 6492 tok/s
[train] 546/4096 | 4472832 tok | loss 6.0066 | lr 9.635e-04 | 1266.5 ms/update | 6468 tok/s
[train] 547/4096 | 4481024 tok | loss 6.2258 | lr 9.634e-04 | 1268.1 ms/update | 6460 tok/s
[train] 548/4096 | 4489216 tok | loss 5.9073 | lr 9.632e-04 | 1269.0 ms/update | 6455 tok/s
[train] 549/4096 | 4497408 tok | loss 5.4687 | lr 9.631e-04 | 1273.5 ms/update | 6433 tok/s
[train] 550/4096 | 4505600 tok | loss 6.0585 | lr 9.630e-04 | 1273.2 ms/update | 6434 tok/s
[train] 551/4096 | 4513792 tok | loss 5.8402 | lr 9.628e-04 | 1287.9 ms/update | 6361 tok/s
[train] 552/4096 | 4521984 tok | loss 5.9799 | lr 9.627e-04 | 1283.0 ms/update | 6385 tok/s
[train] 553/4096 | 4530176 tok | loss 6.0436 | lr 9.626e-04 | 1282.2 ms/update | 6389 tok/s
[train] 554/4096 | 4538368 tok | loss 6.0759 | lr 9.624e-04 | 1291.9 ms/update | 6341 tok/s
[train] 555/4096 | 4546560 tok | loss 5.6525 | lr 9.623e-04 | 1298.7 ms/update | 6308 tok/s
[train] 556/4096 | 4554752 tok | loss 5.8260 | lr 9.621e-04 | 1300.4 ms/update | 6300 tok/s
[train] 557/4096 | 4562944 tok | loss 5.9992 | lr 9.620e-04 | 1289.2 ms/update | 6354 tok/s
[train] 558/4096 | 4571136 tok | loss 5.9887 | lr 9.619e-04 | 1310.7 ms/update | 6250 tok/s
[train] 559/4096 | 4579328 tok | loss 5.8941 | lr 9.617e-04 | 1317.6 ms/update | 6217 tok/s
[train] 560/4096 | 4587520 tok | loss 5.6089 | lr 9.616e-04 | 1315.7 ms/update | 6226 tok/s
[train] 561/4096 | 4595712 tok | loss 6.0618 | lr 9.614e-04 | 1316.7 ms/update | 6221 tok/s
[train] 562/4096 | 4603904 tok | loss 5.6352 | lr 9.613e-04 | 1315.3 ms/update | 6228 tok/s
[train] 563/4096 | 4612096 tok | loss 5.7880 | lr 9.612e-04 | 1324.6 ms/update | 6184 tok/s
[train] 564/4096 | 4620288 tok | loss 5.9634 | lr 9.610e-04 | 1322.1 ms/update | 6196 tok/s
[train] 565/4096 | 4628480 tok | loss 5.8143 | lr 9.609e-04 | 1342.4 ms/update | 6103 tok/s
[train] 566/4096 | 4636672 tok | loss 6.0398 | lr 9.607e-04 | 1338.6 ms/update | 6120 tok/s
[train] 567/4096 | 4644864 tok | loss 5.8848 | lr 9.606e-04 | 1351.6 ms/update | 6061 tok/s
[train] 568/4096 | 4653056 tok | loss 5.7463 | lr 9.605e-04 | 1354.4 ms/update | 6048 tok/s
[train] 569/4096 | 4661248 tok | loss 5.9176 | lr 9.603e-04 | 1366.3 ms/update | 5996 tok/s
[train] 570/4096 | 4669440 tok | loss 6.0431 | lr 9.602e-04 | 1360.4 ms/update | 6022 tok/s
[train] 571/4096 | 4677632 tok | loss 5.9730 | lr 9.600e-04 | 1352.1 ms/update | 6059 tok/s
[train] 572/4096 | 4685824 tok | loss 5.7633 | lr 9.599e-04 | 1381.8 ms/update | 5929 tok/s
[train] 573/4096 | 4694016 tok | loss 5.9931 | lr 9.597e-04 | 1391.7 ms/update | 5886 tok/s
[train] 574/4096 | 4702208 tok | loss 6.0462 | lr 9.596e-04 | 1398.0 ms/update | 5860 tok/s
[train] 575/4096 | 4710400 tok | loss 5.8359 | lr 9.595e-04 | 1394.0 ms/update | 5877 tok/s
[train] 576/4096 | 4718592 tok | loss 5.8842 | lr 9.593e-04 | 1403.4 ms/update | 5837 tok/s
[train] 577/4096 | 4726784 tok | loss 6.1302 | lr 9.592e-04 | 1405.8 ms/update | 5827 tok/s
[train] 578/4096 | 4734976 tok | loss 5.7484 | lr 9.590e-04 | 1411.0 ms/update | 5806 tok/s
[train] 579/4096 | 4743168 tok | loss 5.6940 | lr 9.589e-04 | 1416.3 ms/update | 5784 tok/s
[train] 580/4096 | 4751360 tok | loss 5.8976 | lr 9.587e-04 | 1426.1 ms/update | 5744 tok/s
[train] 581/4096 | 4759552 tok | loss 6.0221 | lr 9.586e-04 | 1440.9 ms/update | 5685 tok/s
[train] 582/4096 | 4767744 tok | loss 5.5535 | lr 9.584e-04 | 1438.4 ms/update | 5695 tok/s
[train] 583/4096 | 4775936 tok | loss 5.8510 | lr 9.583e-04 | 1437.5 ms/update | 5699 tok/s
[train] 584/4096 | 4784128 tok | loss 5.8199 | lr 9.581e-04 | 1434.5 ms/update | 5711 tok/s
[train] 585/4096 | 4792320 tok | loss 5.6484 | lr 9.580e-04 | 1440.7 ms/update | 5686 tok/s
[train] 586/4096 | 4800512 tok | loss 5.8848 | lr 9.579e-04 | 1444.3 ms/update | 5672 tok/s
[train] 587/4096 | 4808704 tok | loss 5.9934 | lr 9.577e-04 | 1418.4 ms/update | 5776 tok/s
[train] 588/4096 | 4816896 tok | loss 6.0743 | lr 9.576e-04 | 1436.5 ms/update | 5703 tok/s
[train] 589/4096 | 4825088 tok | loss 5.6341 | lr 9.574e-04 | 1424.8 ms/update | 5749 tok/s
[train] 590/4096 | 4833280 tok | loss 5.9856 | lr 9.573e-04 | 1418.1 ms/update | 5777 tok/s
[train] 591/4096 | 4841472 tok | loss 6.1582 | lr 9.571e-04 | 1413.4 ms/update | 5796 tok/s
[train] 592/4096 | 4849664 tok | loss 6.0300 | lr 9.570e-04 | 1401.3 ms/update | 5846 tok/s
[train] 593/4096 | 4857856 tok | loss 5.9992 | lr 9.568e-04 | 1395.3 ms/update | 5871 tok/s
[train] 594/4096 | 4866048 tok | loss 5.9987 | lr 9.567e-04 | 1389.7 ms/update | 5895 tok/s
[train] 595/4096 | 4874240 tok | loss 5.9079 | lr 9.565e-04 | 1384.5 ms/update | 5917 tok/s
[train] 596/4096 | 4882432 tok | loss 5.5311 | lr 9.564e-04 | 1381.5 ms/update | 5930 tok/s
[train] 597/4096 | 4890624 tok | loss 6.0973 | lr 9.562e-04 | 1368.3 ms/update | 5987 tok/s
[train] 598/4096 | 4898816 tok | loss 5.5376 | lr 9.561e-04 | 1372.9 ms/update | 5967 tok/s
[train] 599/4096 | 4907008 tok | loss 5.7194 | lr 9.559e-04 | 1372.9 ms/update | 5967 tok/s
[train] 600/4096 | 4915200 tok | loss 5.6839 | lr 9.558e-04 | 1364.8 ms/update | 6003 tok/s
[train] 601/4096 | 4923392 tok | loss 5.4814 | lr 9.556e-04 | 1365.8 ms/update | 5998 tok/s
[train] 602/4096 | 4931584 tok | loss 5.9660 | lr 9.555e-04 | 1372.2 ms/update | 5970 tok/s
[train] 603/4096 | 4939776 tok | loss 5.5451 | lr 9.553e-04 | 1349.1 ms/update | 6072 tok/s
[train] 604/4096 | 4947968 tok | loss 5.6335 | lr 9.552e-04 | 1347.9 ms/update | 6078 tok/s
[train] 605/4096 | 4956160 tok | loss 6.0061 | lr 9.550e-04 | 1352.1 ms/update | 6059 tok/s
[train] 606/4096 | 4964352 tok | loss 6.0296 | lr 9.549e-04 | 1348.1 ms/update | 6077 tok/s
[train] 607/4096 | 4972544 tok | loss 5.7937 | lr 9.547e-04 | 1346.7 ms/update | 6083 tok/s
[train] 608/4096 | 4980736 tok | loss 5.8820 | lr 9.546e-04 | 1345.3 ms/update | 6089 tok/s
[train] 609/4096 | 4988928 tok | loss 5.8004 | lr 9.544e-04 | 1343.4 ms/update | 6098 tok/s
[train] 610/4096 | 4997120 tok | loss 6.0485 | lr 9.543e-04 | 1342.7 ms/update | 6101 tok/s
[train] 611/4096 | 5005312 tok | loss 5.7881 | lr 9.541e-04 | 1342.3 ms/update | 6103 tok/s
[train] 612/4096 | 5013504 tok | loss 6.0091 | lr 9.540e-04 | 1340.3 ms/update | 6112 tok/s
[train] 613/4096 | 5021696 tok | loss 5.6950 | lr 9.538e-04 | 1342.7 ms/update | 6101 tok/s
[train] 614/4096 | 5029888 tok | loss 6.0260 | lr 9.537e-04 | 1339.1 ms/update | 6118 tok/s
[train] 615/4096 | 5038080 tok | loss 5.7701 | lr 9.535e-04 | 1337.0 ms/update | 6127 tok/s
[train] 616/4096 | 5046272 tok | loss 5.9914 | lr 9.533e-04 | 1345.1 ms/update | 6090 tok/s
[train] 617/4096 | 5054464 tok | loss 5.9244 | lr 9.532e-04 | 1359.7 ms/update | 6025 tok/s
[train] 618/4096 | 5062656 tok | loss 5.7222 | lr 9.530e-04 | 1342.4 ms/update | 6102 tok/s
[train] 619/4096 | 5070848 tok | loss 6.0165 | lr 9.529e-04 | 1345.9 ms/update | 6086 tok/s
[train] 620/4096 | 5079040 tok | loss 5.6984 | lr 9.527e-04 | 1348.0 ms/update | 6077 tok/s
[train] 621/4096 | 5087232 tok | loss 5.8735 | lr 9.526e-04 | 1356.3 ms/update | 6040 tok/s
[train] 622/4096 | 5095424 tok | loss 6.1518 | lr 9.524e-04 | 1361.3 ms/update | 6018 tok/s
[train] 623/4096 | 5103616 tok | loss 5.9649 | lr 9.523e-04 | 1367.8 ms/update | 5989 tok/s
[train] 624/4096 | 5111808 tok | loss 5.7410 | lr 9.521e-04 | 1383.1 ms/update | 5923 tok/s
[train] 625/4096 | 5120000 tok | loss 5.6747 | lr 9.520e-04 | 1365.0 ms/update | 6001 tok/s
[train] 626/4096 | 5128192 tok | loss 5.6013 | lr 9.518e-04 | 1373.9 ms/update | 5963 tok/s
[train] 627/4096 | 5136384 tok | loss 6.0142 | lr 9.516e-04 | 1374.1 ms/update | 5962 tok/s
[train] 628/4096 | 5144576 tok | loss 5.6469 | lr 9.515e-04 | 1378.1 ms/update | 5944 tok/s
[train] 629/4096 | 5152768 tok | loss 5.6036 | lr 9.513e-04 | 1374.7 ms/update | 5959 tok/s
[train] 630/4096 | 5160960 tok | loss 5.9077 | lr 9.512e-04 | 1373.9 ms/update | 5963 tok/s
[train] 631/4096 | 5169152 tok | loss 5.7425 | lr 9.510e-04 | 1376.7 ms/update | 5951 tok/s
[train] 632/4096 | 5177344 tok | loss 5.8501 | lr 9.509e-04 | 1373.9 ms/update | 5963 tok/s
[train] 633/4096 | 5185536 tok | loss 6.0775 | lr 9.507e-04 | 1369.3 ms/update | 5983 tok/s
[train] 634/4096 | 5193728 tok | loss 5.9618 | lr 9.505e-04 | 1374.7 ms/update | 5959 tok/s
[train] 635/4096 | 5201920 tok | loss 5.6576 | lr 9.504e-04 | 1371.6 ms/update | 5973 tok/s
[train] 636/4096 | 5210112 tok | loss 6.0293 | lr 9.502e-04 | 1375.5 ms/update | 5956 tok/s
[train] 637/4096 | 5218304 tok | loss 5.9141 | lr 9.501e-04 | 1378.0 ms/update | 5945 tok/s
[train] 638/4096 | 5226496 tok | loss 5.8607 | lr 9.499e-04 | 1402.5 ms/update | 5841 tok/s
[train] 639/4096 | 5234688 tok | loss 5.8972 | lr 9.497e-04 | 1390.6 ms/update | 5891 tok/s
[train] 640/4096 | 5242880 tok | loss 5.6637 | lr 9.496e-04 | 1388.9 ms/update | 5898 tok/s
[eval] step 640 | val NLL 5.4891 | ppl 242.04 | 65536 tokens
[ckpt] latest.pt @ step 640
[train] 641/4096 | 5251072 tok | loss 5.5643 | lr 9.494e-04 | 1394.4 ms/update | 5875 tok/s
[train] 642/4096 | 5259264 tok | loss 6.2612 | lr 9.493e-04 | 1361.4 ms/update | 6017 tok/s
[train] 643/4096 | 5267456 tok | loss 6.0046 | lr 9.491e-04 | 1394.0 ms/update | 5877 tok/s
[train] 644/4096 | 5275648 tok | loss 5.7475 | lr 9.490e-04 | 1378.4 ms/update | 5943 tok/s
[train] 645/4096 | 5283840 tok | loss 5.6949 | lr 9.488e-04 | 1371.0 ms/update | 5975 tok/s
[train] 646/4096 | 5292032 tok | loss 5.7709 | lr 9.486e-04 | 1374.4 ms/update | 5960 tok/s
[train] 647/4096 | 5300224 tok | loss 5.4607 | lr 9.485e-04 | 1382.3 ms/update | 5926 tok/s
[train] 648/4096 | 5308416 tok | loss 5.5216 | lr 9.483e-04 | 1380.2 ms/update | 5935 tok/s
[train] 649/4096 | 5316608 tok | loss 5.4651 | lr 9.481e-04 | 1387.2 ms/update | 5905 tok/s
[train] 650/4096 | 5324800 tok | loss 6.0223 | lr 9.480e-04 | 1361.8 ms/update | 6015 tok/s
[train] 651/4096 | 5332992 tok | loss 5.9416 | lr 9.478e-04 | 1379.1 ms/update | 5940 tok/s
[train] 652/4096 | 5341184 tok | loss 5.7931 | lr 9.477e-04 | 1369.7 ms/update | 5981 tok/s
[train] 653/4096 | 5349376 tok | loss 6.1217 | lr 9.475e-04 | 1378.8 ms/update | 5942 tok/s
[train] 654/4096 | 5357568 tok | loss 6.0902 | lr 9.473e-04 | 1382.0 ms/update | 5928 tok/s
[train] 655/4096 | 5365760 tok | loss 5.7581 | lr 9.472e-04 | 1380.5 ms/update | 5934 tok/s
[train] 656/4096 | 5373952 tok | loss 5.7562 | lr 9.470e-04 | 1373.8 ms/update | 5963 tok/s
[train] 657/4096 | 5382144 tok | loss 5.7958 | lr 9.468e-04 | 1372.5 ms/update | 5969 tok/s
[train] 658/4096 | 5390336 tok | loss 5.9255 | lr 9.467e-04 | 1382.0 ms/update | 5928 tok/s
[train] 659/4096 | 5398528 tok | loss 5.7979 | lr 9.465e-04 | 1361.9 ms/update | 6015 tok/s
[train] 660/4096 | 5406720 tok | loss 5.6742 | lr 9.464e-04 | 1371.7 ms/update | 5972 tok/s
[train] 661/4096 | 5414912 tok | loss 5.7828 | lr 9.462e-04 | 1363.8 ms/update | 6007 tok/s
[train] 662/4096 | 5423104 tok | loss 5.7420 | lr 9.460e-04 | 1369.6 ms/update | 5981 tok/s
[train] 663/4096 | 5431296 tok | loss 5.5354 | lr 9.459e-04 | 1367.5 ms/update | 5991 tok/s
[train] 664/4096 | 5439488 tok | loss 5.9103 | lr 9.457e-04 | 1371.9 ms/update | 5971 tok/s
[train] 665/4096 | 5447680 tok | loss 5.7399 | lr 9.455e-04 | 1382.1 ms/update | 5927 tok/s
[train] 666/4096 | 5455872 tok | loss 5.6526 | lr 9.454e-04 | 1369.1 ms/update | 5983 tok/s
[train] 667/4096 | 5464064 tok | loss 5.7728 | lr 9.452e-04 | 1373.1 ms/update | 5966 tok/s
[train] 668/4096 | 5472256 tok | loss 5.8253 | lr 9.450e-04 | 1372.4 ms/update | 5969 tok/s
[train] 669/4096 | 5480448 tok | loss 6.0644 | lr 9.449e-04 | 1359.8 ms/update | 6024 tok/s
[train] 670/4096 | 5488640 tok | loss 5.5619 | lr 9.447e-04 | 1374.5 ms/update | 5960 tok/s
[train] 671/4096 | 5496832 tok | loss 6.0022 | lr 9.445e-04 | 1372.2 ms/update | 5970 tok/s
[train] 672/4096 | 5505024 tok | loss 5.9982 | lr 9.444e-04 | 1376.5 ms/update | 5951 tok/s
[train] 673/4096 | 5513216 tok | loss 5.4440 | lr 9.442e-04 | 1381.4 ms/update | 5930 tok/s
[train] 674/4096 | 5521408 tok | loss 5.6510 | lr 9.440e-04 | 1363.5 ms/update | 6008 tok/s
[train] 675/4096 | 5529600 tok | loss 5.7835 | lr 9.439e-04 | 1378.3 ms/update | 5944 tok/s
[train] 676/4096 | 5537792 tok | loss 5.8754 | lr 9.437e-04 | 1369.8 ms/update | 5981 tok/s
[train] 677/4096 | 5545984 tok | loss 5.6288 | lr 9.435e-04 | 1367.5 ms/update | 5991 tok/s
[train] 678/4096 | 5554176 tok | loss 5.8062 | lr 9.434e-04 | 1357.3 ms/update | 6036 tok/s
[train] 679/4096 | 5562368 tok | loss 5.7297 | lr 9.432e-04 | 1367.5 ms/update | 5991 tok/s
[train] 680/4096 | 5570560 tok | loss 5.5721 | lr 9.430e-04 | 1363.8 ms/update | 6007 tok/s
[train] 681/4096 | 5578752 tok | loss 5.8663 | lr 9.429e-04 | 1375.1 ms/update | 5958 tok/s
[train] 682/4096 | 5586944 tok | loss 5.5715 | lr 9.427e-04 | 1376.4 ms/update | 5952 tok/s
[train] 683/4096 | 5595136 tok | loss 5.9829 | lr 9.425e-04 | 1377.3 ms/update | 5948 tok/s
[train] 684/4096 | 5603328 tok | loss 5.9003 | lr 9.423e-04 | 1375.6 ms/update | 5955 tok/s
[train] 685/4096 | 5611520 tok | loss 6.0177 | lr 9.422e-04 | 1377.8 ms/update | 5946 tok/s
[train] 686/4096 | 5619712 tok | loss 5.5144 | lr 9.420e-04 | 1370.4 ms/update | 5978 tok/s
[train] 687/4096 | 5627904 tok | loss 5.8424 | lr 9.418e-04 | 1384.0 ms/update | 5919 tok/s
[train] 688/4096 | 5636096 tok | loss 6.0456 | lr 9.417e-04 | 1367.0 ms/update | 5993 tok/s
[train] 689/4096 | 5644288 tok | loss 5.4237 | lr 9.415e-04 | 1372.9 ms/update | 5967 tok/s
[train] 690/4096 | 5652480 tok | loss 5.7482 | lr 9.413e-04 | 1375.3 ms/update | 5957 tok/s
[train] 691/4096 | 5660672 tok | loss 5.6445 | lr 9.411e-04 | 1377.9 ms/update | 5945 tok/s
[train] 692/4096 | 5668864 tok | loss 5.5600 | lr 9.410e-04 | 1372.1 ms/update | 5970 tok/s
[train] 693/4096 | 5677056 tok | loss 5.9948 | lr 9.408e-04 | 1374.7 ms/update | 5959 tok/s
[train] 694/4096 | 5685248 tok | loss 5.9134 | lr 9.406e-04 | 1384.9 ms/update | 5915 tok/s
[train] 695/4096 | 5693440 tok | loss 5.6416 | lr 9.405e-04 | 1362.1 ms/update | 6014 tok/s
[train] 696/4096 | 5701632 tok | loss 5.4612 | lr 9.403e-04 | 1374.3 ms/update | 5961 tok/s
[train] 697/4096 | 5709824 tok | loss 5.7213 | lr 9.401e-04 | 1373.5 ms/update | 5964 tok/s
[train] 698/4096 | 5718016 tok | loss 5.2747 | lr 9.399e-04 | 1373.9 ms/update | 5963 tok/s
[train] 699/4096 | 5726208 tok | loss 5.7716 | lr 9.398e-04 | 1374.5 ms/update | 5960 tok/s
[train] 700/4096 | 5734400 tok | loss 5.8399 | lr 9.396e-04 | 1376.2 ms/update | 5953 tok/s
[train] 701/4096 | 5742592 tok | loss 5.9404 | lr 9.394e-04 | 1373.4 ms/update | 5965 tok/s
[train] 702/4096 | 5750784 tok | loss 5.4591 | lr 9.392e-04 | 1378.5 ms/update | 5943 tok/s
[train] 703/4096 | 5758976 tok | loss 5.9199 | lr 9.391e-04 | 1380.5 ms/update | 5934 tok/s
[train] 704/4096 | 5767168 tok | loss 5.8718 | lr 9.389e-04 | 1376.9 ms/update | 5950 tok/s
[train] 705/4096 | 5775360 tok | loss 5.5471 | lr 9.387e-04 | 1373.9 ms/update | 5962 tok/s
[train] 706/4096 | 5783552 tok | loss 5.4463 | lr 9.386e-04 | 1374.7 ms/update | 5959 tok/s
[train] 707/4096 | 5791744 tok | loss 5.9096 | lr 9.384e-04 | 1377.8 ms/update | 5946 tok/s
[train] 708/4096 | 5799936 tok | loss 5.9488 | lr 9.382e-04 | 1372.8 ms/update | 5967 tok/s
[train] 709/4096 | 5808128 tok | loss 5.5398 | lr 9.380e-04 | 1380.6 ms/update | 5933 tok/s
[train] 710/4096 | 5816320 tok | loss 5.7988 | lr 9.378e-04 | 1369.3 ms/update | 5983 tok/s
[train] 711/4096 | 5824512 tok | loss 5.8906 | lr 9.377e-04 | 1372.1 ms/update | 5970 tok/s
[train] 712/4096 | 5832704 tok | loss 5.6179 | lr 9.375e-04 | 1379.5 ms/update | 5939 tok/s
[train] 713/4096 | 5840896 tok | loss 5.6795 | lr 9.373e-04 | 1373.9 ms/update | 5963 tok/s
[train] 714/4096 | 5849088 tok | loss 5.9115 | lr 9.371e-04 | 1383.8 ms/update | 5920 tok/s
[train] 715/4096 | 5857280 tok | loss 5.9896 | lr 9.370e-04 | 1360.3 ms/update | 6022 tok/s
[train] 716/4096 | 5865472 tok | loss 5.9843 | lr 9.368e-04 | 1380.8 ms/update | 5933 tok/s
[train] 717/4096 | 5873664 tok | loss 5.9377 | lr 9.366e-04 | 1369.0 ms/update | 5984 tok/s
[train] 718/4096 | 5881856 tok | loss 5.5547 | lr 9.364e-04 | 1375.8 ms/update | 5954 tok/s
[train] 719/4096 | 5890048 tok | loss 5.9966 | lr 9.363e-04 | 1374.0 ms/update | 5962 tok/s
[train] 720/4096 | 5898240 tok | loss 5.9073 | lr 9.361e-04 | 1374.3 ms/update | 5961 tok/s
[train] 721/4096 | 5906432 tok | loss 5.8999 | lr 9.359e-04 | 1375.1 ms/update | 5957 tok/s
[train] 722/4096 | 5914624 tok | loss 5.9459 | lr 9.357e-04 | 1374.7 ms/update | 5959 tok/s
[train] 723/4096 | 5922816 tok | loss 5.4064 | lr 9.355e-04 | 1380.8 ms/update | 5933 tok/s
[train] 724/4096 | 5931008 tok | loss 5.7706 | lr 9.354e-04 | 1367.6 ms/update | 5990 tok/s
[train] 725/4096 | 5939200 tok | loss 6.1086 | lr 9.352e-04 | 1372.2 ms/update | 5970 tok/s
[train] 726/4096 | 5947392 tok | loss 5.7177 | lr 9.350e-04 | 1372.1 ms/update | 5970 tok/s
[train] 727/4096 | 5955584 tok | loss 5.6486 | lr 9.348e-04 | 1375.2 ms/update | 5957 tok/s
[train] 728/4096 | 5963776 tok | loss 6.0036 | lr 9.346e-04 | 1375.0 ms/update | 5958 tok/s
[train] 729/4096 | 5971968 tok | loss 5.8628 | lr 9.345e-04 | 1375.7 ms/update | 5955 tok/s
[train] 730/4096 | 5980160 tok | loss 5.8162 | lr 9.343e-04 | 1376.2 ms/update | 5953 tok/s
[train] 731/4096 | 5988352 tok | loss 5.7106 | lr 9.341e-04 | 1377.1 ms/update | 5949 tok/s
[train] 732/4096 | 5996544 tok | loss 5.7401 | lr 9.339e-04 | 1372.5 ms/update | 5969 tok/s
[train] 733/4096 | 6004736 tok | loss 5.7122 | lr 9.337e-04 | 1377.5 ms/update | 5947 tok/s
[train] 734/4096 | 6012928 tok | loss 5.9439 | lr 9.336e-04 | 1370.4 ms/update | 5978 tok/s
[train] 735/4096 | 6021120 tok | loss 5.6563 | lr 9.334e-04 | 1372.4 ms/update | 5969 tok/s
[train] 736/4096 | 6029312 tok | loss 5.8383 | lr 9.332e-04 | 1361.0 ms/update | 6019 tok/s
[train] 737/4096 | 6037504 tok | loss 5.7325 | lr 9.330e-04 | 1372.3 ms/update | 5969 tok/s
[train] 738/4096 | 6045696 tok | loss 5.5338 | lr 9.328e-04 | 1376.8 ms/update | 5950 tok/s
[train] 739/4096 | 6053888 tok | loss 5.5125 | lr 9.327e-04 | 1371.3 ms/update | 5974 tok/s
[train] 740/4096 | 6062080 tok | loss 5.7754 | lr 9.325e-04 | 1376.4 ms/update | 5952 tok/s
[train] 741/4096 | 6070272 tok | loss 5.7557 | lr 9.323e-04 | 1373.9 ms/update | 5963 tok/s
[train] 742/4096 | 6078464 tok | loss 5.9208 | lr 9.321e-04 | 1371.5 ms/update | 5973 tok/s
[train] 743/4096 | 6086656 tok | loss 5.1580 | lr 9.319e-04 | 1374.1 ms/update | 5962 tok/s
[train] 744/4096 | 6094848 tok | loss 5.8401 | lr 9.317e-04 | 1374.4 ms/update | 5961 tok/s
[train] 745/4096 | 6103040 tok | loss 6.2668 | lr 9.316e-04 | 1385.2 ms/update | 5914 tok/s
[train] 746/4096 | 6111232 tok | loss 5.7275 | lr 9.314e-04 | 1368.4 ms/update | 5987 tok/s
[train] 747/4096 | 6119424 tok | loss 5.6630 | lr 9.312e-04 | 1379.4 ms/update | 5939 tok/s
[train] 748/4096 | 6127616 tok | loss 5.8653 | lr 9.310e-04 | 1374.0 ms/update | 5962 tok/s
[train] 749/4096 | 6135808 tok | loss 5.8242 | lr 9.308e-04 | 1370.5 ms/update | 5977 tok/s
[train] 750/4096 | 6144000 tok | loss 5.7681 | lr 9.306e-04 | 1358.2 ms/update | 6031 tok/s
[train] 751/4096 | 6152192 tok | loss 5.7311 | lr 9.304e-04 | 1374.4 ms/update | 5961 tok/s
[train] 752/4096 | 6160384 tok | loss 5.5163 | lr 9.303e-04 | 1366.9 ms/update | 5993 tok/s
[train] 753/4096 | 6168576 tok | loss 6.1492 | lr 9.301e-04 | 1371.3 ms/update | 5974 tok/s
[train] 754/4096 | 6176768 tok | loss 5.8457 | lr 9.299e-04 | 1373.6 ms/update | 5964 tok/s
[train] 755/4096 | 6184960 tok | loss 5.6541 | lr 9.297e-04 | 1362.3 ms/update | 6013 tok/s
[train] 756/4096 | 6193152 tok | loss 5.6350 | lr 9.295e-04 | 1373.3 ms/update | 5965 tok/s
[train] 757/4096 | 6201344 tok | loss 5.6296 | lr 9.293e-04 | 1375.1 ms/update | 5957 tok/s
[train] 758/4096 | 6209536 tok | loss 5.9143 | lr 9.291e-04 | 1370.7 ms/update | 5976 tok/s
[train] 759/4096 | 6217728 tok | loss 5.7284 | lr 9.290e-04 | 1364.0 ms/update | 6006 tok/s
[train] 760/4096 | 6225920 tok | loss 5.5524 | lr 9.288e-04 | 1382.5 ms/update | 5925 tok/s
[train] 761/4096 | 6234112 tok | loss 5.8936 | lr 9.286e-04 | 1371.0 ms/update | 5975 tok/s
[train] 762/4096 | 6242304 tok | loss 5.7789 | lr 9.284e-04 | 1377.4 ms/update | 5947 tok/s
[train] 763/4096 | 6250496 tok | loss 5.7869 | lr 9.282e-04 | 1366.7 ms/update | 5994 tok/s
[train] 764/4096 | 6258688 tok | loss 5.6872 | lr 9.280e-04 | 1367.8 ms/update | 5989 tok/s
[train] 765/4096 | 6266880 tok | loss 5.8012 | lr 9.278e-04 | 1369.6 ms/update | 5981 tok/s
[train] 766/4096 | 6275072 tok | loss 5.7554 | lr 9.276e-04 | 1365.7 ms/update | 5998 tok/s
[train] 767/4096 | 6283264 tok | loss 5.7762 | lr 9.275e-04 | 1388.6 ms/update | 5899 tok/s
[train] 768/4096 | 6291456 tok | loss 5.8785 | lr 9.273e-04 | 1360.7 ms/update | 6020 tok/s
[eval] step 768 | val NLL 5.4746 | ppl 238.56 | 65536 tokens
[ckpt] latest.pt @ step 768
[train] 769/4096 | 6299648 tok | loss 5.6254 | lr 9.271e-04 | 1363.1 ms/update | 6010 tok/s
[train] 770/4096 | 6307840 tok | loss 5.7588 | lr 9.269e-04 | 1369.0 ms/update | 5984 tok/s
[train] 771/4096 | 6316032 tok | loss 5.6930 | lr 9.267e-04 | 1376.1 ms/update | 5953 tok/s
[train] 772/4096 | 6324224 tok | loss 6.2414 | lr 9.265e-04 | 1382.6 ms/update | 5925 tok/s
[train] 773/4096 | 6332416 tok | loss 5.7301 | lr 9.263e-04 | 1364.3 ms/update | 6005 tok/s
[train] 774/4096 | 6340608 tok | loss 5.7812 | lr 9.261e-04 | 1374.1 ms/update | 5962 tok/s
[train] 775/4096 | 6348800 tok | loss 5.7823 | lr 9.259e-04 | 1374.8 ms/update | 5959 tok/s
[train] 776/4096 | 6356992 tok | loss 5.9182 | lr 9.257e-04 | 1375.5 ms/update | 5955 tok/s
[train] 777/4096 | 6365184 tok | loss 5.7416 | lr 9.256e-04 | 1373.6 ms/update | 5964 tok/s
[train] 778/4096 | 6373376 tok | loss 5.6063 | lr 9.254e-04 | 1375.2 ms/update | 5957 tok/s
[train] 779/4096 | 6381568 tok | loss 5.8530 | lr 9.252e-04 | 1380.0 ms/update | 5936 tok/s
[train] 780/4096 | 6389760 tok | loss 5.9256 | lr 9.250e-04 | 1371.4 ms/update | 5973 tok/s
[train] 781/4096 | 6397952 tok | loss 5.7890 | lr 9.248e-04 | 1372.7 ms/update | 5968 tok/s
[train] 782/4096 | 6406144 tok | loss 5.8433 | lr 9.246e-04 | 1373.7 ms/update | 5963 tok/s
[train] 783/4096 | 6414336 tok | loss 5.5594 | lr 9.244e-04 | 1374.1 ms/update | 5962 tok/s
[train] 784/4096 | 6422528 tok | loss 5.6612 | lr 9.242e-04 | 1381.5 ms/update | 5930 tok/s
[train] 785/4096 | 6430720 tok | loss 6.0832 | lr 9.240e-04 | 1366.9 ms/update | 5993 tok/s
[train] 786/4096 | 6438912 tok | loss 5.6685 | lr 9.238e-04 | 1382.1 ms/update | 5927 tok/s
[train] 787/4096 | 6447104 tok | loss 5.7435 | lr 9.236e-04 | 1372.2 ms/update | 5970 tok/s
[train] 788/4096 | 6455296 tok | loss 5.4560 | lr 9.234e-04 | 1370.8 ms/update | 5976 tok/s
[train] 789/4096 | 6463488 tok | loss 5.7380 | lr 9.232e-04 | 1370.3 ms/update | 5978 tok/s
[train] 790/4096 | 6471680 tok | loss 5.9083 | lr 9.230e-04 | 1372.5 ms/update | 5969 tok/s
[train] 791/4096 | 6479872 tok | loss 5.9107 | lr 9.229e-04 | 1377.1 ms/update | 5949 tok/s
[train] 792/4096 | 6488064 tok | loss 5.6941 | lr 9.227e-04 | 1376.2 ms/update | 5953 tok/s
[train] 793/4096 | 6496256 tok | loss 5.8898 | lr 9.225e-04 | 1369.8 ms/update | 5980 tok/s
[train] 794/4096 | 6504448 tok | loss 5.8419 | lr 9.223e-04 | 1372.4 ms/update | 5969 tok/s
[train] 795/4096 | 6512640 tok | loss 5.5337 | lr 9.221e-04 | 1382.4 ms/update | 5926 tok/s
[train] 796/4096 | 6520832 tok | loss 6.0137 | lr 9.219e-04 | 1366.5 ms/update | 5995 tok/s
[train] 797/4096 | 6529024 tok | loss 5.6263 | lr 9.217e-04 | 1378.9 ms/update | 5941 tok/s
[train] 798/4096 | 6537216 tok | loss 5.7685 | lr 9.215e-04 | 1373.1 ms/update | 5966 tok/s
[train] 799/4096 | 6545408 tok | loss 5.8169 | lr 9.213e-04 | 1370.5 ms/update | 5978 tok/s
[train] 800/4096 | 6553600 tok | loss 5.6126 | lr 9.211e-04 | 1359.9 ms/update | 6024 tok/s
[train] 801/4096 | 6561792 tok | loss 5.7412 | lr 9.209e-04 | 1385.4 ms/update | 5913 tok/s
[train] 802/4096 | 6569984 tok | loss 5.7369 | lr 9.207e-04 | 1371.1 ms/update | 5975 tok/s
[train] 803/4096 | 6578176 tok | loss 5.9921 | lr 9.205e-04 | 1374.2 ms/update | 5961 tok/s
[train] 804/4096 | 6586368 tok | loss 6.0483 | lr 9.203e-04 | 1376.3 ms/update | 5952 tok/s
[train] 805/4096 | 6594560 tok | loss 5.6225 | lr 9.201e-04 | 1378.1 ms/update | 5944 tok/s
[train] 806/4096 | 6602752 tok | loss 5.8550 | lr 9.199e-04 | 1371.9 ms/update | 5971 tok/s
[train] 807/4096 | 6610944 tok | loss 5.7869 | lr 9.197e-04 | 1374.2 ms/update | 5961 tok/s
[train] 808/4096 | 6619136 tok | loss 5.8470 | lr 9.195e-04 | 1372.7 ms/update | 5968 tok/s
[train] 809/4096 | 6627328 tok | loss 5.8918 | lr 9.193e-04 | 1371.5 ms/update | 5973 tok/s
[train] 810/4096 | 6635520 tok | loss 5.8396 | lr 9.191e-04 | 1375.2 ms/update | 5957 tok/s
[train] 811/4096 | 6643712 tok | loss 5.5264 | lr 9.189e-04 | 1367.3 ms/update | 5991 tok/s
[train] 812/4096 | 6651904 tok | loss 5.8072 | lr 9.187e-04 | 1372.3 ms/update | 5970 tok/s
[train] 813/4096 | 6660096 tok | loss 5.7695 | lr 9.185e-04 | 1368.9 ms/update | 5984 tok/s
[train] 814/4096 | 6668288 tok | loss 5.9281 | lr 9.183e-04 | 1356.3 ms/update | 6040 tok/s
[train] 815/4096 | 6676480 tok | loss 5.9961 | lr 9.181e-04 | 1367.1 ms/update | 5992 tok/s
[train] 816/4096 | 6684672 tok | loss 5.7314 | lr 9.179e-04 | 1361.0 ms/update | 6019 tok/s
[train] 817/4096 | 6692864 tok | loss 5.7595 | lr 9.177e-04 | 1354.5 ms/update | 6048 tok/s
[train] 818/4096 | 6701056 tok | loss 5.5291 | lr 9.175e-04 | 1367.7 ms/update | 5990 tok/s
[train] 819/4096 | 6709248 tok | loss 5.6195 | lr 9.173e-04 | 1363.2 ms/update | 6009 tok/s
[train] 820/4096 | 6717440 tok | loss 5.8304 | lr 9.171e-04 | 1367.9 ms/update | 5989 tok/s
[train] 821/4096 | 6725632 tok | loss 5.9072 | lr 9.169e-04 | 1358.1 ms/update | 6032 tok/s
[train] 822/4096 | 6733824 tok | loss 5.5708 | lr 9.167e-04 | 1366.4 ms/update | 5995 tok/s
[train] 823/4096 | 6742016 tok | loss 5.7225 | lr 9.165e-04 | 1372.3 ms/update | 5970 tok/s
[train] 824/4096 | 6750208 tok | loss 5.6543 | lr 9.163e-04 | 1366.4 ms/update | 5995 tok/s
[train] 825/4096 | 6758400 tok | loss 5.6319 | lr 9.161e-04 | 1367.3 ms/update | 5991 tok/s
[train] 826/4096 | 6766592 tok | loss 5.7175 | lr 9.159e-04 | 1361.2 ms/update | 6018 tok/s
[train] 827/4096 | 6774784 tok | loss 5.5144 | lr 9.157e-04 | 1366.2 ms/update | 5996 tok/s
[train] 828/4096 | 6782976 tok | loss 5.5062 | lr 9.155e-04 | 1363.3 ms/update | 6009 tok/s
[train] 829/4096 | 6791168 tok | loss 5.6683 | lr 9.153e-04 | 1377.5 ms/update | 5947 tok/s
[train] 830/4096 | 6799360 tok | loss 5.8575 | lr 9.151e-04 | 1380.9 ms/update | 5932 tok/s
[train] 831/4096 | 6807552 tok | loss 5.6332 | lr 9.149e-04 | 1363.8 ms/update | 6007 tok/s
[train] 832/4096 | 6815744 tok | loss 5.6680 | lr 9.147e-04 | 1374.8 ms/update | 5959 tok/s
[train] 833/4096 | 6823936 tok | loss 5.8046 | lr 9.145e-04 | 1372.1 ms/update | 5970 tok/s
[train] 834/4096 | 6832128 tok | loss 6.0292 | lr 9.143e-04 | 1367.0 ms/update | 5993 tok/s
[train] 835/4096 | 6840320 tok | loss 5.8100 | lr 9.141e-04 | 1369.1 ms/update | 5983 tok/s
[train] 836/4096 | 6848512 tok | loss 5.7671 | lr 9.139e-04 | 1368.8 ms/update | 5985 tok/s
[train] 837/4096 | 6856704 tok | loss 5.8092 | lr 9.137e-04 | 1371.7 ms/update | 5972 tok/s
[train] 838/4096 | 6864896 tok | loss 5.6280 | lr 9.135e-04 | 1358.9 ms/update | 6028 tok/s
[train] 839/4096 | 6873088 tok | loss 5.5034 | lr 9.133e-04 | 1371.4 ms/update | 5973 tok/s
[train] 840/4096 | 6881280 tok | loss 5.9521 | lr 9.131e-04 | 1369.0 ms/update | 5984 tok/s
[train] 841/4096 | 6889472 tok | loss 5.9800 | lr 9.129e-04 | 1361.9 ms/update | 6015 tok/s
[train] 842/4096 | 6897664 tok | loss 6.1418 | lr 9.127e-04 | 1375.4 ms/update | 5956 tok/s
[train] 843/4096 | 6905856 tok | loss 5.6090 | lr 9.125e-04 | 1372.4 ms/update | 5969 tok/s
[train] 844/4096 | 6914048 tok | loss 5.6797 | lr 9.123e-04 | 1369.4 ms/update | 5982 tok/s
[train] 845/4096 | 6922240 tok | loss 6.1827 | lr 9.120e-04 | 1363.7 ms/update | 6007 tok/s
[train] 846/4096 | 6930432 tok | loss 5.7770 | lr 9.118e-04 | 1377.2 ms/update | 5948 tok/s
[train] 847/4096 | 6938624 tok | loss 6.0830 | lr 9.116e-04 | 1368.0 ms/update | 5989 tok/s
[train] 848/4096 | 6946816 tok | loss 5.7774 | lr 9.114e-04 | 1367.1 ms/update | 5992 tok/s
[train] 849/4096 | 6955008 tok | loss 5.3703 | lr 9.112e-04 | 1372.5 ms/update | 5969 tok/s
[train] 850/4096 | 6963200 tok | loss 5.3910 | lr 9.110e-04 | 1362.1 ms/update | 6014 tok/s
[train] 851/4096 | 6971392 tok | loss 5.8146 | lr 9.108e-04 | 1370.9 ms/update | 5976 tok/s
[train] 852/4096 | 6979584 tok | loss 5.6411 | lr 9.106e-04 | 1383.8 ms/update | 5920 tok/s
[train] 853/4096 | 6987776 tok | loss 5.5207 | lr 9.104e-04 | 1369.5 ms/update | 5982 tok/s
[train] 854/4096 | 6995968 tok | loss 6.0355 | lr 9.102e-04 | 1361.4 ms/update | 6017 tok/s
[train] 855/4096 | 7004160 tok | loss 5.6236 | lr 9.100e-04 | 1373.2 ms/update | 5966 tok/s
[train] 856/4096 | 7012352 tok | loss 5.7300 | lr 9.098e-04 | 1371.8 ms/update | 5972 tok/s
[train] 857/4096 | 7020544 tok | loss 5.6450 | lr 9.096e-04 | 1359.9 ms/update | 6024 tok/s
[train] 858/4096 | 7028736 tok | loss 5.4749 | lr 9.094e-04 | 1376.7 ms/update | 5951 tok/s
[train] 859/4096 | 7036928 tok | loss 5.7169 | lr 9.091e-04 | 1385.4 ms/update | 5913 tok/s
[train] 860/4096 | 7045120 tok | loss 5.4509 | lr 9.089e-04 | 1372.3 ms/update | 5969 tok/s
[train] 861/4096 | 7053312 tok | loss 5.6812 | lr 9.087e-04 | 1359.5 ms/update | 6026 tok/s
[train] 862/4096 | 7061504 tok | loss 6.0227 | lr 9.085e-04 | 1361.1 ms/update | 6019 tok/s
[train] 863/4096 | 7069696 tok | loss 6.0838 | lr 9.083e-04 | 1372.0 ms/update | 5971 tok/s
[train] 864/4096 | 7077888 tok | loss 5.9819 | lr 9.081e-04 | 1370.2 ms/update | 5979 tok/s
[train] 865/4096 | 7086080 tok | loss 6.0628 | lr 9.079e-04 | 1371.9 ms/update | 5971 tok/s
[train] 866/4096 | 7094272 tok | loss 6.0807 | lr 9.077e-04 | 1358.5 ms/update | 6030 tok/s
[train] 867/4096 | 7102464 tok | loss 5.7516 | lr 9.075e-04 | 1372.2 ms/update | 5970 tok/s
[train] 868/4096 | 7110656 tok | loss 5.2130 | lr 9.073e-04 | 1373.7 ms/update | 5964 tok/s
[train] 869/4096 | 7118848 tok | loss 5.6639 | lr 9.070e-04 | 1381.5 ms/update | 5930 tok/s
[train] 870/4096 | 7127040 tok | loss 5.7244 | lr 9.068e-04 | 1366.9 ms/update | 5993 tok/s
[train] 871/4096 | 7135232 tok | loss 5.6908 | lr 9.066e-04 | 1375.6 ms/update | 5955 tok/s
[train] 872/4096 | 7143424 tok | loss 5.8392 | lr 9.064e-04 | 1376.5 ms/update | 5952 tok/s
[train] 873/4096 | 7151616 tok | loss 5.7957 | lr 9.062e-04 | 1370.4 ms/update | 5978 tok/s
[train] 874/4096 | 7159808 tok | loss 5.6191 | lr 9.060e-04 | 1394.4 ms/update | 5875 tok/s
[train] 875/4096 | 7168000 tok | loss 5.7640 | lr 9.058e-04 | 1385.7 ms/update | 5912 tok/s
[train] 876/4096 | 7176192 tok | loss 5.7190 | lr 9.056e-04 | 1363.9 ms/update | 6006 tok/s
[train] 877/4096 | 7184384 tok | loss 6.0730 | lr 9.053e-04 | 1380.5 ms/update | 5934 tok/s
[train] 878/4096 | 7192576 tok | loss 5.5132 | lr 9.051e-04 | 1376.8 ms/update | 5950 tok/s
[train] 879/4096 | 7200768 tok | loss 5.7108 | lr 9.049e-04 | 1372.3 ms/update | 5970 tok/s
[train] 880/4096 | 7208960 tok | loss 5.6652 | lr 9.047e-04 | 1373.3 ms/update | 5965 tok/s
[train] 881/4096 | 7217152 tok | loss 6.0361 | lr 9.045e-04 | 1382.7 ms/update | 5925 tok/s
[train] 882/4096 | 7225344 tok | loss 5.3721 | lr 9.043e-04 | 1370.0 ms/update | 5980 tok/s
[train] 883/4096 | 7233536 tok | loss 5.8443 | lr 9.041e-04 | 1371.9 ms/update | 5971 tok/s
[train] 884/4096 | 7241728 tok | loss 5.5754 | lr 9.039e-04 | 1375.6 ms/update | 5955 tok/s
[train] 885/4096 | 7249920 tok | loss 5.9429 | lr 9.036e-04 | 1375.9 ms/update | 5954 tok/s
[train] 886/4096 | 7258112 tok | loss 5.6016 | lr 9.034e-04 | 1383.1 ms/update | 5923 tok/s
[train] 887/4096 | 7266304 tok | loss 5.4955 | lr 9.032e-04 | 1363.1 ms/update | 6010 tok/s
[train] 888/4096 | 7274496 tok | loss 5.6238 | lr 9.030e-04 | 1388.8 ms/update | 5898 tok/s
[train] 889/4096 | 7282688 tok | loss 5.7827 | lr 9.028e-04 | 1383.8 ms/update | 5920 tok/s
[train] 890/4096 | 7290880 tok | loss 5.8499 | lr 9.026e-04 | 1371.8 ms/update | 5972 tok/s
[train] 891/4096 | 7299072 tok | loss 5.2082 | lr 9.023e-04 | 1376.3 ms/update | 5952 tok/s
[train] 892/4096 | 7307264 tok | loss 5.4972 | lr 9.021e-04 | 1376.8 ms/update | 5950 tok/s
[train] 893/4096 | 7315456 tok | loss 5.8821 | lr 9.019e-04 | 1372.5 ms/update | 5969 tok/s
[train] 894/4096 | 7323648 tok | loss 5.7264 | lr 9.017e-04 | 1373.7 ms/update | 5964 tok/s
[train] 895/4096 | 7331840 tok | loss 5.6112 | lr 9.015e-04 | 1363.6 ms/update | 6008 tok/s
[train] 896/4096 | 7340032 tok | loss 5.7767 | lr 9.013e-04 | 1373.2 ms/update | 5965 tok/s
[eval] step 896 | val NLL 5.4000 | ppl 221.41 | 65536 tokens
[ckpt] latest.pt @ step 896
[train] 897/4096 | 7348224 tok | loss 5.8980 | lr 9.011e-04 | 1356.0 ms/update | 6041 tok/s
[train] 898/4096 | 7356416 tok | loss 6.0356 | lr 9.008e-04 | 1373.6 ms/update | 5964 tok/s
[train] 899/4096 | 7364608 tok | loss 5.5132 | lr 9.006e-04 | 1375.6 ms/update | 5955 tok/s
[train] 900/4096 | 7372800 tok | loss 5.7752 | lr 9.004e-04 | 1368.6 ms/update | 5986 tok/s
[train] 901/4096 | 7380992 tok | loss 6.0287 | lr 9.002e-04 | 1357.7 ms/update | 6034 tok/s
[train] 902/4096 | 7389184 tok | loss 5.6203 | lr 9.000e-04 | 1358.1 ms/update | 6032 tok/s
[train] 903/4096 | 7397376 tok | loss 5.6149 | lr 8.997e-04 | 1367.8 ms/update | 5989 tok/s
[train] 904/4096 | 7405568 tok | loss 5.6486 | lr 8.995e-04 | 1364.9 ms/update | 6002 tok/s
[train] 905/4096 | 7413760 tok | loss 5.7526 | lr 8.993e-04 | 1372.2 ms/update | 5970 tok/s
[train] 906/4096 | 7421952 tok | loss 5.8623 | lr 8.991e-04 | 1358.7 ms/update | 6029 tok/s
[train] 907/4096 | 7430144 tok | loss 5.8056 | lr 8.989e-04 | 1371.7 ms/update | 5972 tok/s
[train] 908/4096 | 7438336 tok | loss 5.8720 | lr 8.987e-04 | 1373.2 ms/update | 5966 tok/s
[train] 909/4096 | 7446528 tok | loss 6.0330 | lr 8.984e-04 | 1355.7 ms/update | 6043 tok/s
[train] 910/4096 | 7454720 tok | loss 5.5239 | lr 8.982e-04 | 1371.5 ms/update | 5973 tok/s
[train] 911/4096 | 7462912 tok | loss 5.5597 | lr 8.980e-04 | 1358.3 ms/update | 6031 tok/s
[train] 912/4096 | 7471104 tok | loss 5.7044 | lr 8.978e-04 | 1370.9 ms/update | 5975 tok/s
[train] 913/4096 | 7479296 tok | loss 5.7601 | lr 8.976e-04 | 1360.6 ms/update | 6021 tok/s
[train] 914/4096 | 7487488 tok | loss 5.9443 | lr 8.973e-04 | 1369.1 ms/update | 5984 tok/s
[train] 915/4096 | 7495680 tok | loss 5.8354 | lr 8.971e-04 | 1378.0 ms/update | 5945 tok/s
[train] 916/4096 | 7503872 tok | loss 5.9440 | lr 8.969e-04 | 1374.3 ms/update | 5961 tok/s
[train] 917/4096 | 7512064 tok | loss 5.8897 | lr 8.967e-04 | 1391.1 ms/update | 5889 tok/s
[train] 918/4096 | 7520256 tok | loss 5.5415 | lr 8.964e-04 | 1378.1 ms/update | 5944 tok/s
[train] 919/4096 | 7528448 tok | loss 5.6422 | lr 8.962e-04 | 1375.1 ms/update | 5957 tok/s
[train] 920/4096 | 7536640 tok | loss 5.1676 | lr 8.960e-04 | 1373.1 ms/update | 5966 tok/s
[train] 921/4096 | 7544832 tok | loss 5.4775 | lr 8.958e-04 | 1375.5 ms/update | 5956 tok/s
[train] 922/4096 | 7553024 tok | loss 5.7429 | lr 8.956e-04 | 1386.8 ms/update | 5907 tok/s
[train] 923/4096 | 7561216 tok | loss 5.8342 | lr 8.953e-04 | 1361.7 ms/update | 6016 tok/s
[train] 924/4096 | 7569408 tok | loss 5.5915 | lr 8.951e-04 | 1374.8 ms/update | 5959 tok/s
[train] 925/4096 | 7577600 tok | loss 5.7238 | lr 8.949e-04 | 1373.8 ms/update | 5963 tok/s
[train] 926/4096 | 7585792 tok | loss 5.7065 | lr 8.947e-04 | 1368.3 ms/update | 5987 tok/s
[train] 927/4096 | 7593984 tok | loss 5.5605 | lr 8.944e-04 | 1360.6 ms/update | 6021 tok/s
[train] 928/4096 | 7602176 tok | loss 5.8182 | lr 8.942e-04 | 1378.2 ms/update | 5944 tok/s
[train] 929/4096 | 7610368 tok | loss 5.5400 | lr 8.940e-04 | 1370.7 ms/update | 5976 tok/s
[train] 930/4096 | 7618560 tok | loss 5.3365 | lr 8.938e-04 | 1370.4 ms/update | 5978 tok/s
[train] 931/4096 | 7626752 tok | loss 5.6693 | lr 8.936e-04 | 1354.9 ms/update | 6046 tok/s
[train] 932/4096 | 7634944 tok | loss 5.3803 | lr 8.933e-04 | 1369.8 ms/update | 5981 tok/s
[train] 933/4096 | 7643136 tok | loss 5.3255 | lr 8.931e-04 | 1362.0 ms/update | 6015 tok/s
[train] 934/4096 | 7651328 tok | loss 5.9457 | lr 8.929e-04 | 1374.2 ms/update | 5961 tok/s
[train] 935/4096 | 7659520 tok | loss 5.9203 | lr 8.927e-04 | 1368.8 ms/update | 5985 tok/s
[train] 936/4096 | 7667712 tok | loss 5.3737 | lr 8.924e-04 | 1357.9 ms/update | 6033 tok/s
[train] 937/4096 | 7675904 tok | loss 5.4227 | lr 8.922e-04 | 1364.5 ms/update | 6004 tok/s
[train] 938/4096 | 7684096 tok | loss 5.6497 | lr 8.920e-04 | 1365.4 ms/update | 6000 tok/s
[train] 939/4096 | 7692288 tok | loss 5.6543 | lr 8.918e-04 | 1372.0 ms/update | 5971 tok/s
[train] 940/4096 | 7700480 tok | loss 5.8655 | lr 8.915e-04 | 1361.3 ms/update | 6018 tok/s
[train] 941/4096 | 7708672 tok | loss 5.6908 | lr 8.913e-04 | 1373.8 ms/update | 5963 tok/s
[train] 942/4096 | 7716864 tok | loss 5.6496 | lr 8.911e-04 | 1368.6 ms/update | 5986 tok/s
[train] 943/4096 | 7725056 tok | loss 5.8142 | lr 8.909e-04 | 1368.4 ms/update | 5987 tok/s
[train] 944/4096 | 7733248 tok | loss 5.6758 | lr 8.906e-04 | 1386.4 ms/update | 5909 tok/s
[train] 945/4096 | 7741440 tok | loss 5.5784 | lr 8.904e-04 | 1361.8 ms/update | 6016 tok/s
[train] 946/4096 | 7749632 tok | loss 5.6416 | lr 8.902e-04 | 1366.5 ms/update | 5995 tok/s
[train] 947/4096 | 7757824 tok | loss 5.6339 | lr 8.899e-04 | 1370.7 ms/update | 5977 tok/s
[train] 948/4096 | 7766016 tok | loss 5.6819 | lr 8.897e-04 | 1373.3 ms/update | 5965 tok/s
[train] 949/4096 | 7774208 tok | loss 5.6446 | lr 8.895e-04 | 1369.9 ms/update | 5980 tok/s
[train] 950/4096 | 7782400 tok | loss 5.8219 | lr 8.893e-04 | 1358.8 ms/update | 6029 tok/s
[train] 951/4096 | 7790592 tok | loss 5.6265 | lr 8.890e-04 | 1357.6 ms/update | 6034 tok/s
[train] 952/4096 | 7798784 tok | loss 5.7086 | lr 8.888e-04 | 1368.5 ms/update | 5986 tok/s
[train] 953/4096 | 7806976 tok | loss 5.6724 | lr 8.886e-04 | 1362.6 ms/update | 6012 tok/s
[train] 954/4096 | 7815168 tok | loss 5.7418 | lr 8.883e-04 | 1358.5 ms/update | 6030 tok/s
[train] 955/4096 | 7823360 tok | loss 5.8411 | lr 8.881e-04 | 1369.8 ms/update | 5980 tok/s
[train] 956/4096 | 7831552 tok | loss 5.6238 | lr 8.879e-04 | 1363.7 ms/update | 6007 tok/s
[train] 957/4096 | 7839744 tok | loss 5.6214 | lr 8.877e-04 | 1362.4 ms/update | 6013 tok/s
[train] 958/4096 | 7847936 tok | loss 5.8880 | lr 8.874e-04 | 1360.9 ms/update | 6020 tok/s
[train] 959/4096 | 7856128 tok | loss 5.8619 | lr 8.872e-04 | 1371.4 ms/update | 5974 tok/s
[train] 960/4096 | 7864320 tok | loss 5.7661 | lr 8.870e-04 | 1371.5 ms/update | 5973 tok/s
[train] 961/4096 | 7872512 tok | loss 5.5805 | lr 8.867e-04 | 1361.0 ms/update | 6019 tok/s
[train] 962/4096 | 7880704 tok | loss 5.7509 | lr 8.865e-04 | 1367.3 ms/update | 5991 tok/s
[train] 963/4096 | 7888896 tok | loss 5.6418 | lr 8.863e-04 | 1367.9 ms/update | 5989 tok/s
[train] 964/4096 | 7897088 tok | loss 5.6244 | lr 8.861e-04 | 1358.1 ms/update | 6032 tok/s
[train] 965/4096 | 7905280 tok | loss 5.8815 | lr 8.858e-04 | 1365.9 ms/update | 5997 tok/s
[train] 966/4096 | 7913472 tok | loss 5.2922 | lr 8.856e-04 | 1369.6 ms/update | 5981 tok/s
[train] 967/4096 | 7921664 tok | loss 5.7736 | lr 8.854e-04 | 1367.3 ms/update | 5991 tok/s
[train] 968/4096 | 7929856 tok | loss 5.7931 | lr 8.851e-04 | 1367.6 ms/update | 5990 tok/s
[train] 969/4096 | 7938048 tok | loss 5.8763 | lr 8.849e-04 | 1363.6 ms/update | 6008 tok/s
[train] 970/4096 | 7946240 tok | loss 5.5569 | lr 8.847e-04 | 1364.5 ms/update | 6004 tok/s
[train] 971/4096 | 7954432 tok | loss 5.7600 | lr 8.844e-04 | 1360.2 ms/update | 6022 tok/s
[train] 972/4096 | 7962624 tok | loss 5.8312 | lr 8.842e-04 | 1359.0 ms/update | 6028 tok/s
[train] 973/4096 | 7970816 tok | loss 5.8188 | lr 8.840e-04 | 1371.0 ms/update | 5975 tok/s
[train] 974/4096 | 7979008 tok | loss 5.6520 | lr 8.837e-04 | 1370.5 ms/update | 5978 tok/s
[train] 975/4096 | 7987200 tok | loss 5.8659 | lr 8.835e-04 | 1361.5 ms/update | 6017 tok/s
[train] 976/4096 | 7995392 tok | loss 5.5045 | lr 8.833e-04 | 1368.3 ms/update | 5987 tok/s
[train] 977/4096 | 8003584 tok | loss 5.7613 | lr 8.830e-04 | 1361.1 ms/update | 6019 tok/s
[train] 978/4096 | 8011776 tok | loss 5.8427 | lr 8.828e-04 | 1375.5 ms/update | 5956 tok/s
[train] 979/4096 | 8019968 tok | loss 5.6001 | lr 8.826e-04 | 1371.0 ms/update | 5975 tok/s
[train] 980/4096 | 8028160 tok | loss 5.5216 | lr 8.823e-04 | 1377.3 ms/update | 5948 tok/s
[train] 981/4096 | 8036352 tok | loss 5.7671 | lr 8.821e-04 | 1377.9 ms/update | 5945 tok/s
[train] 982/4096 | 8044544 tok | loss 5.5210 | lr 8.819e-04 | 1366.7 ms/update | 5994 tok/s
[train] 983/4096 | 8052736 tok | loss 5.5572 | lr 8.816e-04 | 1373.7 ms/update | 5964 tok/s
[train] 984/4096 | 8060928 tok | loss 5.6297 | lr 8.814e-04 | 1387.6 ms/update | 5904 tok/s
[train] 985/4096 | 8069120 tok | loss 5.6605 | lr 8.812e-04 | 1364.9 ms/update | 6002 tok/s
[train] 986/4096 | 8077312 tok | loss 5.4281 | lr 8.809e-04 | 1374.2 ms/update | 5961 tok/s
[train] 987/4096 | 8085504 tok | loss 5.8072 | lr 8.807e-04 | 1375.2 ms/update | 5957 tok/s
[train] 988/4096 | 8093696 tok | loss 5.4477 | lr 8.805e-04 | 1384.6 ms/update | 5917 tok/s
[train] 989/4096 | 8101888 tok | loss 5.6753 | lr 8.802e-04 | 1369.4 ms/update | 5982 tok/s
[train] 990/4096 | 8110080 tok | loss 5.7164 | lr 8.800e-04 | 1375.4 ms/update | 5956 tok/s
[train] 991/4096 | 8118272 tok | loss 5.5447 | lr 8.797e-04 | 1375.0 ms/update | 5958 tok/s
[train] 992/4096 | 8126464 tok | loss 5.4251 | lr 8.795e-04 | 1375.5 ms/update | 5956 tok/s
[train] 993/4096 | 8134656 tok | loss 5.5259 | lr 8.793e-04 | 1377.9 ms/update | 5945 tok/s
[train] 994/4096 | 8142848 tok | loss 5.7178 | lr 8.790e-04 | 1381.1 ms/update | 5931 tok/s
[train] 995/4096 | 8151040 tok | loss 5.6817 | lr 8.788e-04 | 1377.3 ms/update | 5948 tok/s
[train] 996/4096 | 8159232 tok | loss 5.4312 | lr 8.786e-04 | 1370.8 ms/update | 5976 tok/s
[train] 997/4096 | 8167424 tok | loss 5.8191 | lr 8.783e-04 | 1376.4 ms/update | 5952 tok/s
[train] 998/4096 | 8175616 tok | loss 5.5134 | lr 8.781e-04 | 1378.0 ms/update | 5945 tok/s
[train] 999/4096 | 8183808 tok | loss 5.7976 | lr 8.779e-04 | 1373.6 ms/update | 5964 tok/s
[train] 1000/4096 | 8192000 tok | loss 5.7970 | lr 8.776e-04 | 1374.7 ms/update | 5959 tok/s
[train] 1001/4096 | 8200192 tok | loss 5.6736 | lr 8.774e-04 | 1374.7 ms/update | 5959 tok/s
[train] 1002/4096 | 8208384 tok | loss 5.7460 | lr 8.771e-04 | 1375.7 ms/update | 5955 tok/s
[train] 1003/4096 | 8216576 tok | loss 5.7644 | lr 8.769e-04 | 1371.4 ms/update | 5973 tok/s
[train] 1004/4096 | 8224768 tok | loss 5.4246 | lr 8.767e-04 | 1377.0 ms/update | 5949 tok/s
[train] 1005/4096 | 8232960 tok | loss 5.8237 | lr 8.764e-04 | 1385.5 ms/update | 5913 tok/s
[train] 1006/4096 | 8241152 tok | loss 5.9693 | lr 8.762e-04 | 1379.7 ms/update | 5937 tok/s
[train] 1007/4096 | 8249344 tok | loss 5.8150 | lr 8.759e-04 | 1383.4 ms/update | 5922 tok/s
[train] 1008/4096 | 8257536 tok | loss 5.9161 | lr 8.757e-04 | 1369.3 ms/update | 5983 tok/s
[train] 1009/4096 | 8265728 tok | loss 5.6024 | lr 8.755e-04 | 1374.7 ms/update | 5959 tok/s
[train] 1010/4096 | 8273920 tok | loss 5.6993 | lr 8.752e-04 | 1375.9 ms/update | 5954 tok/s
[train] 1011/4096 | 8282112 tok | loss 5.5784 | lr 8.750e-04 | 1372.7 ms/update | 5968 tok/s
[train] 1012/4096 | 8290304 tok | loss 5.4103 | lr 8.748e-04 | 1375.0 ms/update | 5958 tok/s
[train] 1013/4096 | 8298496 tok | loss 5.7736 | lr 8.745e-04 | 1370.3 ms/update | 5978 tok/s
[train] 1014/4096 | 8306688 tok | loss 5.4807 | lr 8.743e-04 | 1372.7 ms/update | 5968 tok/s
[train] 1015/4096 | 8314880 tok | loss 5.6455 | lr 8.740e-04 | 1371.1 ms/update | 5975 tok/s
[train] 1016/4096 | 8323072 tok | loss 5.5995 | lr 8.738e-04 | 1362.0 ms/update | 6015 tok/s
[train] 1017/4096 | 8331264 tok | loss 5.4749 | lr 8.735e-04 | 1380.6 ms/update | 5934 tok/s
[train] 1018/4096 | 8339456 tok | loss 5.3716 | lr 8.733e-04 | 1363.8 ms/update | 6007 tok/s
[train] 1019/4096 | 8347648 tok | loss 5.4760 | lr 8.731e-04 | 1376.8 ms/update | 5950 tok/s
[train] 1020/4096 | 8355840 tok | loss 5.6289 | lr 8.728e-04 | 1371.5 ms/update | 5973 tok/s
[train] 1021/4096 | 8364032 tok | loss 5.5082 | lr 8.726e-04 | 1377.5 ms/update | 5947 tok/s
[train] 1022/4096 | 8372224 tok | loss 5.7354 | lr 8.723e-04 | 1373.2 ms/update | 5965 tok/s
[train] 1023/4096 | 8380416 tok | loss 5.4637 | lr 8.721e-04 | 1373.3 ms/update | 5965 tok/s
[train] 1024/4096 | 8388608 tok | loss 5.8157 | lr 8.719e-04 | 1378.1 ms/update | 5944 tok/s
[eval] step 1024 | val NLL 5.3813 | ppl 217.30 | 65536 tokens
[ckpt] latest.pt @ step 1024
[pause] staged gate reached at update 1024; resume explicitly from checkpoints/latest.pt
[done] paused_staged | 1024/4096 updates | 8388608 tokens | 1420.9s
