Kaggle preflight (physical GPU 0 exposed as cuda:0)...
/usr/local/lib/python3.12/dist-packages/torch/autograd/__init__.py:16: FutureWarning: `isinstance(treespec, LeafSpec)` is deprecated, use `isinstance(treespec, TreeSpec) and treespec.is_leaf()` instead.
  from torch import _vmap_internals
{
  "recipe": "/kaggle/working/benchmark-experiments/recipes/recursive_muon_structural_int4_4096_s0.json",
  "fingerprint": "d9781e9a40120a433fa25f926216d6f8845066a0e65c515d8b2223cb3f04651e",
  "total_updates": 4096,
  "schedule_total_updates": 4096,
  "tokens_per_update": 8192,
  "data_root": "/kaggle/working/benchmark-data",
  "manifest": "/kaggle/input/datasets/siennadai/lowp-benchmark-slimpajama-4x-v1/manifest.json",
  "manifest_exists": true,
  "optimizer": "recursive_muon",
  "compute": "fp32",
  "to_device": "cuda:0",
  "resolved_device": "cuda:0"
}
/usr/local/lib/python3.12/dist-packages/torch/autograd/__init__.py:16: FutureWarning: `isinstance(treespec, LeafSpec)` is deprecated, use `isinstance(treespec, TreeSpec) and treespec.is_leaf()` instead.
  from torch import _vmap_internals
[run] recursive_int4_4096_s0 | recursive_muon | cuda:0 | fp32 | 4096 updates | schedule horizon 4096 | 33554432 tokens
[train] 129/4096 | 1056768 tok | loss 6.7033 | lr 9.984e-04 | 1641.1 ms/update | 4992 tok/s
[train] 130/4096 | 1064960 tok | loss 6.4417 | lr 9.984e-04 | 1235.2 ms/update | 6632 tok/s
[train] 131/4096 | 1073152 tok | loss 6.5691 | lr 9.984e-04 | 1220.4 ms/update | 6712 tok/s
[train] 132/4096 | 1081344 tok | loss 6.7447 | lr 9.983e-04 | 1226.3 ms/update | 6680 tok/s
[train] 133/4096 | 1089536 tok | loss 6.5922 | lr 9.983e-04 | 1227.1 ms/update | 6676 tok/s
[train] 134/4096 | 1097728 tok | loss 6.4142 | lr 9.983e-04 | 1231.6 ms/update | 6652 tok/s
[train] 135/4096 | 1105920 tok | loss 6.3317 | lr 9.982e-04 | 1242.4 ms/update | 6594 tok/s
[train] 136/4096 | 1114112 tok | loss 6.4505 | lr 9.982e-04 | 1232.2 ms/update | 6648 tok/s
[train] 137/4096 | 1122304 tok | loss 6.5999 | lr 9.982e-04 | 1228.8 ms/update | 6667 tok/s
[train] 138/4096 | 1130496 tok | loss 6.3315 | lr 9.981e-04 | 1244.4 ms/update | 6583 tok/s
[train] 139/4096 | 1138688 tok | loss 6.8799 | lr 9.981e-04 | 1230.7 ms/update | 6656 tok/s
[train] 140/4096 | 1146880 tok | loss 6.6163 | lr 9.981e-04 | 1236.8 ms/update | 6623 tok/s
[train] 141/4096 | 1155072 tok | loss 6.1530 | lr 9.980e-04 | 1248.5 ms/update | 6562 tok/s
[train] 142/4096 | 1163264 tok | loss 6.3392 | lr 9.980e-04 | 1252.7 ms/update | 6539 tok/s
[train] 143/4096 | 1171456 tok | loss 6.6067 | lr 9.980e-04 | 1243.6 ms/update | 6587 tok/s
[train] 144/4096 | 1179648 tok | loss 6.5185 | lr 9.979e-04 | 1242.1 ms/update | 6595 tok/s
[train] 145/4096 | 1187840 tok | loss 6.7047 | lr 9.979e-04 | 1248.4 ms/update | 6562 tok/s
[train] 146/4096 | 1196032 tok | loss 6.7856 | lr 9.979e-04 | 1250.6 ms/update | 6550 tok/s
[train] 147/4096 | 1204224 tok | loss 6.8107 | lr 9.978e-04 | 1258.8 ms/update | 6508 tok/s
[train] 148/4096 | 1212416 tok | loss 6.7923 | lr 9.978e-04 | 1263.0 ms/update | 6486 tok/s
[train] 149/4096 | 1220608 tok | loss 6.7228 | lr 9.978e-04 | 1262.9 ms/update | 6487 tok/s
[train] 150/4096 | 1228800 tok | loss 6.2675 | lr 9.977e-04 | 1266.3 ms/update | 6469 tok/s
[train] 151/4096 | 1236992 tok | loss 6.5776 | lr 9.977e-04 | 1265.9 ms/update | 6471 tok/s
[train] 152/4096 | 1245184 tok | loss 6.6443 | lr 9.977e-04 | 1274.9 ms/update | 6426 tok/s
[train] 153/4096 | 1253376 tok | loss 6.6979 | lr 9.976e-04 | 1273.5 ms/update | 6433 tok/s
[train] 154/4096 | 1261568 tok | loss 6.6420 | lr 9.976e-04 | 1287.5 ms/update | 6363 tok/s
[train] 155/4096 | 1269760 tok | loss 6.7808 | lr 9.976e-04 | 1278.4 ms/update | 6408 tok/s
[train] 156/4096 | 1277952 tok | loss 7.0114 | lr 9.975e-04 | 1280.1 ms/update | 6400 tok/s
[train] 157/4096 | 1286144 tok | loss 6.4342 | lr 9.975e-04 | 1290.9 ms/update | 6346 tok/s
[train] 158/4096 | 1294336 tok | loss 6.5953 | lr 9.975e-04 | 1293.1 ms/update | 6335 tok/s
[train] 159/4096 | 1302528 tok | loss 6.4800 | lr 9.974e-04 | 1308.6 ms/update | 6260 tok/s
[train] 160/4096 | 1310720 tok | loss 6.2226 | lr 9.974e-04 | 1296.0 ms/update | 6321 tok/s
[train] 161/4096 | 1318912 tok | loss 6.3140 | lr 9.973e-04 | 1296.5 ms/update | 6319 tok/s
[train] 162/4096 | 1327104 tok | loss 6.4247 | lr 9.973e-04 | 1302.3 ms/update | 6291 tok/s
[train] 163/4096 | 1335296 tok | loss 6.4398 | lr 9.973e-04 | 1313.9 ms/update | 6235 tok/s
[train] 164/4096 | 1343488 tok | loss 6.6124 | lr 9.972e-04 | 1315.6 ms/update | 6227 tok/s
[train] 165/4096 | 1351680 tok | loss 6.5845 | lr 9.972e-04 | 1316.3 ms/update | 6224 tok/s
[train] 166/4096 | 1359872 tok | loss 6.2958 | lr 9.972e-04 | 1323.3 ms/update | 6191 tok/s
[train] 167/4096 | 1368064 tok | loss 6.4642 | lr 9.971e-04 | 1336.8 ms/update | 6128 tok/s
[train] 168/4096 | 1376256 tok | loss 6.6334 | lr 9.971e-04 | 1337.9 ms/update | 6123 tok/s
[train] 169/4096 | 1384448 tok | loss 6.5463 | lr 9.970e-04 | 1352.7 ms/update | 6056 tok/s
[train] 170/4096 | 1392640 tok | loss 6.2299 | lr 9.970e-04 | 1349.2 ms/update | 6072 tok/s
[train] 171/4096 | 1400832 tok | loss 6.5282 | lr 9.970e-04 | 1354.8 ms/update | 6047 tok/s
[train] 172/4096 | 1409024 tok | loss 6.5166 | lr 9.969e-04 | 1361.6 ms/update | 6017 tok/s
[train] 173/4096 | 1417216 tok | loss 6.4252 | lr 9.969e-04 | 1359.5 ms/update | 6026 tok/s
[train] 174/4096 | 1425408 tok | loss 6.6585 | lr 9.968e-04 | 1364.5 ms/update | 6004 tok/s
[train] 175/4096 | 1433600 tok | loss 6.6052 | lr 9.968e-04 | 1380.2 ms/update | 5936 tok/s
[train] 176/4096 | 1441792 tok | loss 6.5403 | lr 9.968e-04 | 1378.3 ms/update | 5943 tok/s
[train] 177/4096 | 1449984 tok | loss 6.5715 | lr 9.967e-04 | 1382.8 ms/update | 5924 tok/s
[train] 178/4096 | 1458176 tok | loss 6.4277 | lr 9.967e-04 | 1378.2 ms/update | 5944 tok/s
[train] 179/4096 | 1466368 tok | loss 6.0545 | lr 9.966e-04 | 1398.8 ms/update | 5856 tok/s
[train] 180/4096 | 1474560 tok | loss 6.4073 | lr 9.966e-04 | 1399.6 ms/update | 5853 tok/s
[train] 181/4096 | 1482752 tok | loss 6.3519 | lr 9.965e-04 | 1412.8 ms/update | 5799 tok/s
[train] 182/4096 | 1490944 tok | loss 6.5227 | lr 9.965e-04 | 1422.7 ms/update | 5758 tok/s
[train] 183/4096 | 1499136 tok | loss 6.2881 | lr 9.965e-04 | 1421.6 ms/update | 5763 tok/s
[train] 184/4096 | 1507328 tok | loss 6.2887 | lr 9.964e-04 | 1427.4 ms/update | 5739 tok/s
[train] 185/4096 | 1515520 tok | loss 6.8378 | lr 9.964e-04 | 1435.6 ms/update | 5706 tok/s
[train] 186/4096 | 1523712 tok | loss 6.5047 | lr 9.963e-04 | 1447.4 ms/update | 5660 tok/s
[train] 187/4096 | 1531904 tok | loss 6.2063 | lr 9.963e-04 | 1443.9 ms/update | 5673 tok/s
[train] 188/4096 | 1540096 tok | loss 6.2005 | lr 9.962e-04 | 1447.5 ms/update | 5660 tok/s
[train] 189/4096 | 1548288 tok | loss 6.4536 | lr 9.962e-04 | 1442.3 ms/update | 5680 tok/s
[train] 190/4096 | 1556480 tok | loss 6.2698 | lr 9.961e-04 | 1442.2 ms/update | 5680 tok/s
[train] 191/4096 | 1564672 tok | loss 6.5229 | lr 9.961e-04 | 1453.3 ms/update | 5637 tok/s
[train] 192/4096 | 1572864 tok | loss 6.4920 | lr 9.961e-04 | 1443.3 ms/update | 5676 tok/s
[train] 193/4096 | 1581056 tok | loss 6.2890 | lr 9.960e-04 | 1435.9 ms/update | 5705 tok/s
[train] 194/4096 | 1589248 tok | loss 6.2008 | lr 9.960e-04 | 1426.0 ms/update | 5745 tok/s
[train] 195/4096 | 1597440 tok | loss 6.4539 | lr 9.959e-04 | 1417.8 ms/update | 5778 tok/s
[train] 196/4096 | 1605632 tok | loss 6.3515 | lr 9.959e-04 | 1410.1 ms/update | 5809 tok/s
[train] 197/4096 | 1613824 tok | loss 6.5357 | lr 9.958e-04 | 1406.1 ms/update | 5826 tok/s
[train] 198/4096 | 1622016 tok | loss 6.4708 | lr 9.958e-04 | 1397.3 ms/update | 5863 tok/s
[train] 199/4096 | 1630208 tok | loss 6.1165 | lr 9.957e-04 | 1392.0 ms/update | 5885 tok/s
[train] 200/4096 | 1638400 tok | loss 6.3897 | lr 9.957e-04 | 1378.3 ms/update | 5944 tok/s
[train] 201/4096 | 1646592 tok | loss 6.6505 | lr 9.956e-04 | 1383.1 ms/update | 5923 tok/s
[train] 202/4096 | 1654784 tok | loss 6.5401 | lr 9.956e-04 | 1369.0 ms/update | 5984 tok/s
[train] 203/4096 | 1662976 tok | loss 6.5921 | lr 9.955e-04 | 1371.2 ms/update | 5974 tok/s
[train] 204/4096 | 1671168 tok | loss 6.4149 | lr 9.955e-04 | 1397.0 ms/update | 5864 tok/s
[train] 205/4096 | 1679360 tok | loss 5.9722 | lr 9.954e-04 | 1372.9 ms/update | 5967 tok/s
[train] 206/4096 | 1687552 tok | loss 6.2409 | lr 9.954e-04 | 1370.0 ms/update | 5980 tok/s
[train] 207/4096 | 1695744 tok | loss 6.4476 | lr 9.953e-04 | 1362.4 ms/update | 6013 tok/s
[train] 208/4096 | 1703936 tok | loss 6.3143 | lr 9.953e-04 | 1360.2 ms/update | 6023 tok/s
[train] 209/4096 | 1712128 tok | loss 6.6213 | lr 9.952e-04 | 1356.5 ms/update | 6039 tok/s
[train] 210/4096 | 1720320 tok | loss 6.5621 | lr 9.952e-04 | 1349.9 ms/update | 6068 tok/s
[train] 211/4096 | 1728512 tok | loss 6.3673 | lr 9.951e-04 | 1350.7 ms/update | 6065 tok/s
[train] 212/4096 | 1736704 tok | loss 6.2766 | lr 9.951e-04 | 1353.8 ms/update | 6051 tok/s
[train] 213/4096 | 1744896 tok | loss 6.5320 | lr 9.950e-04 | 1346.5 ms/update | 6084 tok/s
[train] 214/4096 | 1753088 tok | loss 6.2045 | lr 9.950e-04 | 1344.0 ms/update | 6095 tok/s
[train] 215/4096 | 1761280 tok | loss 6.4463 | lr 9.949e-04 | 1341.2 ms/update | 6108 tok/s
[train] 216/4096 | 1769472 tok | loss 6.4837 | lr 9.949e-04 | 1344.8 ms/update | 6091 tok/s
[train] 217/4096 | 1777664 tok | loss 6.2157 | lr 9.948e-04 | 1347.7 ms/update | 6078 tok/s
[train] 218/4096 | 1785856 tok | loss 6.6159 | lr 9.948e-04 | 1344.5 ms/update | 6093 tok/s
[train] 219/4096 | 1794048 tok | loss 6.3174 | lr 9.947e-04 | 1344.6 ms/update | 6093 tok/s
[train] 220/4096 | 1802240 tok | loss 6.3391 | lr 9.947e-04 | 1344.3 ms/update | 6094 tok/s
[train] 221/4096 | 1810432 tok | loss 6.2323 | lr 9.946e-04 | 1345.1 ms/update | 6090 tok/s
[train] 222/4096 | 1818624 tok | loss 6.2313 | lr 9.946e-04 | 1344.3 ms/update | 6094 tok/s
[train] 223/4096 | 1826816 tok | loss 6.4507 | lr 9.945e-04 | 1350.0 ms/update | 6068 tok/s
[train] 224/4096 | 1835008 tok | loss 6.1345 | lr 9.944e-04 | 1349.6 ms/update | 6070 tok/s
[train] 225/4096 | 1843200 tok | loss 6.4991 | lr 9.944e-04 | 1347.8 ms/update | 6078 tok/s
[train] 226/4096 | 1851392 tok | loss 6.4560 | lr 9.943e-04 | 1353.6 ms/update | 6052 tok/s
[train] 227/4096 | 1859584 tok | loss 6.3565 | lr 9.943e-04 | 1362.2 ms/update | 6014 tok/s
[train] 228/4096 | 1867776 tok | loss 6.2296 | lr 9.942e-04 | 1351.3 ms/update | 6062 tok/s
[train] 229/4096 | 1875968 tok | loss 6.4703 | lr 9.942e-04 | 1371.5 ms/update | 5973 tok/s
[train] 230/4096 | 1884160 tok | loss 6.4538 | lr 9.941e-04 | 1363.3 ms/update | 6009 tok/s
[train] 231/4096 | 1892352 tok | loss 6.5669 | lr 9.941e-04 | 1371.9 ms/update | 5971 tok/s
[train] 232/4096 | 1900544 tok | loss 6.2057 | lr 9.940e-04 | 1373.1 ms/update | 5966 tok/s
[train] 233/4096 | 1908736 tok | loss 6.2404 | lr 9.939e-04 | 1379.5 ms/update | 5938 tok/s
[train] 234/4096 | 1916928 tok | loss 6.4221 | lr 9.939e-04 | 1375.8 ms/update | 5954 tok/s
[train] 235/4096 | 1925120 tok | loss 6.2446 | lr 9.938e-04 | 1377.9 ms/update | 5945 tok/s
[train] 236/4096 | 1933312 tok | loss 5.9973 | lr 9.938e-04 | 1377.2 ms/update | 5948 tok/s
[train] 237/4096 | 1941504 tok | loss 6.1594 | lr 9.937e-04 | 1376.5 ms/update | 5951 tok/s
[train] 238/4096 | 1949696 tok | loss 6.1807 | lr 9.937e-04 | 1376.1 ms/update | 5953 tok/s
[train] 239/4096 | 1957888 tok | loss 6.2443 | lr 9.936e-04 | 1375.2 ms/update | 5957 tok/s
[train] 240/4096 | 1966080 tok | loss 5.9011 | lr 9.935e-04 | 1381.2 ms/update | 5931 tok/s
[train] 241/4096 | 1974272 tok | loss 6.2346 | lr 9.935e-04 | 1388.2 ms/update | 5901 tok/s
[train] 242/4096 | 1982464 tok | loss 6.3713 | lr 9.934e-04 | 1388.9 ms/update | 5898 tok/s
[train] 243/4096 | 1990656 tok | loss 6.2967 | lr 9.934e-04 | 1376.5 ms/update | 5951 tok/s
[train] 244/4096 | 1998848 tok | loss 6.2148 | lr 9.933e-04 | 1381.4 ms/update | 5930 tok/s
[train] 245/4096 | 2007040 tok | loss 6.3538 | lr 9.933e-04 | 1390.5 ms/update | 5891 tok/s
[train] 246/4096 | 2015232 tok | loss 6.3355 | lr 9.932e-04 | 1395.2 ms/update | 5871 tok/s
[train] 247/4096 | 2023424 tok | loss 6.1394 | lr 9.931e-04 | 1392.6 ms/update | 5883 tok/s
[train] 248/4096 | 2031616 tok | loss 6.1975 | lr 9.931e-04 | 1392.0 ms/update | 5885 tok/s
[train] 249/4096 | 2039808 tok | loss 6.0729 | lr 9.930e-04 | 1388.9 ms/update | 5898 tok/s
[train] 250/4096 | 2048000 tok | loss 6.1260 | lr 9.929e-04 | 1372.0 ms/update | 5971 tok/s
[train] 251/4096 | 2056192 tok | loss 6.0403 | lr 9.929e-04 | 1375.1 ms/update | 5957 tok/s
[train] 252/4096 | 2064384 tok | loss 6.3893 | lr 9.928e-04 | 1384.3 ms/update | 5918 tok/s
[train] 253/4096 | 2072576 tok | loss 6.2570 | lr 9.928e-04 | 1390.1 ms/update | 5893 tok/s
[train] 254/4096 | 2080768 tok | loss 6.2640 | lr 9.927e-04 | 1384.0 ms/update | 5919 tok/s
[train] 255/4096 | 2088960 tok | loss 6.4843 | lr 9.926e-04 | 1376.1 ms/update | 5953 tok/s
[train] 256/4096 | 2097152 tok | loss 5.9006 | lr 9.926e-04 | 1420.8 ms/update | 5766 tok/s
[eval] step 256 | val NLL 5.8468 | ppl 346.14 | 65536 tokens
[ckpt] latest.pt @ step 256
[train] 257/4096 | 2105344 tok | loss 6.0867 | lr 9.925e-04 | 1383.0 ms/update | 5923 tok/s
[train] 258/4096 | 2113536 tok | loss 6.3476 | lr 9.924e-04 | 1381.2 ms/update | 5931 tok/s
[train] 259/4096 | 2121728 tok | loss 6.1907 | lr 9.924e-04 | 1374.1 ms/update | 5962 tok/s
[train] 260/4096 | 2129920 tok | loss 6.4477 | lr 9.923e-04 | 1373.3 ms/update | 5965 tok/s
[train] 261/4096 | 2138112 tok | loss 6.2491 | lr 9.923e-04 | 1373.7 ms/update | 5963 tok/s
[train] 262/4096 | 2146304 tok | loss 6.3238 | lr 9.922e-04 | 1378.0 ms/update | 5945 tok/s
[train] 263/4096 | 2154496 tok | loss 6.4058 | lr 9.921e-04 | 1371.0 ms/update | 5975 tok/s
[train] 264/4096 | 2162688 tok | loss 5.9391 | lr 9.921e-04 | 1376.1 ms/update | 5953 tok/s
[train] 265/4096 | 2170880 tok | loss 6.3942 | lr 9.920e-04 | 1374.0 ms/update | 5962 tok/s
[train] 266/4096 | 2179072 tok | loss 6.0688 | lr 9.919e-04 | 1376.2 ms/update | 5952 tok/s
[train] 267/4096 | 2187264 tok | loss 6.3191 | lr 9.919e-04 | 1372.7 ms/update | 5968 tok/s
[train] 268/4096 | 2195456 tok | loss 5.8493 | lr 9.918e-04 | 1377.2 ms/update | 5948 tok/s
[train] 269/4096 | 2203648 tok | loss 6.0455 | lr 9.917e-04 | 1370.0 ms/update | 5980 tok/s
[train] 270/4096 | 2211840 tok | loss 6.2841 | lr 9.917e-04 | 1372.2 ms/update | 5970 tok/s
[train] 271/4096 | 2220032 tok | loss 6.2801 | lr 9.916e-04 | 1368.8 ms/update | 5985 tok/s
[train] 272/4096 | 2228224 tok | loss 6.0848 | lr 9.915e-04 | 1368.5 ms/update | 5986 tok/s
[train] 273/4096 | 2236416 tok | loss 6.2104 | lr 9.915e-04 | 1376.6 ms/update | 5951 tok/s
[train] 274/4096 | 2244608 tok | loss 6.4439 | lr 9.914e-04 | 1379.5 ms/update | 5939 tok/s
[train] 275/4096 | 2252800 tok | loss 6.2750 | lr 9.913e-04 | 1378.5 ms/update | 5943 tok/s
[train] 276/4096 | 2260992 tok | loss 6.1764 | lr 9.913e-04 | 1366.3 ms/update | 5996 tok/s
[train] 277/4096 | 2269184 tok | loss 6.2268 | lr 9.912e-04 | 1361.4 ms/update | 6017 tok/s
[train] 278/4096 | 2277376 tok | loss 5.8938 | lr 9.911e-04 | 1376.1 ms/update | 5953 tok/s
[train] 279/4096 | 2285568 tok | loss 6.0269 | lr 9.911e-04 | 1373.9 ms/update | 5963 tok/s
[train] 280/4096 | 2293760 tok | loss 6.3253 | lr 9.910e-04 | 1377.3 ms/update | 5948 tok/s
[train] 281/4096 | 2301952 tok | loss 6.1943 | lr 9.909e-04 | 1371.7 ms/update | 5972 tok/s
[train] 282/4096 | 2310144 tok | loss 6.2896 | lr 9.909e-04 | 1367.7 ms/update | 5990 tok/s
[train] 283/4096 | 2318336 tok | loss 6.3494 | lr 9.908e-04 | 1369.4 ms/update | 5982 tok/s
[train] 284/4096 | 2326528 tok | loss 6.0609 | lr 9.907e-04 | 1371.5 ms/update | 5973 tok/s
[train] 285/4096 | 2334720 tok | loss 6.3094 | lr 9.906e-04 | 1377.9 ms/update | 5945 tok/s
[train] 286/4096 | 2342912 tok | loss 6.4077 | lr 9.906e-04 | 1377.5 ms/update | 5947 tok/s
[train] 287/4096 | 2351104 tok | loss 6.0024 | lr 9.905e-04 | 1373.9 ms/update | 5963 tok/s
[train] 288/4096 | 2359296 tok | loss 6.0919 | lr 9.904e-04 | 1373.3 ms/update | 5965 tok/s
[train] 289/4096 | 2367488 tok | loss 6.1538 | lr 9.904e-04 | 1372.7 ms/update | 5968 tok/s
[train] 290/4096 | 2375680 tok | loss 6.0969 | lr 9.903e-04 | 1387.6 ms/update | 5904 tok/s
[train] 291/4096 | 2383872 tok | loss 6.3466 | lr 9.902e-04 | 1367.6 ms/update | 5990 tok/s
[train] 292/4096 | 2392064 tok | loss 6.4708 | lr 9.901e-04 | 1368.6 ms/update | 5986 tok/s
[train] 293/4096 | 2400256 tok | loss 6.0756 | lr 9.901e-04 | 1374.1 ms/update | 5962 tok/s
[train] 294/4096 | 2408448 tok | loss 6.3409 | lr 9.900e-04 | 1374.9 ms/update | 5958 tok/s
[train] 295/4096 | 2416640 tok | loss 6.2853 | lr 9.899e-04 | 1368.5 ms/update | 5986 tok/s
[train] 296/4096 | 2424832 tok | loss 6.0773 | lr 9.899e-04 | 1378.0 ms/update | 5945 tok/s
[train] 297/4096 | 2433024 tok | loss 6.1451 | lr 9.898e-04 | 1389.8 ms/update | 5894 tok/s
[train] 298/4096 | 2441216 tok | loss 5.9568 | lr 9.897e-04 | 1373.8 ms/update | 5963 tok/s
[train] 299/4096 | 2449408 tok | loss 5.9098 | lr 9.896e-04 | 1368.5 ms/update | 5986 tok/s
[train] 300/4096 | 2457600 tok | loss 6.3980 | lr 9.896e-04 | 1372.1 ms/update | 5970 tok/s
[train] 301/4096 | 2465792 tok | loss 6.1254 | lr 9.895e-04 | 1380.1 ms/update | 5936 tok/s
[train] 302/4096 | 2473984 tok | loss 6.4199 | lr 9.894e-04 | 1372.0 ms/update | 5971 tok/s
[train] 303/4096 | 2482176 tok | loss 6.2062 | lr 9.893e-04 | 1374.4 ms/update | 5961 tok/s
[train] 304/4096 | 2490368 tok | loss 6.2484 | lr 9.893e-04 | 1375.5 ms/update | 5956 tok/s
[train] 305/4096 | 2498560 tok | loss 6.5577 | lr 9.892e-04 | 1379.0 ms/update | 5941 tok/s
[train] 306/4096 | 2506752 tok | loss 6.4036 | lr 9.891e-04 | 1383.5 ms/update | 5921 tok/s
[train] 307/4096 | 2514944 tok | loss 6.1298 | lr 9.890e-04 | 1372.4 ms/update | 5969 tok/s
[train] 308/4096 | 2523136 tok | loss 6.3020 | lr 9.890e-04 | 1379.9 ms/update | 5936 tok/s
[train] 309/4096 | 2531328 tok | loss 6.2766 | lr 9.889e-04 | 1373.3 ms/update | 5965 tok/s
[train] 310/4096 | 2539520 tok | loss 6.3162 | lr 9.888e-04 | 1372.3 ms/update | 5970 tok/s
[train] 311/4096 | 2547712 tok | loss 6.0990 | lr 9.887e-04 | 1374.8 ms/update | 5959 tok/s
[train] 312/4096 | 2555904 tok | loss 6.1925 | lr 9.887e-04 | 1372.2 ms/update | 5970 tok/s
[train] 313/4096 | 2564096 tok | loss 6.1065 | lr 9.886e-04 | 1381.5 ms/update | 5930 tok/s
[train] 314/4096 | 2572288 tok | loss 6.0158 | lr 9.885e-04 | 1367.3 ms/update | 5991 tok/s
[train] 315/4096 | 2580480 tok | loss 6.0554 | lr 9.884e-04 | 1368.6 ms/update | 5986 tok/s
[train] 316/4096 | 2588672 tok | loss 6.3774 | lr 9.883e-04 | 1377.2 ms/update | 5948 tok/s
[train] 317/4096 | 2596864 tok | loss 6.0805 | lr 9.883e-04 | 1367.9 ms/update | 5989 tok/s
[train] 318/4096 | 2605056 tok | loss 6.3249 | lr 9.882e-04 | 1395.2 ms/update | 5871 tok/s
[train] 319/4096 | 2613248 tok | loss 6.0842 | lr 9.881e-04 | 1388.3 ms/update | 5901 tok/s
[train] 320/4096 | 2621440 tok | loss 5.8507 | lr 9.880e-04 | 1368.4 ms/update | 5987 tok/s
[train] 321/4096 | 2629632 tok | loss 6.1268 | lr 9.879e-04 | 1375.8 ms/update | 5955 tok/s
[train] 322/4096 | 2637824 tok | loss 6.1007 | lr 9.879e-04 | 1388.3 ms/update | 5901 tok/s
[train] 323/4096 | 2646016 tok | loss 6.1772 | lr 9.878e-04 | 1363.5 ms/update | 6008 tok/s
[train] 324/4096 | 2654208 tok | loss 5.7671 | lr 9.877e-04 | 1375.2 ms/update | 5957 tok/s
[train] 325/4096 | 2662400 tok | loss 6.0104 | lr 9.876e-04 | 1379.0 ms/update | 5940 tok/s
[train] 326/4096 | 2670592 tok | loss 6.0699 | lr 9.875e-04 | 1387.0 ms/update | 5906 tok/s
[train] 327/4096 | 2678784 tok | loss 6.2898 | lr 9.875e-04 | 1377.7 ms/update | 5946 tok/s
[train] 328/4096 | 2686976 tok | loss 6.1104 | lr 9.874e-04 | 1382.7 ms/update | 5925 tok/s
[train] 329/4096 | 2695168 tok | loss 6.3001 | lr 9.873e-04 | 1370.1 ms/update | 5979 tok/s
[train] 330/4096 | 2703360 tok | loss 6.2252 | lr 9.872e-04 | 1372.6 ms/update | 5968 tok/s
[train] 331/4096 | 2711552 tok | loss 6.2492 | lr 9.871e-04 | 1374.6 ms/update | 5959 tok/s
[train] 332/4096 | 2719744 tok | loss 6.1086 | lr 9.871e-04 | 1378.6 ms/update | 5942 tok/s
[train] 333/4096 | 2727936 tok | loss 6.1606 | lr 9.870e-04 | 1381.6 ms/update | 5929 tok/s
[train] 334/4096 | 2736128 tok | loss 5.5769 | lr 9.869e-04 | 1371.9 ms/update | 5971 tok/s
[train] 335/4096 | 2744320 tok | loss 6.3639 | lr 9.868e-04 | 1369.7 ms/update | 5981 tok/s
[train] 336/4096 | 2752512 tok | loss 6.1056 | lr 9.867e-04 | 1379.7 ms/update | 5938 tok/s
[train] 337/4096 | 2760704 tok | loss 6.1579 | lr 9.866e-04 | 1374.9 ms/update | 5958 tok/s
[train] 338/4096 | 2768896 tok | loss 6.0672 | lr 9.866e-04 | 1376.7 ms/update | 5950 tok/s
[train] 339/4096 | 2777088 tok | loss 6.2750 | lr 9.865e-04 | 1373.9 ms/update | 5962 tok/s
[train] 340/4096 | 2785280 tok | loss 6.3032 | lr 9.864e-04 | 1375.3 ms/update | 5957 tok/s
[train] 341/4096 | 2793472 tok | loss 6.0634 | lr 9.863e-04 | 1374.4 ms/update | 5960 tok/s
[train] 342/4096 | 2801664 tok | loss 6.0573 | lr 9.862e-04 | 1380.2 ms/update | 5935 tok/s
[train] 343/4096 | 2809856 tok | loss 6.3308 | lr 9.861e-04 | 1367.9 ms/update | 5989 tok/s
[train] 344/4096 | 2818048 tok | loss 5.9373 | lr 9.860e-04 | 1374.4 ms/update | 5960 tok/s
[train] 345/4096 | 2826240 tok | loss 6.0977 | lr 9.860e-04 | 1377.4 ms/update | 5947 tok/s
[train] 346/4096 | 2834432 tok | loss 6.2250 | lr 9.859e-04 | 1373.8 ms/update | 5963 tok/s
[train] 347/4096 | 2842624 tok | loss 5.9197 | lr 9.858e-04 | 1376.9 ms/update | 5950 tok/s
[train] 348/4096 | 2850816 tok | loss 6.2552 | lr 9.857e-04 | 1379.2 ms/update | 5940 tok/s
[train] 349/4096 | 2859008 tok | loss 6.2315 | lr 9.856e-04 | 1367.5 ms/update | 5990 tok/s
[train] 350/4096 | 2867200 tok | loss 6.0160 | lr 9.855e-04 | 1374.9 ms/update | 5958 tok/s
[train] 351/4096 | 2875392 tok | loss 5.7700 | lr 9.854e-04 | 1373.2 ms/update | 5966 tok/s
[train] 352/4096 | 2883584 tok | loss 6.0711 | lr 9.853e-04 | 1374.6 ms/update | 5959 tok/s
[train] 353/4096 | 2891776 tok | loss 6.2155 | lr 9.853e-04 | 1375.5 ms/update | 5956 tok/s
[train] 354/4096 | 2899968 tok | loss 6.0913 | lr 9.852e-04 | 1371.2 ms/update | 5974 tok/s
[train] 355/4096 | 2908160 tok | loss 5.8833 | lr 9.851e-04 | 1385.5 ms/update | 5913 tok/s
[train] 356/4096 | 2916352 tok | loss 6.0173 | lr 9.850e-04 | 1380.0 ms/update | 5936 tok/s
[train] 357/4096 | 2924544 tok | loss 5.7907 | lr 9.849e-04 | 1376.4 ms/update | 5952 tok/s
[train] 358/4096 | 2932736 tok | loss 6.1467 | lr 9.848e-04 | 1375.5 ms/update | 5956 tok/s
[train] 359/4096 | 2940928 tok | loss 5.9159 | lr 9.847e-04 | 1378.4 ms/update | 5943 tok/s
[train] 360/4096 | 2949120 tok | loss 6.2286 | lr 9.846e-04 | 1372.1 ms/update | 5970 tok/s
[train] 361/4096 | 2957312 tok | loss 5.8479 | lr 9.845e-04 | 1369.4 ms/update | 5982 tok/s
[train] 362/4096 | 2965504 tok | loss 5.9157 | lr 9.845e-04 | 1378.4 ms/update | 5943 tok/s
[train] 363/4096 | 2973696 tok | loss 6.3841 | lr 9.844e-04 | 1373.3 ms/update | 5965 tok/s
[train] 364/4096 | 2981888 tok | loss 6.1195 | lr 9.843e-04 | 1373.3 ms/update | 5965 tok/s
[train] 365/4096 | 2990080 tok | loss 6.2072 | lr 9.842e-04 | 1371.1 ms/update | 5975 tok/s
[train] 366/4096 | 2998272 tok | loss 5.9455 | lr 9.841e-04 | 1375.9 ms/update | 5954 tok/s
[train] 367/4096 | 3006464 tok | loss 5.6578 | lr 9.840e-04 | 1373.1 ms/update | 5966 tok/s
[train] 368/4096 | 3014656 tok | loss 5.8500 | lr 9.839e-04 | 1378.7 ms/update | 5942 tok/s
[train] 369/4096 | 3022848 tok | loss 5.8968 | lr 9.838e-04 | 1370.0 ms/update | 5980 tok/s
[train] 370/4096 | 3031040 tok | loss 5.9199 | lr 9.837e-04 | 1374.4 ms/update | 5961 tok/s
[train] 371/4096 | 3039232 tok | loss 5.9927 | lr 9.836e-04 | 1379.3 ms/update | 5939 tok/s
[train] 372/4096 | 3047424 tok | loss 6.2660 | lr 9.835e-04 | 1374.0 ms/update | 5962 tok/s
[train] 373/4096 | 3055616 tok | loss 6.1948 | lr 9.834e-04 | 1378.8 ms/update | 5941 tok/s
[train] 374/4096 | 3063808 tok | loss 6.1819 | lr 9.834e-04 | 1375.3 ms/update | 5956 tok/s
[train] 375/4096 | 3072000 tok | loss 6.1792 | lr 9.833e-04 | 1386.8 ms/update | 5907 tok/s
[train] 376/4096 | 3080192 tok | loss 6.1053 | lr 9.832e-04 | 1393.8 ms/update | 5877 tok/s
[train] 377/4096 | 3088384 tok | loss 6.0107 | lr 9.831e-04 | 1380.0 ms/update | 5936 tok/s
[train] 378/4096 | 3096576 tok | loss 6.2304 | lr 9.830e-04 | 1393.2 ms/update | 5880 tok/s
[train] 379/4096 | 3104768 tok | loss 5.7737 | lr 9.829e-04 | 1395.2 ms/update | 5872 tok/s
[train] 380/4096 | 3112960 tok | loss 6.0930 | lr 9.828e-04 | 1393.9 ms/update | 5877 tok/s
[train] 381/4096 | 3121152 tok | loss 6.0220 | lr 9.827e-04 | 1366.8 ms/update | 5994 tok/s
[train] 382/4096 | 3129344 tok | loss 6.0660 | lr 9.826e-04 | 1377.2 ms/update | 5948 tok/s
[train] 383/4096 | 3137536 tok | loss 6.2238 | lr 9.825e-04 | 1366.3 ms/update | 5996 tok/s
[train] 384/4096 | 3145728 tok | loss 5.9709 | lr 9.824e-04 | 1387.2 ms/update | 5905 tok/s
[eval] step 384 | val NLL 5.6869 | ppl 294.99 | 65536 tokens
[ckpt] latest.pt @ step 384
[train] 385/4096 | 3153920 tok | loss 5.8181 | lr 9.823e-04 | 1375.2 ms/update | 5957 tok/s
[train] 386/4096 | 3162112 tok | loss 6.0503 | lr 9.822e-04 | 1379.6 ms/update | 5938 tok/s
[train] 387/4096 | 3170304 tok | loss 5.9321 | lr 9.821e-04 | 1374.1 ms/update | 5962 tok/s
[train] 388/4096 | 3178496 tok | loss 5.9364 | lr 9.820e-04 | 1376.2 ms/update | 5953 tok/s
[train] 389/4096 | 3186688 tok | loss 6.1295 | lr 9.819e-04 | 1383.1 ms/update | 5923 tok/s
[train] 390/4096 | 3194880 tok | loss 5.7821 | lr 9.818e-04 | 1366.8 ms/update | 5993 tok/s
[train] 391/4096 | 3203072 tok | loss 5.9813 | lr 9.817e-04 | 1371.1 ms/update | 5975 tok/s
[train] 392/4096 | 3211264 tok | loss 6.1735 | lr 9.816e-04 | 1371.7 ms/update | 5972 tok/s
[train] 393/4096 | 3219456 tok | loss 6.0615 | lr 9.815e-04 | 1372.5 ms/update | 5969 tok/s
[train] 394/4096 | 3227648 tok | loss 6.1080 | lr 9.814e-04 | 1376.4 ms/update | 5952 tok/s
[train] 395/4096 | 3235840 tok | loss 6.2136 | lr 9.813e-04 | 1374.6 ms/update | 5959 tok/s
[train] 396/4096 | 3244032 tok | loss 6.2719 | lr 9.812e-04 | 1382.1 ms/update | 5927 tok/s
[train] 397/4096 | 3252224 tok | loss 5.7794 | lr 9.811e-04 | 1365.5 ms/update | 5999 tok/s
[train] 398/4096 | 3260416 tok | loss 5.9086 | lr 9.810e-04 | 1375.2 ms/update | 5957 tok/s
[train] 399/4096 | 3268608 tok | loss 6.3067 | lr 9.809e-04 | 1381.8 ms/update | 5928 tok/s
[train] 400/4096 | 3276800 tok | loss 5.9089 | lr 9.808e-04 | 1369.8 ms/update | 5980 tok/s
[train] 401/4096 | 3284992 tok | loss 5.7424 | lr 9.807e-04 | 1378.5 ms/update | 5943 tok/s
[train] 402/4096 | 3293184 tok | loss 6.1775 | lr 9.806e-04 | 1373.1 ms/update | 5966 tok/s
[train] 403/4096 | 3301376 tok | loss 6.2243 | lr 9.805e-04 | 1373.7 ms/update | 5963 tok/s
[train] 404/4096 | 3309568 tok | loss 5.8833 | lr 9.804e-04 | 1373.0 ms/update | 5966 tok/s
[train] 405/4096 | 3317760 tok | loss 6.3035 | lr 9.803e-04 | 1372.7 ms/update | 5968 tok/s
[train] 406/4096 | 3325952 tok | loss 5.6739 | lr 9.802e-04 | 1384.7 ms/update | 5916 tok/s
[train] 407/4096 | 3334144 tok | loss 5.9327 | lr 9.801e-04 | 1385.0 ms/update | 5915 tok/s
[train] 408/4096 | 3342336 tok | loss 5.7924 | lr 9.800e-04 | 1376.0 ms/update | 5954 tok/s
[train] 409/4096 | 3350528 tok | loss 5.8546 | lr 9.799e-04 | 1373.5 ms/update | 5964 tok/s
[train] 410/4096 | 3358720 tok | loss 5.9037 | lr 9.798e-04 | 1377.2 ms/update | 5948 tok/s
[train] 411/4096 | 3366912 tok | loss 5.8069 | lr 9.797e-04 | 1369.0 ms/update | 5984 tok/s
[train] 412/4096 | 3375104 tok | loss 5.8380 | lr 9.796e-04 | 1369.8 ms/update | 5980 tok/s
[train] 413/4096 | 3383296 tok | loss 6.1100 | lr 9.795e-04 | 1377.6 ms/update | 5947 tok/s
[train] 414/4096 | 3391488 tok | loss 5.9655 | lr 9.794e-04 | 1372.2 ms/update | 5970 tok/s
[train] 415/4096 | 3399680 tok | loss 6.0017 | lr 9.793e-04 | 1374.4 ms/update | 5960 tok/s
[train] 416/4096 | 3407872 tok | loss 6.0709 | lr 9.792e-04 | 1373.2 ms/update | 5965 tok/s
[train] 417/4096 | 3416064 tok | loss 6.1681 | lr 9.791e-04 | 1374.9 ms/update | 5958 tok/s
[train] 418/4096 | 3424256 tok | loss 5.9059 | lr 9.790e-04 | 1383.4 ms/update | 5922 tok/s
[train] 419/4096 | 3432448 tok | loss 5.8896 | lr 9.789e-04 | 1375.9 ms/update | 5954 tok/s
[train] 420/4096 | 3440640 tok | loss 6.0451 | lr 9.788e-04 | 1375.1 ms/update | 5957 tok/s
[train] 421/4096 | 3448832 tok | loss 6.0014 | lr 9.787e-04 | 1384.8 ms/update | 5915 tok/s
[train] 422/4096 | 3457024 tok | loss 5.9456 | lr 9.786e-04 | 1380.1 ms/update | 5936 tok/s
[train] 423/4096 | 3465216 tok | loss 6.1329 | lr 9.785e-04 | 1374.7 ms/update | 5959 tok/s
[train] 424/4096 | 3473408 tok | loss 6.0993 | lr 9.784e-04 | 1377.7 ms/update | 5946 tok/s
[train] 425/4096 | 3481600 tok | loss 6.2297 | lr 9.783e-04 | 1383.7 ms/update | 5920 tok/s
[train] 426/4096 | 3489792 tok | loss 6.1998 | lr 9.781e-04 | 1384.9 ms/update | 5915 tok/s
[train] 427/4096 | 3497984 tok | loss 6.2473 | lr 9.780e-04 | 1372.0 ms/update | 5971 tok/s
[train] 428/4096 | 3506176 tok | loss 5.9077 | lr 9.779e-04 | 1375.1 ms/update | 5957 tok/s
[train] 429/4096 | 3514368 tok | loss 6.1621 | lr 9.778e-04 | 1371.8 ms/update | 5972 tok/s
[train] 430/4096 | 3522560 tok | loss 6.0899 | lr 9.777e-04 | 1375.1 ms/update | 5957 tok/s
[train] 431/4096 | 3530752 tok | loss 5.9617 | lr 9.776e-04 | 1379.3 ms/update | 5939 tok/s
[train] 432/4096 | 3538944 tok | loss 6.3134 | lr 9.775e-04 | 1369.2 ms/update | 5983 tok/s
[train] 433/4096 | 3547136 tok | loss 6.1679 | lr 9.774e-04 | 1372.7 ms/update | 5968 tok/s
[train] 434/4096 | 3555328 tok | loss 6.1881 | lr 9.773e-04 | 1377.7 ms/update | 5946 tok/s
[train] 435/4096 | 3563520 tok | loss 6.1545 | lr 9.772e-04 | 1370.1 ms/update | 5979 tok/s
[train] 436/4096 | 3571712 tok | loss 5.7767 | lr 9.771e-04 | 1373.8 ms/update | 5963 tok/s
[train] 437/4096 | 3579904 tok | loss 5.7445 | lr 9.770e-04 | 1374.6 ms/update | 5959 tok/s
[train] 438/4096 | 3588096 tok | loss 5.9932 | lr 9.768e-04 | 1375.3 ms/update | 5956 tok/s
[train] 439/4096 | 3596288 tok | loss 5.9323 | lr 9.767e-04 | 1375.9 ms/update | 5954 tok/s
[train] 440/4096 | 3604480 tok | loss 5.8789 | lr 9.766e-04 | 1376.2 ms/update | 5953 tok/s
[train] 441/4096 | 3612672 tok | loss 5.7166 | lr 9.765e-04 | 1372.7 ms/update | 5968 tok/s
[train] 442/4096 | 3620864 tok | loss 6.0958 | lr 9.764e-04 | 1375.8 ms/update | 5954 tok/s
[train] 443/4096 | 3629056 tok | loss 6.1132 | lr 9.763e-04 | 1374.4 ms/update | 5960 tok/s
[train] 444/4096 | 3637248 tok | loss 5.8699 | lr 9.762e-04 | 1373.6 ms/update | 5964 tok/s
[train] 445/4096 | 3645440 tok | loss 6.0960 | lr 9.761e-04 | 1374.0 ms/update | 5962 tok/s
[train] 446/4096 | 3653632 tok | loss 5.9641 | lr 9.760e-04 | 1372.0 ms/update | 5971 tok/s
[train] 447/4096 | 3661824 tok | loss 5.8878 | lr 9.758e-04 | 1390.3 ms/update | 5892 tok/s
[train] 448/4096 | 3670016 tok | loss 6.3688 | lr 9.757e-04 | 1374.1 ms/update | 5962 tok/s
[train] 449/4096 | 3678208 tok | loss 6.0157 | lr 9.756e-04 | 1376.7 ms/update | 5951 tok/s
[train] 450/4096 | 3686400 tok | loss 5.9455 | lr 9.755e-04 | 1376.9 ms/update | 5950 tok/s
[train] 451/4096 | 3694592 tok | loss 6.0037 | lr 9.754e-04 | 1376.2 ms/update | 5953 tok/s
[train] 452/4096 | 3702784 tok | loss 6.0571 | lr 9.753e-04 | 1377.5 ms/update | 5947 tok/s
[train] 453/4096 | 3710976 tok | loss 6.2028 | lr 9.752e-04 | 1368.0 ms/update | 5988 tok/s
[train] 454/4096 | 3719168 tok | loss 6.0627 | lr 9.751e-04 | 1380.7 ms/update | 5933 tok/s
[train] 455/4096 | 3727360 tok | loss 5.8416 | lr 9.749e-04 | 1369.3 ms/update | 5982 tok/s
[train] 456/4096 | 3735552 tok | loss 5.8668 | lr 9.748e-04 | 1372.0 ms/update | 5971 tok/s
[train] 457/4096 | 3743744 tok | loss 6.1829 | lr 9.747e-04 | 1372.7 ms/update | 5968 tok/s
[train] 458/4096 | 3751936 tok | loss 6.1020 | lr 9.746e-04 | 1371.6 ms/update | 5973 tok/s
[train] 459/4096 | 3760128 tok | loss 6.0183 | lr 9.745e-04 | 1375.3 ms/update | 5957 tok/s
[train] 460/4096 | 3768320 tok | loss 6.0791 | lr 9.744e-04 | 1375.2 ms/update | 5957 tok/s
[train] 461/4096 | 3776512 tok | loss 5.8175 | lr 9.743e-04 | 1374.8 ms/update | 5959 tok/s
[train] 462/4096 | 3784704 tok | loss 6.2750 | lr 9.741e-04 | 1372.4 ms/update | 5969 tok/s
[train] 463/4096 | 3792896 tok | loss 5.9178 | lr 9.740e-04 | 1361.5 ms/update | 6017 tok/s
[train] 464/4096 | 3801088 tok | loss 6.0776 | lr 9.739e-04 | 1374.1 ms/update | 5962 tok/s
[train] 465/4096 | 3809280 tok | loss 5.5061 | lr 9.738e-04 | 1374.2 ms/update | 5961 tok/s
[train] 466/4096 | 3817472 tok | loss 5.6572 | lr 9.737e-04 | 1379.7 ms/update | 5937 tok/s
[train] 467/4096 | 3825664 tok | loss 5.9380 | lr 9.736e-04 | 1375.4 ms/update | 5956 tok/s
[train] 468/4096 | 3833856 tok | loss 5.7925 | lr 9.734e-04 | 1377.6 ms/update | 5947 tok/s
[train] 469/4096 | 3842048 tok | loss 6.0208 | lr 9.733e-04 | 1386.1 ms/update | 5910 tok/s
[train] 470/4096 | 3850240 tok | loss 6.1699 | lr 9.732e-04 | 1368.6 ms/update | 5986 tok/s
[train] 471/4096 | 3858432 tok | loss 5.8802 | lr 9.731e-04 | 1376.2 ms/update | 5953 tok/s
[train] 472/4096 | 3866624 tok | loss 6.1269 | lr 9.730e-04 | 1375.4 ms/update | 5956 tok/s
[train] 473/4096 | 3874816 tok | loss 6.0861 | lr 9.728e-04 | 1374.8 ms/update | 5959 tok/s
[train] 474/4096 | 3883008 tok | loss 6.2327 | lr 9.727e-04 | 1380.2 ms/update | 5935 tok/s
[train] 475/4096 | 3891200 tok | loss 5.8668 | lr 9.726e-04 | 1375.3 ms/update | 5956 tok/s
[train] 476/4096 | 3899392 tok | loss 5.9384 | lr 9.725e-04 | 1379.7 ms/update | 5938 tok/s
[train] 477/4096 | 3907584 tok | loss 5.6953 | lr 9.724e-04 | 1369.3 ms/update | 5983 tok/s
[train] 478/4096 | 3915776 tok | loss 5.8135 | lr 9.723e-04 | 1379.2 ms/update | 5940 tok/s
[train] 479/4096 | 3923968 tok | loss 5.8951 | lr 9.721e-04 | 1370.0 ms/update | 5980 tok/s
[train] 480/4096 | 3932160 tok | loss 6.1030 | lr 9.720e-04 | 1382.1 ms/update | 5927 tok/s
[train] 481/4096 | 3940352 tok | loss 5.9473 | lr 9.719e-04 | 1369.6 ms/update | 5981 tok/s
[train] 482/4096 | 3948544 tok | loss 5.9336 | lr 9.718e-04 | 1374.1 ms/update | 5962 tok/s
[train] 483/4096 | 3956736 tok | loss 5.9043 | lr 9.716e-04 | 1380.4 ms/update | 5935 tok/s
[train] 484/4096 | 3964928 tok | loss 6.0708 | lr 9.715e-04 | 1382.7 ms/update | 5925 tok/s
[train] 485/4096 | 3973120 tok | loss 6.1073 | lr 9.714e-04 | 1379.6 ms/update | 5938 tok/s
[train] 486/4096 | 3981312 tok | loss 5.7734 | lr 9.713e-04 | 1374.2 ms/update | 5961 tok/s
[train] 487/4096 | 3989504 tok | loss 5.9139 | lr 9.712e-04 | 1377.9 ms/update | 5945 tok/s
[train] 488/4096 | 3997696 tok | loss 6.0132 | lr 9.710e-04 | 1373.5 ms/update | 5964 tok/s
[train] 489/4096 | 4005888 tok | loss 6.1836 | lr 9.709e-04 | 1373.4 ms/update | 5965 tok/s
[train] 490/4096 | 4014080 tok | loss 6.1812 | lr 9.708e-04 | 1376.6 ms/update | 5951 tok/s
[train] 491/4096 | 4022272 tok | loss 6.0066 | lr 9.707e-04 | 1373.3 ms/update | 5965 tok/s
[train] 492/4096 | 4030464 tok | loss 5.8779 | lr 9.705e-04 | 1375.1 ms/update | 5958 tok/s
[train] 493/4096 | 4038656 tok | loss 5.7378 | lr 9.704e-04 | 1370.2 ms/update | 5979 tok/s
[train] 494/4096 | 4046848 tok | loss 5.8531 | lr 9.703e-04 | 1377.5 ms/update | 5947 tok/s
[train] 495/4096 | 4055040 tok | loss 5.7979 | lr 9.702e-04 | 1374.5 ms/update | 5960 tok/s
[train] 496/4096 | 4063232 tok | loss 5.6429 | lr 9.701e-04 | 1371.1 ms/update | 5975 tok/s
[train] 497/4096 | 4071424 tok | loss 5.9087 | lr 9.699e-04 | 1383.7 ms/update | 5920 tok/s
[train] 498/4096 | 4079616 tok | loss 5.9318 | lr 9.698e-04 | 1387.7 ms/update | 5903 tok/s
[train] 499/4096 | 4087808 tok | loss 5.9582 | lr 9.697e-04 | 1385.2 ms/update | 5914 tok/s
[train] 500/4096 | 4096000 tok | loss 5.9478 | lr 9.696e-04 | 1379.9 ms/update | 5937 tok/s
[train] 501/4096 | 4104192 tok | loss 5.6456 | lr 9.694e-04 | 1396.9 ms/update | 5864 tok/s
[train] 502/4096 | 4112384 tok | loss 5.9812 | lr 9.693e-04 | 1379.6 ms/update | 5938 tok/s
[train] 503/4096 | 4120576 tok | loss 6.0733 | lr 9.692e-04 | 1369.7 ms/update | 5981 tok/s
[train] 504/4096 | 4128768 tok | loss 6.0239 | lr 9.690e-04 | 1370.3 ms/update | 5978 tok/s
[train] 505/4096 | 4136960 tok | loss 6.2356 | lr 9.689e-04 | 1380.0 ms/update | 5936 tok/s
[train] 506/4096 | 4145152 tok | loss 5.4847 | lr 9.688e-04 | 1369.2 ms/update | 5983 tok/s
[train] 507/4096 | 4153344 tok | loss 5.5104 | lr 9.687e-04 | 1375.9 ms/update | 5954 tok/s
[train] 508/4096 | 4161536 tok | loss 5.7687 | lr 9.685e-04 | 1378.6 ms/update | 5942 tok/s
[train] 509/4096 | 4169728 tok | loss 5.8255 | lr 9.684e-04 | 1372.6 ms/update | 5968 tok/s
[train] 510/4096 | 4177920 tok | loss 6.0558 | lr 9.683e-04 | 1374.8 ms/update | 5959 tok/s
[train] 511/4096 | 4186112 tok | loss 5.4387 | lr 9.682e-04 | 1375.9 ms/update | 5954 tok/s
[train] 512/4096 | 4194304 tok | loss 5.8575 | lr 9.680e-04 | 1380.7 ms/update | 5933 tok/s
[eval] step 512 | val NLL 5.5881 | ppl 267.23 | 65536 tokens
[ckpt] latest.pt @ step 512
[pause] staged gate reached at update 512; resume explicitly from checkpoints/latest.pt
[done] paused_staged | 512/4096 updates | 4194304 tokens | 709.1s
